******************************************************************************
                  TI ARM Linker PC v18.1.4                     
******************************************************************************
>> Linked Tue Jan 15 19:31:41 2019

OUTPUT FILE NAME:   <spi_demo.out>
ENTRY POINT SYMBOL: "_c_int00_noargs"  address: 2000746d


MEMORY CONFIGURATION

         name            origin    length      used     unused   attr    fill
----------------------  --------  ---------  --------  --------  ----  --------
  SRAM_CODE             20004000   00013000  00003b4e  0000f4b2  RW X
  SRAM_DATA             20017000   00019000  000010e6  00017f1a  RW X


SEGMENT ALLOCATION MAP

run origin  load origin   length   init length attrs members
----------  ----------- ---------- ----------- ----- -------
20004000    20004000    00003b50   00003b50    r-x
  20004000    20004000    00000400   00000400    r-- .intvecs
  20004400    20004400    000033a6   000033a6    r-x .text
  200077a8    200077a8    00000368   00000368    r-- .const
  20007b10    20007b10    00000040   00000040    r-- .cinit
20017000    20017000    000008e8   00000000    rw-
  20017000    20017000    00000800   00000000    rw- .sysmem
  20017800    20017800    000000ce   00000000    rw- .bss
  200178d0    200178d0    00000018   00000000    rw- .data
2002f800    2002f800    00000800   00000000    rw-
  2002f800    2002f800    00000800   00000000    rw- .stack


SECTION ALLOCATION MAP

 output                                  attributes/
section   page    origin      length       input sections
--------  ----  ----------  ----------   ----------------
.intvecs   0    20004000    00000400     
                  20004000    00000400     startup_ccs.obj (.intvecs)

.init_array 
*          0    20004000    00000000     UNINITIALIZED

.text      0    20004400    000033a6     
                  20004400    00000a4a     rtsv7M4_T_le_eabi.lib : _printfi.c.obj (.text:__TI_printfi)
                  20004e4a    00000002                           : _lock.c.obj (.text:_nop)
                  20004e4c    0000038c     main.obj (.text)
                  200051d8    00000280     uart_if.obj (.text)
                  20005458    00000268     rtsv7M4_T_le_eabi.lib : _printfi.c.obj (.text:_pconv_a)
                  200056c0    000001cc                           : _printfi.c.obj (.text:_pconv_g)
                  2000588c    000001b6                           : fd_add_t2.asm.obj (.text)
                  20005a42    00000002                           : div0.asm.obj (.text)
                  20005a44    00000178     driverlib.a : prcm.obj (.text:PRCMCC3200MCUInit)
                  20005bbc    0000013c     rtsv7M4_T_le_eabi.lib : _printfi.c.obj (.text:_pconv_e)
                  20005cf8    00000136                           : fd_div_t2.asm.obj (.text)
                  20005e2e    00000002     --HOLE-- [fill = 0]
                  20005e30    00000120                           : _printfi.c.obj (.text:fcvt)
                  20005f50    00000114                           : memory.c.obj (.text:realloc)
                  20006064    000000fc                           : fd_mul_t2.asm.obj (.text)
                  20006160    000000d8                           : memory.c.obj (.text:free)
                  20006238    000000d0     driverlib.a : spi.obj (.text:SPITransfer32)
                  20006308    000000d0     rtsv7M4_T_le_eabi.lib : s_scalbn.c.obj (.text:scalbn)
                  200063d8    000000ce     driverlib.a : spi.obj (.text:SPITransfer16)
                  200064a6    000000b8                 : spi.obj (.text:SPITransfer8)
                  2000655e    00000002     --HOLE-- [fill = 0]
                  20006560    000000b1     rtsv7M4_T_le_eabi.lib : _printfi.c.obj (.text:_ltostr)
                  20006611    00000003     --HOLE-- [fill = 0]
                  20006614    000000a8     driverlib.a : interrupt.obj (.text:IntEnable)
                  200066bc    000000a0                 : spi.obj (.text:SPIConfigSetExpClk)
                  2000675c    0000009c     rtsv7M4_T_le_eabi.lib : memcpy_t2.asm.obj (.text)
                  200067f8    00000096                           : ull_div_t2.asm.obj (.text)
                  2000688e    00000002     --HOLE-- [fill = 0]
                  20006890    00000094     driverlib.a : prcm.obj (.text:PRCMPeripheralClockGet)
                  20006924    00000088                 : pin.obj (.text:PinConfigSet)
                  200069ac    00000088                 : spi.obj (.text:SPITransfer)
                  20006a34    00000086     rtsv7M4_T_le_eabi.lib : fd_cmp_t2.asm.obj (.text:__aeabi_cdcmple)
                  20006aba    00000086                           : fd_cmp_t2.asm.obj (.text:__aeabi_cdrcmple)
                  20006b40    0000007c     driverlib.a : spi.obj (.text:SPIIntStatus)
                  20006bbc    0000007a     rtsv7M4_T_le_eabi.lib : memset_t2.asm.obj (.text)
                  20006c36    00000002     --HOLE-- [fill = 0]
                  20006c38    00000078                           : memory.c.obj (.text:malloc)
                  20006cb0    00000076     driverlib.a : uart.obj (.text:UARTConfigSetExpClk)
                  20006d26    0000006e     rtsv7M4_T_le_eabi.lib : _printfi.c.obj (.text:_mcpy)
                  20006d94    00000068                           : copy_decompress_lzss.c.obj (.text:decompress:lzss:__TI_decompress_lzss)
                  20006dfc    0000005c                           : s_frexp.c.obj (.text:frexp)
                  20006e58    00000058     driverlib.a : prcm.obj (.text:PRCMPeripheralReset)
                  20006eb0    00000056     rtsv7M4_T_le_eabi.lib : _printfi.c.obj (.text:_pconv_f)
                  20006f06    00000054                           : ltoa.c.obj (.text:ltoa)
                  20006f5a    00000052                           : _printfi.c.obj (.text:_ecpy)
                  20006fac    0000004c     driverlib.a : spi.obj (.text:SPIIntEnable)
                  20006ff8    0000004c                 : spi.obj (.text:SPIIntNumberGet)
                  20007044    0000004c     rtsv7M4_T_le_eabi.lib : atoi.c.obj (.text:atoi)
                  20007090    00000048     driverlib.a : spi.obj (.text:SPIIntClear)
                  200070d8    00000048     rtsv7M4_T_le_eabi.lib : fd_toi_t2.asm.obj (.text)
                  20007120    00000044     driverlib.a : spi.obj (.text:SPIDmaMaskGet)
                  20007164    00000044     rtsv7M4_T_le_eabi.lib : autoinit.c.obj (.text:__TI_auto_init_nobinit_nopinit:__TI_auto_init_nobinit_nopinit)
                  200071a8    00000044     pinmux.obj (.text)
                  200071ec    00000040     driverlib.a : pin.obj (.text:PinModeSet)
                  2000722c    00000040     rtsv7M4_T_le_eabi.lib : vsnprintf.c.obj (.text:vsnprintf)
                  2000726c    0000003e                           : _printfi.c.obj (.text:_fcpy)
                  200072aa    00000002     --HOLE-- [fill = 0]
                  200072ac    0000003c     driverlib.a : prcm.obj (.text:PRCMPeripheralClkEnable)
                  200072e8    0000003c     rtsv7M4_T_le_eabi.lib : memory.c.obj (.text:minsert)
                  20007324    00000038                           : memory.c.obj (.text:minit)
                  2000735c    00000030     driverlib.a : uart.obj (.text:UARTDisable)
                  2000738c    00000030     rtsv7M4_T_le_eabi.lib : vsnprintf.c.obj (.text:_outs)
                  200073bc    0000002e                           : i_tofd_t2.asm.obj (.text)
                  200073ea    00000002     --HOLE-- [fill = 0]
                  200073ec    0000002c     driverlib.a : prcm.obj (.text:PRCMSysResetCauseGet)
                  20007418    0000002a                 : spi.obj (.text:SPIDataGetNonBlocking)
                  20007442    00000002     --HOLE-- [fill = 0]
                  20007444    00000028                 : prcm.obj (.text:PRCMPeripheralClkDisable)
                  2000746c    00000028     rtsv7M4_T_le_eabi.lib : boot_cortex_m.c.obj (.text:_c_int00_noargs:_c_int00_noargs)
                  20007494    00000028                           : memory.c.obj (.text:mremove)
                  200074bc    00000024     driverlib.a : uart.obj (.text:UARTEnable)
                  200074e0    00000024     rtsv7M4_T_le_eabi.lib : memmov.c.obj (.text:memmove)
                  20007504    00000022     driverlib.a : spi.obj (.text:SPIReset)
                  20007526    00000002     --HOLE-- [fill = 0]
                  20007528    00000020                 : interrupt.obj (.text:IntRegister)
                  20007548    00000020                 : spi.obj (.text:SPIDataGet)
                  20007568    0000001e                 : spi.obj (.text:SPIDataPut)
                  20007586    0000001e                 : spi.obj (.text:SPIIntRegister)
                  200075a4    0000001e                 : uart.obj (.text:UARTCharPut)
                  200075c2    0000001c                 : uart.obj (.text:UARTCharGetNonBlocking)
                  200075de    0000001c     rtsv7M4_T_le_eabi.lib : memccpy.c.obj (.text:memccpy)
                  200075fa    0000001a     driverlib.a : pin.obj (.text:PinTypeSPI)
                  20007614    0000001a                 : pin.obj (.text:PinTypeUART)
                  2000762e    00000018                 : spi.obj (.text:SPICSDisable)
                  20007646    00000018                 : spi.obj (.text:SPICSEnable)
                  2000765e    00000018                 : spi.obj (.text:SPIEnable)
                  20007676    00000018                 : uart.obj (.text:UARTCharsAvail)
                  2000768e    00000018     rtsv7M4_T_le_eabi.lib : vsnprintf.c.obj (.text:_outc)
                  200076a6    00000016     driverlib.a : prcm.obj (.text:PRCMHIBRegRead)
                  200076bc    00000016                 : prcm.obj (.text:PRCMHIBRegWrite)
                  200076d2    00000016                 : uart.obj (.text:UARTCharGet)
                  200076e8    00000016     rtsv7M4_T_le_eabi.lib : strchr.c.obj (.text:strchr)
                  200076fe    00000014     driverlib.a : cpu.obj (.text:CPUcpsie)
                  20007712    00000002     --HOLE-- [fill = 0]
                  20007714    00000014                 : interrupt.obj (.text:IntVTableBaseSet)
                  20007728    00000014     rtsv7M4_T_le_eabi.lib : strlen.c.obj (.text:strlen)
                  2000773c    00000012                           : copy_zero_init.c.obj (.text:decompress:ZI:__TI_zero_init_nomemset:__TI_zero_init_nomemset)
                  2000774e    00000012                           : wcslen.c.obj (.text:wcslen)
                  20007760    0000000e                           : copy_decompress_none.c.obj (.text:decompress:none:__TI_decompress_none)
                  2000776e    0000000e     startup_ccs.obj (.text)
                  2000777c    0000000a     driverlib.a : interrupt.obj (.text:IntMasterEnable)
                  20007786    00000002     --HOLE-- [fill = 0]
                  20007788    00000008     rtsv7M4_T_le_eabi.lib : errno.c.obj (.text:__aeabi_errno_addr)
                  20007790    00000008                           : s_copysign.c.obj (.text:copysign)
                  20007798    00000006     driverlib.a : utils.obj (.text:UtilsDelay)
                  2000779e    00000004     rtsv7M4_T_le_eabi.lib : pre_init.c.obj (.text:_system_pre_init)
                  200077a2    00000004                           : exit.c.obj (.text:abort:abort)

.const     0    200077a8    00000368     
                  200077a8    00000101     rtsv7M4_T_le_eabi.lib : ctype.c.obj (.const:.string:_ctypes_)
                  200078a9    00000003     --HOLE-- [fill = 0]
                  200078ac    00000100     driverlib.a : pin.obj (.const:g_ulPinToPadMap)
                  200079ac    000000a8                 : prcm.obj (.const:PRCM_PeriphRegsList)
                  20007a54    00000080                 : interrupt.obj (.const)
                  20007ad4    00000024                 : spi.obj (.const:g_ppulSPIIntMap)
                  20007af8    00000018                 : spi.obj (.const)

.cinit     0    20007b10    00000040     
                  20007b10    0000001a     (.cinit..data.load) [load image, compression = lzss]
                  20007b2a    00000002     --HOLE-- [fill = 0]
                  20007b2c    0000000c     (__TI_handler_table)
                  20007b38    00000008     (.cinit..bss.load) [load image, compression = zero_init]
                  20007b40    00000010     (__TI_cinit_table)

.sysmem    0    20017000    00000800     UNINITIALIZED
                  20017000    00000008     rtsv7M4_T_le_eabi.lib : memory.c.obj (.sysmem)
                  20017008    000007f8     --HOLE--

.bss       0    20017800    000000ce     UNINITIALIZED
                  20017800    00000064     main.obj (.bss:g_ucRxBuff)
                  20017864    00000064     main.obj (.bss:g_ucTxBuff)
                  200178c8    00000004     uart_if.obj (.bss)
                  200178cc    00000002     main.obj (.bss)

.data      0    200178d0    00000018     UNINITIALIZED
                  200178d0    0000000c     rtsv7M4_T_le_eabi.lib : memory.c.obj (.data:$O1$$)
                  200178dc    00000008                           : _lock.c.obj (.data:$O1$$)
                  200178e4    00000004                           : errno.c.obj (.data)

.stack     0    2002f800    00000800     UNINITIALIZED
                  2002f800    00000004     rtsv7M4_T_le_eabi.lib : boot_cortex_m.c.obj (.stack)
                  2002f804    000007fc     --HOLE--

MODULE SUMMARY

       Module                       code    ro data   rw data
       ------                       ----    -------   -------
    .\
       main.obj                     908     0         202    
       startup_ccs.obj              14      1024      0      
       uart_if.obj                  640     0         4      
       pinmux.obj                   68      0         0      
    +--+----------------------------+-------+---------+---------+
       Total:                       1630    1024      206    
                                                             
    C:/ti/CC3200SDK_1.3.0/cc3200-sdk/driverlib/ccs/Release/driverlib.a
       spi.obj                      1550    60        0      
       prcm.obj                     800     168       0      
       pin.obj                      252     256       0      
       interrupt.obj                230     128       0      
       uart.obj                     306     0         0      
       cpu.obj                      20      0         0      
       utils.obj                    6       0         0      
    +--+----------------------------+-------+---------+---------+
       Total:                       3164    612       0      
                                                             
    C:\ti\ccsv8\tools\compiler\ti-cgt-arm_18.1.4.LTS\lib\rtsv7M4_T_le_eabi.lib
       _printfi.c.obj               4831    0         0      
       memory.c.obj                 768     0         12     
       fd_add_t2.asm.obj            438     0         0      
       fd_div_t2.asm.obj            310     0         0      
       fd_cmp_t2.asm.obj            268     0         0      
       ctype.c.obj                  0       257       0      
       fd_mul_t2.asm.obj            252     0         0      
       s_scalbn.c.obj               208     0         0      
       memcpy_t2.asm.obj            156     0         0      
       ull_div_t2.asm.obj           150     0         0      
       vsnprintf.c.obj              136     0         0      
       memset_t2.asm.obj            122     0         0      
       copy_decompress_lzss.c.obj   104     0         0      
       s_frexp.c.obj                92      0         0      
       ltoa.c.obj                   84      0         0      
       atoi.c.obj                   76      0         0      
       fd_toi_t2.asm.obj            72      0         0      
       autoinit.c.obj               68      0         0      
       i_tofd_t2.asm.obj            46      0         0      
       boot_cortex_m.c.obj          40      0         0      
       memmov.c.obj                 36      0         0      
       memccpy.c.obj                28      0         0      
       strchr.c.obj                 22      0         0      
       strlen.c.obj                 20      0         0      
       copy_zero_init.c.obj         18      0         0      
       wcslen.c.obj                 18      0         0      
       copy_decompress_none.c.obj   14      0         0      
       errno.c.obj                  8       0         4      
       _lock.c.obj                  2       0         8      
       s_copysign.c.obj             8       0         0      
       exit.c.obj                   4       0         0      
       pre_init.c.obj               4       0         0      
       div0.asm.obj                 2       0         0      
    +--+----------------------------+-------+---------+---------+
       Total:                       8405    257       24     
                                                             
       Heap:                        0       0         2048   
       Stack:                       0       0         2048   
       Linker Generated:            0       62        0      
    +--+----------------------------+-------+---------+---------+
       Grand Total:                 13199   1955      4326   


LINKER GENERATED COPY TABLES

__TI_cinit_table @ 20007b40 records: 2, size/record: 8, table size: 16
	.data: load addr=20007b10, load size=0000001a bytes, run addr=200178d0, run size=00000018 bytes, compression=lzss
	.bss: load addr=20007b38, load size=00000008 bytes, run addr=20017800, run size=000000ce bytes, compression=zero_init


LINKER GENERATED HANDLER TABLE

__TI_handler_table @ 20007b2c records: 3, size/record: 4, table size: 12
	index: 0, handler: __TI_decompress_lzss
	index: 1, handler: __TI_decompress_none
	index: 2, handler: __TI_zero_init


GLOBAL SYMBOLS: SORTED ALPHABETICALLY BY Name 

address   name                          
-------   ----                          
200077a3  C$$EXIT                       
200076ff  CPUcpsie                      
20005219  ClearTerm                     
20005223  Error                         
2000525b  GetCmd                        
200051d9  InitTerm                      
20006615  IntEnable                     
2000777d  IntMasterEnable               
20007529  IntRegister                   
20007715  IntVTableBaseSet              
20004ebd  MasterMain                    
200051f7  Message                       
20005a45  PRCMCC3200MCUInit             
200076a7  PRCMHIBRegRead                
200076bd  PRCMHIBRegWrite               
20007445  PRCMPeripheralClkDisable      
200072ad  PRCMPeripheralClkEnable       
20006891  PRCMPeripheralClockGet        
20006e59  PRCMPeripheralReset           
200073ed  PRCMSysResetCauseGet          
20006925  PinConfigSet                  
200071ed  PinModeSet                    
200071a9  PinMuxConfig                  
200075fb  PinTypeSPI                    
20007615  PinTypeUART                   
20005399  Report                        
2000776f  ResetISR                      
2000762f  SPICSDisable                  
20007647  SPICSEnable                   
200066bd  SPIConfigSetExpClk            
20007549  SPIDataGet                    
20007419  SPIDataGetNonBlocking         
20007569  SPIDataPut                    
2000765f  SPIEnable                     
20007091  SPIIntClear                   
20006fad  SPIIntEnable                  
20007587  SPIIntRegister                
20006b41  SPIIntStatus                  
20007505  SPIReset                      
200069ad  SPITransfer                   
20004f7b  SlaveMain                     
20005301  TrimSpace                     
200076d3  UARTCharGet                   
200075c3  UARTCharGetNonBlocking        
200075a5  UARTCharPut                   
20007677  UARTCharsAvail                
20006cb1  UARTConfigSetExpClk           
2000735d  UARTDisable                   
200074bd  UARTEnable                    
20007799  UtilsDelay                    
20030000  __STACK_END                   
00000800  __STACK_SIZE                  
00000800  __SYSMEM_SIZE                 
20007b40  __TI_CINIT_Base               
20007b50  __TI_CINIT_Limit              
20007b2c  __TI_Handler_Table_Base       
20007b38  __TI_Handler_Table_Limit      
20007165  __TI_auto_init_nobinit_nopinit
20006d95  __TI_decompress_lzss          
20007761  __TI_decompress_none          
ffffffff  __TI_pprof_out_hndl           
20004401  __TI_printfi                  
ffffffff  __TI_prof_data_size           
ffffffff  __TI_prof_data_start          
20007b10  __TI_static_base__            
2000773d  __TI_zero_init_nomemset       
20006a35  __aeabi_cdcmpeq               
20006a35  __aeabi_cdcmple               
20006abb  __aeabi_cdrcmple              
200070d9  __aeabi_d2iz                  
20005897  __aeabi_dadd                  
20005cf9  __aeabi_ddiv                  
20006065  __aeabi_dmul                  
2000588d  __aeabi_dsub                  
20007789  __aeabi_errno_addr            
200073bd  __aeabi_i2d                   
20005a43  __aeabi_idiv0                 
20005a43  __aeabi_ldiv0                 
20006bbd  __aeabi_memclr                
20006bbd  __aeabi_memclr4               
20006bbd  __aeabi_memclr8               
2000675d  __aeabi_memcpy                
2000675d  __aeabi_memcpy4               
2000675d  __aeabi_memcpy8               
20006bbf  __aeabi_memset                
20006bbf  __aeabi_memset4               
20006bbf  __aeabi_memset8               
200067f9  __aeabi_uldivmod              
ffffffff  __binit__                     
ffffffff  __c_args__                    
UNDEFED   __mpu_init                    
2002f800  __stack                       
2000746d  _c_int00_noargs               
200077a8  _ctypes_                      
200178dc  _lock                         
20004e4b  _nop                          
20017000  _sys_memory                   
UNDEFED   _system_post_cinit            
2000779f  _system_pre_init              
200178e0  _unlock                       
200077a3  abort                         
20007045  atoi                          
ffffffff  binit                         
20007791  copysign                      
20007791  copysignl                     
200178e4  errno                         
20006161  free                          
20006dfd  frexp                         
20006dfd  frexpl                        
20004000  g_pfnVectors                  
20006309  ldexp                         
20006309  ldexpl                        
20006f07  ltoa                          
20004feb  main                          
20006c39  malloc                        
200075df  memccpy                       
2000675d  memcpy                        
200074e1  memmove                       
20006bc5  memset                        
20007325  minit                         
20005f51  realloc                       
20006309  scalbn                        
20006309  scalbnl                       
200076e9  strchr                        
20007729  strlen                        
2000722d  vsnprintf                     
2000774f  wcslen                        


GLOBAL SYMBOLS: SORTED BY Symbol Address 

address   name                          
-------   ----                          
00000800  __STACK_SIZE                  
00000800  __SYSMEM_SIZE                 
20004000  g_pfnVectors                  
20004401  __TI_printfi                  
20004e4b  _nop                          
20004ebd  MasterMain                    
20004f7b  SlaveMain                     
20004feb  main                          
200051d9  InitTerm                      
200051f7  Message                       
20005219  ClearTerm                     
20005223  Error                         
2000525b  GetCmd                        
20005301  TrimSpace                     
20005399  Report                        
2000588d  __aeabi_dsub                  
20005897  __aeabi_dadd                  
20005a43  __aeabi_idiv0                 
20005a43  __aeabi_ldiv0                 
20005a45  PRCMCC3200MCUInit             
20005cf9  __aeabi_ddiv                  
20005f51  realloc                       
20006065  __aeabi_dmul                  
20006161  free                          
20006309  ldexp                         
20006309  ldexpl                        
20006309  scalbn                        
20006309  scalbnl                       
20006615  IntEnable                     
200066bd  SPIConfigSetExpClk            
2000675d  __aeabi_memcpy                
2000675d  __aeabi_memcpy4               
2000675d  __aeabi_memcpy8               
2000675d  memcpy                        
200067f9  __aeabi_uldivmod              
20006891  PRCMPeripheralClockGet        
20006925  PinConfigSet                  
200069ad  SPITransfer                   
20006a35  __aeabi_cdcmpeq               
20006a35  __aeabi_cdcmple               
20006abb  __aeabi_cdrcmple              
20006b41  SPIIntStatus                  
20006bbd  __aeabi_memclr                
20006bbd  __aeabi_memclr4               
20006bbd  __aeabi_memclr8               
20006bbf  __aeabi_memset                
20006bbf  __aeabi_memset4               
20006bbf  __aeabi_memset8               
20006bc5  memset                        
20006c39  malloc                        
20006cb1  UARTConfigSetExpClk           
20006d95  __TI_decompress_lzss          
20006dfd  frexp                         
20006dfd  frexpl                        
20006e59  PRCMPeripheralReset           
20006f07  ltoa                          
20006fad  SPIIntEnable                  
20007045  atoi                          
20007091  SPIIntClear                   
200070d9  __aeabi_d2iz                  
20007165  __TI_auto_init_nobinit_nopinit
200071a9  PinMuxConfig                  
200071ed  PinModeSet                    
2000722d  vsnprintf                     
200072ad  PRCMPeripheralClkEnable       
20007325  minit                         
2000735d  UARTDisable                   
200073bd  __aeabi_i2d                   
200073ed  PRCMSysResetCauseGet          
20007419  SPIDataGetNonBlocking         
20007445  PRCMPeripheralClkDisable      
2000746d  _c_int00_noargs               
200074bd  UARTEnable                    
200074e1  memmove                       
20007505  SPIReset                      
20007529  IntRegister                   
20007549  SPIDataGet                    
20007569  SPIDataPut                    
20007587  SPIIntRegister                
200075a5  UARTCharPut                   
200075c3  UARTCharGetNonBlocking        
200075df  memccpy                       
200075fb  PinTypeSPI                    
20007615  PinTypeUART                   
2000762f  SPICSDisable                  
20007647  SPICSEnable                   
2000765f  SPIEnable                     
20007677  UARTCharsAvail                
200076a7  PRCMHIBRegRead                
200076bd  PRCMHIBRegWrite               
200076d3  UARTCharGet                   
200076e9  strchr                        
200076ff  CPUcpsie                      
20007715  IntVTableBaseSet              
20007729  strlen                        
2000773d  __TI_zero_init_nomemset       
2000774f  wcslen                        
20007761  __TI_decompress_none          
2000776f  ResetISR                      
2000777d  IntMasterEnable               
20007789  __aeabi_errno_addr            
20007791  copysign                      
20007791  copysignl                     
20007799  UtilsDelay                    
2000779f  _system_pre_init              
200077a3  C$$EXIT                       
200077a3  abort                         
200077a8  _ctypes_                      
20007b10  __TI_static_base__            
20007b2c  __TI_Handler_Table_Base       
20007b38  __TI_Handler_Table_Limit      
20007b40  __TI_CINIT_Base               
20007b50  __TI_CINIT_Limit              
20017000  _sys_memory                   
200178dc  _lock                         
200178e0  _unlock                       
200178e4  errno                         
2002f800  __stack                       
20030000  __STACK_END                   
ffffffff  __TI_pprof_out_hndl           
ffffffff  __TI_prof_data_size           
ffffffff  __TI_prof_data_start          
ffffffff  __binit__                     
ffffffff  __c_args__                    
ffffffff  binit                         
UNDEFED   __mpu_init                    
UNDEFED   _system_post_cinit            

[127 symbols]
