<?xml version="1.0" encoding="ISO-8859-1" ?>
<link_info>
   <banner>TI ARM Linker PC v18.1.4.LTS</banner>
   <copyright>Copyright (c) 1996-2018 Texas Instruments Incorporated</copyright>
   <link_time>0x5c3e9522</link_time>
   <link_errors>0x0</link_errors>
   <output_file>Lab1.out</output_file>
   <entry_point>
      <name>_c_int00_noargs</name>
      <address>0x2000747d</address>
   </entry_point>
   <input_file_list>
      <input_file id="fl-2">
         <path>.\</path>
         <kind>object</kind>
         <file>gpio_if.obj</file>
         <name>gpio_if.obj</name>
      </input_file>
      <input_file id="fl-3">
         <path>.\</path>
         <kind>object</kind>
         <file>main.obj</file>
         <name>main.obj</name>
      </input_file>
      <input_file id="fl-4">
         <path>.\</path>
         <kind>object</kind>
         <file>pin_mux_config.obj</file>
         <name>pin_mux_config.obj</name>
      </input_file>
      <input_file id="fl-5">
         <path>.\</path>
         <kind>object</kind>
         <file>startup_ccs.obj</file>
         <name>startup_ccs.obj</name>
      </input_file>
      <input_file id="fl-6">
         <path>.\</path>
         <kind>object</kind>
         <file>uart_if.obj</file>
         <name>uart_if.obj</name>
      </input_file>
      <input_file id="fl-b">
         <kind>object</kind>
         <file>&lt;internal&gt;</file>
         <name>&lt;internal&gt;</name>
      </input_file>
      <input_file id="fl-c1">
         <path>C:\ti\ccsv8\tools\compiler\ti-cgt-arm_18.1.4.LTS\lib\</path>
         <kind>archive</kind>
         <file>rtsv7M4_T_le_eabi.lib</file>
         <name>copy_zero_init.c.obj</name>
      </input_file>
      <input_file id="fl-c2">
         <path>C:\ti\ccsv8\tools\compiler\ti-cgt-arm_18.1.4.LTS\lib\</path>
         <kind>archive</kind>
         <file>rtsv7M4_T_le_eabi.lib</file>
         <name>copy_decompress_none.c.obj</name>
      </input_file>
      <input_file id="fl-c3">
         <path>C:\ti\ccsv8\tools\compiler\ti-cgt-arm_18.1.4.LTS\lib\</path>
         <kind>archive</kind>
         <file>rtsv7M4_T_le_eabi.lib</file>
         <name>copy_decompress_lzss.c.obj</name>
      </input_file>
      <input_file id="fl-c4">
         <path>C:\ti\ccsv8\tools\compiler\ti-cgt-arm_18.1.4.LTS\lib\</path>
         <kind>archive</kind>
         <file>rtsv7M4_T_le_eabi.lib</file>
         <name>boot_cortex_m.c.obj</name>
      </input_file>
      <input_file id="fl-c5">
         <path>C:\ti\ccsv8\tools\compiler\ti-cgt-arm_18.1.4.LTS\lib\</path>
         <kind>archive</kind>
         <file>rtsv7M4_T_le_eabi.lib</file>
         <name>exit.c.obj</name>
      </input_file>
      <input_file id="fl-c6">
         <path>C:\ti\ccsv8\tools\compiler\ti-cgt-arm_18.1.4.LTS\lib\</path>
         <kind>archive</kind>
         <file>rtsv7M4_T_le_eabi.lib</file>
         <name>memory.c.obj</name>
      </input_file>
      <input_file id="fl-c7">
         <path>C:\ti\ccsv8\tools\compiler\ti-cgt-arm_18.1.4.LTS\lib\</path>
         <kind>archive</kind>
         <file>rtsv7M4_T_le_eabi.lib</file>
         <name>_lock.c.obj</name>
      </input_file>
      <input_file id="fl-c8">
         <path>C:\ti\ccsv8\tools\compiler\ti-cgt-arm_18.1.4.LTS\lib\</path>
         <kind>archive</kind>
         <file>rtsv7M4_T_le_eabi.lib</file>
         <name>args_main.c.obj</name>
      </input_file>
      <input_file id="fl-c9">
         <path>C:\ti\ccsv8\tools\compiler\ti-cgt-arm_18.1.4.LTS\lib\</path>
         <kind>archive</kind>
         <file>rtsv7M4_T_le_eabi.lib</file>
         <name>memmov.c.obj</name>
      </input_file>
      <input_file id="fl-ca">
         <path>C:\ti\ccsv8\tools\compiler\ti-cgt-arm_18.1.4.LTS\lib\</path>
         <kind>archive</kind>
         <file>rtsv7M4_T_le_eabi.lib</file>
         <name>strlen.c.obj</name>
      </input_file>
      <input_file id="fl-cb">
         <path>C:\ti\ccsv8\tools\compiler\ti-cgt-arm_18.1.4.LTS\lib\</path>
         <kind>archive</kind>
         <file>rtsv7M4_T_le_eabi.lib</file>
         <name>vsnprintf.c.obj</name>
      </input_file>
      <input_file id="fl-cc">
         <path>C:\ti\ccsv8\tools\compiler\ti-cgt-arm_18.1.4.LTS\lib\</path>
         <kind>archive</kind>
         <file>rtsv7M4_T_le_eabi.lib</file>
         <name>memcpy_t2.asm.obj</name>
      </input_file>
      <input_file id="fl-cd">
         <path>C:\ti\ccsv8\tools\compiler\ti-cgt-arm_18.1.4.LTS\lib\</path>
         <kind>archive</kind>
         <file>rtsv7M4_T_le_eabi.lib</file>
         <name>memset_t2.asm.obj</name>
      </input_file>
      <input_file id="fl-ce">
         <path>C:\ti\ccsv8\tools\compiler\ti-cgt-arm_18.1.4.LTS\lib\</path>
         <kind>archive</kind>
         <file>rtsv7M4_T_le_eabi.lib</file>
         <name>autoinit.c.obj</name>
      </input_file>
      <input_file id="fl-cf">
         <path>C:\ti\ccsv8\tools\compiler\ti-cgt-arm_18.1.4.LTS\lib\</path>
         <kind>archive</kind>
         <file>rtsv7M4_T_le_eabi.lib</file>
         <name>pre_init.c.obj</name>
      </input_file>
      <input_file id="fl-d0">
         <path>C:\ti\ccsv8\tools\compiler\ti-cgt-arm_18.1.4.LTS\lib\</path>
         <kind>archive</kind>
         <file>rtsv7M4_T_le_eabi.lib</file>
         <name>cpy_tbl.c.obj</name>
      </input_file>
      <input_file id="fl-d1">
         <path>C:\ti\ccsv8\tools\compiler\ti-cgt-arm_18.1.4.LTS\lib\</path>
         <kind>archive</kind>
         <file>rtsv7M4_T_le_eabi.lib</file>
         <name>_printfi.c.obj</name>
      </input_file>
      <input_file id="fl-d2">
         <path>C:\ti\ccsv8\tools\compiler\ti-cgt-arm_18.1.4.LTS\lib\</path>
         <kind>archive</kind>
         <file>rtsv7M4_T_le_eabi.lib</file>
         <name>atoi.c.obj</name>
      </input_file>
      <input_file id="fl-d3">
         <path>C:\ti\ccsv8\tools\compiler\ti-cgt-arm_18.1.4.LTS\lib\</path>
         <kind>archive</kind>
         <file>rtsv7M4_T_le_eabi.lib</file>
         <name>ctype.c.obj</name>
      </input_file>
      <input_file id="fl-d4">
         <path>C:\ti\ccsv8\tools\compiler\ti-cgt-arm_18.1.4.LTS\lib\</path>
         <kind>archive</kind>
         <file>rtsv7M4_T_le_eabi.lib</file>
         <name>ltoa.c.obj</name>
      </input_file>
      <input_file id="fl-d5">
         <path>C:\ti\ccsv8\tools\compiler\ti-cgt-arm_18.1.4.LTS\lib\</path>
         <kind>archive</kind>
         <file>rtsv7M4_T_le_eabi.lib</file>
         <name>memccpy.c.obj</name>
      </input_file>
      <input_file id="fl-d6">
         <path>C:\ti\ccsv8\tools\compiler\ti-cgt-arm_18.1.4.LTS\lib\</path>
         <kind>archive</kind>
         <file>rtsv7M4_T_le_eabi.lib</file>
         <name>strchr.c.obj</name>
      </input_file>
      <input_file id="fl-d7">
         <path>C:\ti\ccsv8\tools\compiler\ti-cgt-arm_18.1.4.LTS\lib\</path>
         <kind>archive</kind>
         <file>rtsv7M4_T_le_eabi.lib</file>
         <name>wcslen.c.obj</name>
      </input_file>
      <input_file id="fl-d8">
         <path>C:\ti\ccsv8\tools\compiler\ti-cgt-arm_18.1.4.LTS\lib\</path>
         <kind>archive</kind>
         <file>rtsv7M4_T_le_eabi.lib</file>
         <name>s_frexp.c.obj</name>
      </input_file>
      <input_file id="fl-d9">
         <path>C:\ti\ccsv8\tools\compiler\ti-cgt-arm_18.1.4.LTS\lib\</path>
         <kind>archive</kind>
         <file>rtsv7M4_T_le_eabi.lib</file>
         <name>s_scalbn.c.obj</name>
      </input_file>
      <input_file id="fl-da">
         <path>C:\ti\ccsv8\tools\compiler\ti-cgt-arm_18.1.4.LTS\lib\</path>
         <kind>archive</kind>
         <file>rtsv7M4_T_le_eabi.lib</file>
         <name>fd_add_t2.asm.obj</name>
      </input_file>
      <input_file id="fl-db">
         <path>C:\ti\ccsv8\tools\compiler\ti-cgt-arm_18.1.4.LTS\lib\</path>
         <kind>archive</kind>
         <file>rtsv7M4_T_le_eabi.lib</file>
         <name>fd_cmp_t2.asm.obj</name>
      </input_file>
      <input_file id="fl-dc">
         <path>C:\ti\ccsv8\tools\compiler\ti-cgt-arm_18.1.4.LTS\lib\</path>
         <kind>archive</kind>
         <file>rtsv7M4_T_le_eabi.lib</file>
         <name>fd_div_t2.asm.obj</name>
      </input_file>
      <input_file id="fl-dd">
         <path>C:\ti\ccsv8\tools\compiler\ti-cgt-arm_18.1.4.LTS\lib\</path>
         <kind>archive</kind>
         <file>rtsv7M4_T_le_eabi.lib</file>
         <name>fd_mul_t2.asm.obj</name>
      </input_file>
      <input_file id="fl-de">
         <path>C:\ti\ccsv8\tools\compiler\ti-cgt-arm_18.1.4.LTS\lib\</path>
         <kind>archive</kind>
         <file>rtsv7M4_T_le_eabi.lib</file>
         <name>fd_toi_t2.asm.obj</name>
      </input_file>
      <input_file id="fl-df">
         <path>C:\ti\ccsv8\tools\compiler\ti-cgt-arm_18.1.4.LTS\lib\</path>
         <kind>archive</kind>
         <file>rtsv7M4_T_le_eabi.lib</file>
         <name>i_tofd_t2.asm.obj</name>
      </input_file>
      <input_file id="fl-e0">
         <path>C:\ti\ccsv8\tools\compiler\ti-cgt-arm_18.1.4.LTS\lib\</path>
         <kind>archive</kind>
         <file>rtsv7M4_T_le_eabi.lib</file>
         <name>ull_div_t2.asm.obj</name>
      </input_file>
      <input_file id="fl-e1">
         <path>C:\ti\ccsv8\tools\compiler\ti-cgt-arm_18.1.4.LTS\lib\</path>
         <kind>archive</kind>
         <file>rtsv7M4_T_le_eabi.lib</file>
         <name>errno.c.obj</name>
      </input_file>
      <input_file id="fl-e2">
         <path>C:\ti\ccsv8\tools\compiler\ti-cgt-arm_18.1.4.LTS\lib\</path>
         <kind>archive</kind>
         <file>rtsv7M4_T_le_eabi.lib</file>
         <name>s_copysign.c.obj</name>
      </input_file>
      <input_file id="fl-e3">
         <path>C:\ti\ccsv8\tools\compiler\ti-cgt-arm_18.1.4.LTS\lib\</path>
         <kind>archive</kind>
         <file>rtsv7M4_T_le_eabi.lib</file>
         <name>div0.asm.obj</name>
      </input_file>
      <input_file id="fl-e4">
         <path>C:\TI\CC3200SDK_1.3.0\cc3200-sdk\driverlib\ccs\Release\</path>
         <kind>archive</kind>
         <file>driverlib.a</file>
         <name>gpio.obj</name>
      </input_file>
      <input_file id="fl-e5">
         <path>C:\TI\CC3200SDK_1.3.0\cc3200-sdk\driverlib\ccs\Release\</path>
         <kind>archive</kind>
         <file>driverlib.a</file>
         <name>interrupt.obj</name>
      </input_file>
      <input_file id="fl-e6">
         <path>C:\TI\CC3200SDK_1.3.0\cc3200-sdk\driverlib\ccs\Release\</path>
         <kind>archive</kind>
         <file>driverlib.a</file>
         <name>pin.obj</name>
      </input_file>
      <input_file id="fl-e7">
         <path>C:\TI\CC3200SDK_1.3.0\cc3200-sdk\driverlib\ccs\Release\</path>
         <kind>archive</kind>
         <file>driverlib.a</file>
         <name>prcm.obj</name>
      </input_file>
      <input_file id="fl-e8">
         <path>C:\TI\CC3200SDK_1.3.0\cc3200-sdk\driverlib\ccs\Release\</path>
         <kind>archive</kind>
         <file>driverlib.a</file>
         <name>uart.obj</name>
      </input_file>
      <input_file id="fl-e9">
         <path>C:\TI\CC3200SDK_1.3.0\cc3200-sdk\driverlib\ccs\Release\</path>
         <kind>archive</kind>
         <file>driverlib.a</file>
         <name>utils.obj</name>
      </input_file>
      <input_file id="fl-ea">
         <path>C:\TI\CC3200SDK_1.3.0\cc3200-sdk\driverlib\ccs\Release\</path>
         <kind>archive</kind>
         <file>driverlib.a</file>
         <name>cpu.obj</name>
      </input_file>
      <input_file id="fl-eb">
         <path>C:\TI\CC3200SDK_1.3.0\cc3200-sdk\driverlib\ccs\Release\</path>
         <kind>archive</kind>
         <file>driverlib.a</file>
         <name>flash.obj</name>
      </input_file>
   </input_file_list>
   <object_component_list>
      <object_component id="oc-f">
         <name>.intvecs</name>
         <load_address>0x20004000</load_address>
         <run_address>0x20004000</run_address>
         <size>0x400</size>
         <input_file_ref idref="fl-5"/>
      </object_component>
      <object_component id="oc-23f">
         <name>.text:__TI_printfi</name>
         <load_address>0x20004400</load_address>
         <run_address>0x20004400</run_address>
         <size>0xa4a</size>
         <input_file_ref idref="fl-d1"/>
      </object_component>
      <object_component id="oc-2bd">
         <name>.text:_nop</name>
         <load_address>0x20004e4a</load_address>
         <run_address>0x20004e4a</run_address>
         <size>0x2</size>
         <input_file_ref idref="fl-c7"/>
      </object_component>
      <object_component id="oc-c8">
         <name>.text</name>
         <load_address>0x20004e4c</load_address>
         <run_address>0x20004e4c</run_address>
         <size>0x398</size>
         <input_file_ref idref="fl-2"/>
      </object_component>
      <object_component id="oc-94">
         <name>.text</name>
         <load_address>0x200051e4</load_address>
         <run_address>0x200051e4</run_address>
         <size>0x2d4</size>
         <input_file_ref idref="fl-3"/>
      </object_component>
      <object_component id="oc-c2">
         <name>.text</name>
         <load_address>0x200054b8</load_address>
         <run_address>0x200054b8</run_address>
         <size>0x280</size>
         <input_file_ref idref="fl-6"/>
      </object_component>
      <object_component id="oc-301">
         <name>.text:_pconv_a</name>
         <load_address>0x20005738</load_address>
         <run_address>0x20005738</run_address>
         <size>0x268</size>
         <input_file_ref idref="fl-d1"/>
      </object_component>
      <object_component id="oc-2ef">
         <name>.text:_pconv_g</name>
         <load_address>0x200059a0</load_address>
         <run_address>0x200059a0</run_address>
         <size>0x1cc</size>
         <input_file_ref idref="fl-d1"/>
      </object_component>
      <object_component id="oc-381">
         <name>.text</name>
         <load_address>0x20005b6c</load_address>
         <run_address>0x20005b6c</run_address>
         <size>0x1b6</size>
         <input_file_ref idref="fl-da"/>
      </object_component>
      <object_component id="oc-3d5">
         <name>.text</name>
         <load_address>0x20005d22</load_address>
         <run_address>0x20005d22</run_address>
         <size>0x2</size>
         <input_file_ref idref="fl-e3"/>
      </object_component>
      <object_component id="oc-e7">
         <name>.text:PRCMCC3200MCUInit</name>
         <load_address>0x20005d24</load_address>
         <run_address>0x20005d24</run_address>
         <size>0x178</size>
         <input_file_ref idref="fl-e7"/>
      </object_component>
      <object_component id="oc-2fb">
         <name>.text:_pconv_e</name>
         <load_address>0x20005e9c</load_address>
         <run_address>0x20005e9c</run_address>
         <size>0x13c</size>
         <input_file_ref idref="fl-d1"/>
      </object_component>
      <object_component id="oc-ed">
         <name>.text</name>
         <load_address>0x20005fd8</load_address>
         <run_address>0x20005fd8</run_address>
         <size>0x138</size>
         <input_file_ref idref="fl-4"/>
      </object_component>
      <object_component id="oc-367">
         <name>.text</name>
         <load_address>0x20006110</load_address>
         <run_address>0x20006110</run_address>
         <size>0x136</size>
         <input_file_ref idref="fl-dc"/>
      </object_component>
      <object_component id="oc-393">
         <name>.text:fcvt</name>
         <load_address>0x20006248</load_address>
         <run_address>0x20006248</run_address>
         <size>0x120</size>
         <input_file_ref idref="fl-d1"/>
      </object_component>
      <object_component id="oc-16e">
         <name>.text:realloc</name>
         <load_address>0x20006368</load_address>
         <run_address>0x20006368</run_address>
         <size>0x114</size>
         <input_file_ref idref="fl-c6"/>
      </object_component>
      <object_component id="oc-362">
         <name>.text</name>
         <load_address>0x2000647c</load_address>
         <run_address>0x2000647c</run_address>
         <size>0xfc</size>
         <input_file_ref idref="fl-dd"/>
      </object_component>
      <object_component id="oc-174">
         <name>.text:free</name>
         <load_address>0x20006578</load_address>
         <run_address>0x20006578</run_address>
         <size>0xd8</size>
         <input_file_ref idref="fl-c6"/>
      </object_component>
      <object_component id="oc-3a7">
         <name>.text:scalbn</name>
         <load_address>0x20006650</load_address>
         <run_address>0x20006650</run_address>
         <size>0xd0</size>
         <input_file_ref idref="fl-d9"/>
      </object_component>
      <object_component id="oc-2e4">
         <name>.text:_ltostr</name>
         <load_address>0x20006720</load_address>
         <run_address>0x20006720</run_address>
         <size>0xb1</size>
         <input_file_ref idref="fl-d1"/>
      </object_component>
      <object_component id="oc-e1">
         <name>.text:IntEnable</name>
         <load_address>0x200067d4</load_address>
         <run_address>0x200067d4</run_address>
         <size>0xa8</size>
         <input_file_ref idref="fl-e5"/>
      </object_component>
      <object_component id="oc-3a">
         <name>.text</name>
         <load_address>0x2000687c</load_address>
         <run_address>0x2000687c</run_address>
         <size>0x9c</size>
         <input_file_ref idref="fl-cc"/>
      </object_component>
      <object_component id="oc-35b">
         <name>.text</name>
         <load_address>0x20006918</load_address>
         <run_address>0x20006918</run_address>
         <size>0x96</size>
         <input_file_ref idref="fl-e0"/>
      </object_component>
      <object_component id="oc-138">
         <name>.text:PRCMPeripheralClockGet</name>
         <load_address>0x200069b0</load_address>
         <run_address>0x200069b0</run_address>
         <size>0x94</size>
         <input_file_ref idref="fl-e7"/>
      </object_component>
      <object_component id="oc-2b2">
         <name>.text:PinConfigSet</name>
         <load_address>0x20006a44</load_address>
         <run_address>0x20006a44</run_address>
         <size>0x88</size>
         <input_file_ref idref="fl-e6"/>
      </object_component>
      <object_component id="oc-2ea">
         <name>.text:__aeabi_cdcmple</name>
         <load_address>0x20006acc</load_address>
         <run_address>0x20006acc</run_address>
         <size>0x86</size>
         <input_file_ref idref="fl-db"/>
      </object_component>
      <object_component id="oc-36c">
         <name>.text:__aeabi_cdrcmple</name>
         <load_address>0x20006b52</load_address>
         <run_address>0x20006b52</run_address>
         <size>0x86</size>
         <input_file_ref idref="fl-db"/>
      </object_component>
      <object_component id="oc-189">
         <name>.text:GPIOIntTypeSet</name>
         <load_address>0x20006bd8</load_address>
         <run_address>0x20006bd8</run_address>
         <size>0x82</size>
         <input_file_ref idref="fl-e4"/>
      </object_component>
      <object_component id="oc-88">
         <name>.text</name>
         <load_address>0x20006c5a</load_address>
         <run_address>0x20006c5a</run_address>
         <size>0x7a</size>
         <input_file_ref idref="fl-cd"/>
      </object_component>
      <object_component id="oc-168">
         <name>.text:malloc</name>
         <load_address>0x20006cd4</load_address>
         <run_address>0x20006cd4</run_address>
         <size>0x78</size>
         <input_file_ref idref="fl-c6"/>
      </object_component>
      <object_component id="oc-13e">
         <name>.text:UARTConfigSetExpClk</name>
         <load_address>0x20006d4c</load_address>
         <run_address>0x20006d4c</run_address>
         <size>0x76</size>
         <input_file_ref idref="fl-e8"/>
      </object_component>
      <object_component id="oc-38c">
         <name>.text:_mcpy</name>
         <load_address>0x20006dc2</load_address>
         <run_address>0x20006dc2</run_address>
         <size>0x6e</size>
         <input_file_ref idref="fl-d1"/>
      </object_component>
      <object_component id="oc-12">
         <name>.text:decompress:lzss:__TI_decompress_lzss</name>
         <load_address>0x20006e30</load_address>
         <run_address>0x20006e30</run_address>
         <size>0x68</size>
         <input_file_ref idref="fl-c3"/>
      </object_component>
      <object_component id="oc-3a1">
         <name>.text:frexp</name>
         <load_address>0x20006e98</load_address>
         <run_address>0x20006e98</run_address>
         <size>0x5c</size>
         <input_file_ref idref="fl-d8"/>
      </object_component>
      <object_component id="oc-1e3">
         <name>.text:PRCMPeripheralReset</name>
         <load_address>0x20006ef4</load_address>
         <run_address>0x20006ef4</run_address>
         <size>0x58</size>
         <input_file_ref idref="fl-e7"/>
      </object_component>
      <object_component id="oc-2f5">
         <name>.text:_pconv_f</name>
         <load_address>0x20006f4c</load_address>
         <run_address>0x20006f4c</run_address>
         <size>0x56</size>
         <input_file_ref idref="fl-d1"/>
      </object_component>
      <object_component id="oc-18f">
         <name>.text:IntPrioritySet</name>
         <load_address>0x20006fa4</load_address>
         <run_address>0x20006fa4</run_address>
         <size>0x54</size>
         <input_file_ref idref="fl-e5"/>
      </object_component>
      <object_component id="oc-376">
         <name>.text:ltoa</name>
         <load_address>0x20006ff8</load_address>
         <run_address>0x20006ff8</run_address>
         <size>0x54</size>
         <input_file_ref idref="fl-d4"/>
      </object_component>
      <object_component id="oc-386">
         <name>.text:_ecpy</name>
         <load_address>0x2000704c</load_address>
         <run_address>0x2000704c</run_address>
         <size>0x52</size>
         <input_file_ref idref="fl-d1"/>
      </object_component>
      <object_component id="oc-2de">
         <name>.text:atoi</name>
         <load_address>0x200070a0</load_address>
         <run_address>0x200070a0</run_address>
         <size>0x4c</size>
         <input_file_ref idref="fl-d2"/>
      </object_component>
      <object_component id="oc-289">
         <name>.text:GPIOGetIntNumber</name>
         <load_address>0x200070ec</load_address>
         <run_address>0x200070ec</run_address>
         <size>0x48</size>
         <input_file_ref idref="fl-e4"/>
      </object_component>
      <object_component id="oc-371">
         <name>.text</name>
         <load_address>0x20007134</load_address>
         <run_address>0x20007134</run_address>
         <size>0x48</size>
         <input_file_ref idref="fl-de"/>
      </object_component>
      <object_component id="oc-106">
         <name>.text:__TI_auto_init_nobinit_nopinit:__TI_auto_init_nobinit_nopinit</name>
         <load_address>0x2000717c</load_address>
         <run_address>0x2000717c</run_address>
         <size>0x44</size>
         <input_file_ref idref="fl-ce"/>
      </object_component>
      <object_component id="oc-1f0">
         <name>.text:PinModeSet</name>
         <load_address>0x200071c0</load_address>
         <run_address>0x200071c0</run_address>
         <size>0x40</size>
         <input_file_ref idref="fl-e6"/>
      </object_component>
      <object_component id="oc-14a">
         <name>.text:vsnprintf</name>
         <load_address>0x20007200</load_address>
         <run_address>0x20007200</run_address>
         <size>0x40</size>
         <input_file_ref idref="fl-cb"/>
      </object_component>
      <object_component id="oc-399">
         <name>.text:_fcpy</name>
         <load_address>0x20007240</load_address>
         <run_address>0x20007240</run_address>
         <size>0x3e</size>
         <input_file_ref idref="fl-d1"/>
      </object_component>
      <object_component id="oc-1dd">
         <name>.text:PRCMPeripheralClkEnable</name>
         <load_address>0x20007280</load_address>
         <run_address>0x20007280</run_address>
         <size>0x3c</size>
         <input_file_ref idref="fl-e7"/>
      </object_component>
      <object_component id="oc-26f">
         <name>.text:minsert</name>
         <load_address>0x200072bc</load_address>
         <run_address>0x200072bc</run_address>
         <size>0x3c</size>
         <input_file_ref idref="fl-c6"/>
      </object_component>
      <object_component id="oc-263">
         <name>.text:minit</name>
         <load_address>0x200072f8</load_address>
         <run_address>0x200072f8</run_address>
         <size>0x38</size>
         <input_file_ref idref="fl-c6"/>
      </object_component>
      <object_component id="oc-1fc">
         <name>.text:GPIODirModeSet</name>
         <load_address>0x20007330</load_address>
         <run_address>0x20007330</run_address>
         <size>0x36</size>
         <input_file_ref idref="fl-e4"/>
      </object_component>
      <object_component id="oc-1f6">
         <name>.text:PinTypeGPIO</name>
         <load_address>0x20007366</load_address>
         <run_address>0x20007366</run_address>
         <size>0x30</size>
         <input_file_ref idref="fl-e6"/>
      </object_component>
      <object_component id="oc-231">
         <name>.text:UARTDisable</name>
         <load_address>0x20007398</load_address>
         <run_address>0x20007398</run_address>
         <size>0x30</size>
         <input_file_ref idref="fl-e8"/>
      </object_component>
      <object_component id="oc-245">
         <name>.text:_outs</name>
         <load_address>0x200073c8</load_address>
         <run_address>0x200073c8</run_address>
         <size>0x30</size>
         <input_file_ref idref="fl-cb"/>
      </object_component>
      <object_component id="oc-37c">
         <name>.text</name>
         <load_address>0x200073f8</load_address>
         <run_address>0x200073f8</run_address>
         <size>0x2e</size>
         <input_file_ref idref="fl-df"/>
      </object_component>
      <object_component id="oc-1cb">
         <name>.text:PRCMSysResetCauseGet</name>
         <load_address>0x20007428</load_address>
         <run_address>0x20007428</run_address>
         <size>0x2c</size>
         <input_file_ref idref="fl-e7"/>
      </object_component>
      <object_component id="oc-1e9">
         <name>.text:PRCMPeripheralClkDisable</name>
         <load_address>0x20007454</load_address>
         <run_address>0x20007454</run_address>
         <size>0x28</size>
         <input_file_ref idref="fl-e7"/>
      </object_component>
      <object_component id="oc-58">
         <name>.text:_c_int00_noargs:_c_int00_noargs</name>
         <load_address>0x2000747c</load_address>
         <run_address>0x2000747c</run_address>
         <size>0x28</size>
         <input_file_ref idref="fl-c4"/>
      </object_component>
      <object_component id="oc-269">
         <name>.text:mremove</name>
         <load_address>0x200074a4</load_address>
         <run_address>0x200074a4</run_address>
         <size>0x28</size>
         <input_file_ref idref="fl-c6"/>
      </object_component>
      <object_component id="oc-237">
         <name>.text:UARTEnable</name>
         <load_address>0x200074cc</load_address>
         <run_address>0x200074cc</run_address>
         <size>0x24</size>
         <input_file_ref idref="fl-e8"/>
      </object_component>
      <object_component id="oc-162">
         <name>.text:memmove</name>
         <load_address>0x200074f0</load_address>
         <run_address>0x200074f0</run_address>
         <size>0x24</size>
         <input_file_ref idref="fl-c9"/>
      </object_component>
      <object_component id="oc-1a7">
         <name>.text:GPIOPinWrite</name>
         <load_address>0x20007514</load_address>
         <run_address>0x20007514</run_address>
         <size>0x20</size>
         <input_file_ref idref="fl-e4"/>
      </object_component>
      <object_component id="oc-28f">
         <name>.text:IntRegister</name>
         <load_address>0x20007534</load_address>
         <run_address>0x20007534</run_address>
         <size>0x20</size>
         <input_file_ref idref="fl-e5"/>
      </object_component>
      <object_component id="oc-195">
         <name>.text:GPIOIntRegister</name>
         <load_address>0x20007554</load_address>
         <run_address>0x20007554</run_address>
         <size>0x1e</size>
         <input_file_ref idref="fl-e4"/>
      </object_component>
      <object_component id="oc-144">
         <name>.text:UARTCharPut</name>
         <load_address>0x20007572</load_address>
         <run_address>0x20007572</run_address>
         <size>0x1e</size>
         <input_file_ref idref="fl-e8"/>
      </object_component>
      <object_component id="oc-156">
         <name>.text:UARTCharGetNonBlocking</name>
         <load_address>0x20007590</load_address>
         <run_address>0x20007590</run_address>
         <size>0x1c</size>
         <input_file_ref idref="fl-e8"/>
      </object_component>
      <object_component id="oc-307">
         <name>.text:memccpy</name>
         <load_address>0x200075ac</load_address>
         <run_address>0x200075ac</run_address>
         <size>0x1c</size>
         <input_file_ref idref="fl-d5"/>
      </object_component>
      <object_component id="oc-1a1">
         <name>.text:GPIOIntEnable</name>
         <load_address>0x200075c8</load_address>
         <run_address>0x200075c8</run_address>
         <size>0x1a</size>
         <input_file_ref idref="fl-e4"/>
      </object_component>
      <object_component id="oc-202">
         <name>.text:PinTypeUART</name>
         <load_address>0x200075e2</load_address>
         <run_address>0x200075e2</run_address>
         <size>0x1a</size>
         <input_file_ref idref="fl-e6"/>
      </object_component>
      <object_component id="oc-ce">
         <name>.text:GPIOPinRead</name>
         <load_address>0x200075fc</load_address>
         <run_address>0x200075fc</run_address>
         <size>0x18</size>
         <input_file_ref idref="fl-e4"/>
      </object_component>
      <object_component id="oc-150">
         <name>.text:UARTCharsAvail</name>
         <load_address>0x20007614</load_address>
         <run_address>0x20007614</run_address>
         <size>0x18</size>
         <input_file_ref idref="fl-e8"/>
      </object_component>
      <object_component id="oc-24b">
         <name>.text:_outc</name>
         <load_address>0x2000762c</load_address>
         <run_address>0x2000762c</run_address>
         <size>0x18</size>
         <input_file_ref idref="fl-cb"/>
      </object_component>
      <object_component id="oc-1d1">
         <name>.text:PRCMHIBRegRead</name>
         <load_address>0x20007644</load_address>
         <run_address>0x20007644</run_address>
         <size>0x16</size>
         <input_file_ref idref="fl-e7"/>
      </object_component>
      <object_component id="oc-1d7">
         <name>.text:PRCMHIBRegWrite</name>
         <load_address>0x2000765a</load_address>
         <run_address>0x2000765a</run_address>
         <size>0x16</size>
         <input_file_ref idref="fl-e7"/>
      </object_component>
      <object_component id="oc-3ad">
         <name>.text:strchr</name>
         <load_address>0x20007670</load_address>
         <run_address>0x20007670</run_address>
         <size>0x16</size>
         <input_file_ref idref="fl-d6"/>
      </object_component>
      <object_component id="oc-1bb">
         <name>.text:CPUcpsie</name>
         <load_address>0x20007686</load_address>
         <run_address>0x20007686</run_address>
         <size>0x14</size>
         <input_file_ref idref="fl-ea"/>
      </object_component>
      <object_component id="oc-19b">
         <name>.text:GPIOIntClear</name>
         <load_address>0x2000769a</load_address>
         <run_address>0x2000769a</run_address>
         <size>0x14</size>
         <input_file_ref idref="fl-e4"/>
      </object_component>
      <object_component id="oc-d5">
         <name>.text:IntVTableBaseSet</name>
         <load_address>0x200076b0</load_address>
         <run_address>0x200076b0</run_address>
         <size>0x14</size>
         <input_file_ref idref="fl-e5"/>
      </object_component>
      <object_component id="oc-15c">
         <name>.text:strlen</name>
         <load_address>0x200076c4</load_address>
         <run_address>0x200076c4</run_address>
         <size>0x14</size>
         <input_file_ref idref="fl-ca"/>
      </object_component>
      <object_component id="oc-46">
         <name>.text:decompress:ZI:__TI_zero_init_nomemset:__TI_zero_init_nomemset</name>
         <load_address>0x200076d8</load_address>
         <run_address>0x200076d8</run_address>
         <size>0x12</size>
         <input_file_ref idref="fl-c1"/>
      </object_component>
      <object_component id="oc-30d">
         <name>.text:wcslen</name>
         <load_address>0x200076ea</load_address>
         <run_address>0x200076ea</run_address>
         <size>0x12</size>
         <input_file_ref idref="fl-d7"/>
      </object_component>
      <object_component id="oc-18">
         <name>.text:decompress:none:__TI_decompress_none</name>
         <load_address>0x200076fc</load_address>
         <run_address>0x200076fc</run_address>
         <size>0xe</size>
         <input_file_ref idref="fl-c2"/>
      </object_component>
      <object_component id="oc-26">
         <name>.text</name>
         <load_address>0x2000770a</load_address>
         <run_address>0x2000770a</run_address>
         <size>0xe</size>
         <input_file_ref idref="fl-5"/>
      </object_component>
      <object_component id="oc-db">
         <name>.text:IntMasterEnable</name>
         <load_address>0x20007718</load_address>
         <run_address>0x20007718</run_address>
         <size>0xa</size>
         <input_file_ref idref="fl-e5"/>
      </object_component>
      <object_component id="oc-313">
         <name>.text:__aeabi_errno_addr</name>
         <load_address>0x20007724</load_address>
         <run_address>0x20007724</run_address>
         <size>0x8</size>
         <input_file_ref idref="fl-e1"/>
      </object_component>
      <object_component id="oc-3ee">
         <name>.text:copysign</name>
         <load_address>0x2000772c</load_address>
         <run_address>0x2000772c</run_address>
         <size>0x8</size>
         <input_file_ref idref="fl-e2"/>
      </object_component>
      <object_component id="oc-d4">
         <name>.text:UtilsDelay</name>
         <load_address>0x20007734</load_address>
         <run_address>0x20007734</run_address>
         <size>0x6</size>
         <input_file_ref idref="fl-e9"/>
      </object_component>
      <object_component id="oc-8e">
         <name>.text:_system_pre_init</name>
         <load_address>0x2000773a</load_address>
         <run_address>0x2000773a</run_address>
         <size>0x4</size>
         <input_file_ref idref="fl-cf"/>
      </object_component>
      <object_component id="oc-fa">
         <name>.text:abort:abort</name>
         <load_address>0x2000773e</load_address>
         <run_address>0x2000773e</run_address>
         <size>0x4</size>
         <input_file_ref idref="fl-c5"/>
      </object_component>
      <object_component id="oc-356">
         <name>.const:.string:_ctypes_</name>
         <load_address>0x20007744</load_address>
         <run_address>0x20007744</run_address>
         <size>0x101</size>
         <input_file_ref idref="fl-d3"/>
      </object_component>
      <object_component id="oc-2ae">
         <name>.const:g_ulPinToPadMap</name>
         <load_address>0x20007848</load_address>
         <run_address>0x20007848</run_address>
         <size>0x100</size>
         <input_file_ref idref="fl-e6"/>
      </object_component>
      <object_component id="oc-285">
         <name>.const:g_pulRegs</name>
         <load_address>0x20007948</load_address>
         <run_address>0x20007948</run_address>
         <size>0xd4</size>
         <input_file_ref idref="fl-e5"/>
      </object_component>
      <object_component id="oc-2a7">
         <name>.const:PRCM_PeriphRegsList</name>
         <load_address>0x20007a1c</load_address>
         <run_address>0x20007a1c</run_address>
         <size>0xa8</size>
         <input_file_ref idref="fl-e7"/>
      </object_component>
      <object_component id="oc-1c7">
         <name>.const</name>
         <load_address>0x20007ac4</load_address>
         <run_address>0x20007ac4</run_address>
         <size>0x80</size>
         <input_file_ref idref="fl-e5"/>
      </object_component>
      <object_component id="oc-444">
         <name>.cinit..data.load</name>
         <load_address>0x20007b48</load_address>
         <run_address>0x20007b48</run_address>
         <size>0x2b</size>
      </object_component>
      <object_component id="oc-442">
         <name>__TI_handler_table</name>
         <load_address>0x20007b74</load_address>
         <run_address>0x20007b74</run_address>
         <size>0xc</size>
      </object_component>
      <object_component id="oc-445">
         <name>.cinit..bss.load</name>
         <load_address>0x20007b80</load_address>
         <run_address>0x20007b80</run_address>
         <size>0x8</size>
      </object_component>
      <object_component id="oc-443">
         <name>__TI_cinit_table</name>
         <load_address>0x20007b88</load_address>
         <run_address>0x20007b88</run_address>
         <size>0x10</size>
      </object_component>
      <object_component id="oc-1b5">
         <name>.data:ulReg</name>
         <load_address>0x2001d800</load_address>
         <run_address>0x2001d800</run_address>
         <size>0x14</size>
         <input_file_ref idref="fl-2"/>
      </object_component>
      <object_component id="oc-1ad">
         <name>.data</name>
         <load_address>0x2001d820</load_address>
         <run_address>0x2001d820</run_address>
         <size>0xc</size>
         <input_file_ref idref="fl-2"/>
      </object_component>
      <object_component id="oc-275">
         <name>.data:$O1$$</name>
         <load_address>0x2001d814</load_address>
         <run_address>0x2001d814</run_address>
         <size>0xc</size>
         <input_file_ref idref="fl-c6"/>
      </object_component>
      <object_component id="oc-214">
         <name>.data:$O1$$</name>
         <load_address>0x2001d82c</load_address>
         <run_address>0x2001d82c</run_address>
         <size>0x8</size>
         <input_file_ref idref="fl-c7"/>
      </object_component>
      <object_component id="oc-3bd">
         <name>.data</name>
         <load_address>0x2001d834</load_address>
         <run_address>0x2001d834</run_address>
         <size>0x4</size>
         <input_file_ref idref="fl-e1"/>
      </object_component>
      <object_component id="oc-17a">
         <name>.bss</name>
         <uninitialized>true</uninitialized>
         <run_address>0x2001d838</run_address>
         <size>0x4</size>
         <input_file_ref idref="fl-6"/>
      </object_component>
      <object_component id="oc-1b0">
         <name>.common:g_ucLED1Pin</name>
         <uninitialized>true</uninitialized>
         <run_address>0x2001d83c</run_address>
         <size>0x1</size>
      </object_component>
      <object_component id="oc-1b3">
         <name>.common:g_ucLED2Pin</name>
         <uninitialized>true</uninitialized>
         <run_address>0x2001d83d</run_address>
         <size>0x1</size>
      </object_component>
      <object_component id="oc-1b4">
         <name>.common:g_ucLED3Pin</name>
         <uninitialized>true</uninitialized>
         <run_address>0x2001d83e</run_address>
         <size>0x1</size>
      </object_component>
      <object_component id="oc-23">
         <name>.sysmem</name>
         <uninitialized>true</uninitialized>
         <run_address>0x2001d000</run_address>
         <size>0x8</size>
         <input_file_ref idref="fl-c6"/>
      </object_component>
      <object_component id="oc-447">
         <name>.sysmem</name>
         <uninitialized>true</uninitialized>
         <run_address>0x2001d000</run_address>
         <size>0x0</size>
      </object_component>
      <object_component id="oc-20">
         <name>.stack</name>
         <uninitialized>true</uninitialized>
         <run_address>0x2003f800</run_address>
         <size>0x4</size>
         <input_file_ref idref="fl-c4"/>
      </object_component>
      <object_component id="oc-446">
         <name>.stack</name>
         <uninitialized>true</uninitialized>
         <run_address>0x2003f800</run_address>
         <size>0x0</size>
      </object_component>
      <object_component id="oc-1b1">
         <name>.debug_info</name>
         <load_address>0x0</load_address>
         <run_address>0x0</run_address>
         <size>0x374</size>
         <input_file_ref idref="fl-2"/>
      </object_component>
      <object_component id="oc-1b6">
         <name>.debug_info</name>
         <load_address>0x374</load_address>
         <run_address>0x374</run_address>
         <size>0x114</size>
         <input_file_ref idref="fl-2"/>
      </object_component>
      <object_component id="oc-1ae">
         <name>.debug_info</name>
         <load_address>0x488</load_address>
         <run_address>0x488</run_address>
         <size>0x175</size>
         <input_file_ref idref="fl-2"/>
      </object_component>
      <object_component id="oc-c9">
         <name>.debug_info</name>
         <load_address>0x5fd</load_address>
         <run_address>0x5fd</run_address>
         <size>0xf19</size>
         <input_file_ref idref="fl-2"/>
      </object_component>
      <object_component id="oc-20b">
         <name>.debug_info</name>
         <load_address>0x1516</load_address>
         <run_address>0x1516</run_address>
         <size>0x26b</size>
         <input_file_ref idref="fl-2"/>
      </object_component>
      <object_component id="oc-33e">
         <name>.debug_info</name>
         <load_address>0x1781</load_address>
         <run_address>0x1781</run_address>
         <size>0x62</size>
         <input_file_ref idref="fl-2"/>
      </object_component>
      <object_component id="oc-35">
         <name>.debug_info</name>
         <load_address>0x17e3</load_address>
         <run_address>0x17e3</run_address>
         <size>0x84</size>
         <input_file_ref idref="fl-2"/>
      </object_component>
      <object_component id="oc-27f">
         <name>.debug_info</name>
         <load_address>0x1867</load_address>
         <run_address>0x1867</run_address>
         <size>0x297</size>
         <input_file_ref idref="fl-2"/>
      </object_component>
      <object_component id="oc-1c2">
         <name>.debug_info</name>
         <load_address>0x1afe</load_address>
         <run_address>0x1afe</run_address>
         <size>0x2c</size>
         <input_file_ref idref="fl-2"/>
      </object_component>
      <object_component id="oc-17f">
         <name>.debug_info</name>
         <load_address>0x1b2a</load_address>
         <run_address>0x1b2a</run_address>
         <size>0x2c</size>
         <input_file_ref idref="fl-2"/>
      </object_component>
      <object_component id="oc-f4">
         <name>.debug_info</name>
         <load_address>0x1b56</load_address>
         <run_address>0x1b56</run_address>
         <size>0x3c6</size>
         <input_file_ref idref="fl-3"/>
      </object_component>
      <object_component id="oc-96">
         <name>.debug_info</name>
         <load_address>0x1f1c</load_address>
         <run_address>0x1f1c</run_address>
         <size>0x4d1</size>
         <input_file_ref idref="fl-3"/>
      </object_component>
      <object_component id="oc-f5">
         <name>.debug_info</name>
         <load_address>0x23ed</load_address>
         <run_address>0x23ed</run_address>
         <size>0x48</size>
         <input_file_ref idref="fl-3"/>
      </object_component>
      <object_component id="oc-ee">
         <name>.debug_info</name>
         <load_address>0x2435</load_address>
         <run_address>0x2435</run_address>
         <size>0x3d1</size>
         <input_file_ref idref="fl-4"/>
      </object_component>
      <object_component id="oc-2e">
         <name>.debug_info</name>
         <load_address>0x2806</load_address>
         <run_address>0x2806</run_address>
         <size>0x1a8</size>
         <input_file_ref idref="fl-5"/>
      </object_component>
      <object_component id="oc-10">
         <name>.debug_info</name>
         <load_address>0x29ae</load_address>
         <run_address>0x29ae</run_address>
         <size>0x127</size>
         <input_file_ref idref="fl-5"/>
      </object_component>
      <object_component id="oc-29">
         <name>.debug_info</name>
         <load_address>0x2ad5</load_address>
         <run_address>0x2ad5</run_address>
         <size>0x448</size>
         <input_file_ref idref="fl-5"/>
      </object_component>
      <object_component id="oc-17e">
         <name>.debug_info</name>
         <load_address>0x2f1d</load_address>
         <run_address>0x2f1d</run_address>
         <size>0x3ed</size>
         <input_file_ref idref="fl-6"/>
      </object_component>
      <object_component id="oc-17b">
         <name>.debug_info</name>
         <load_address>0x330a</load_address>
         <run_address>0x330a</run_address>
         <size>0x11e</size>
         <input_file_ref idref="fl-6"/>
      </object_component>
      <object_component id="oc-c3">
         <name>.debug_info</name>
         <load_address>0x3428</load_address>
         <run_address>0x3428</run_address>
         <size>0x8fa</size>
         <input_file_ref idref="fl-6"/>
      </object_component>
      <object_component id="oc-184">
         <name>.debug_info</name>
         <load_address>0x3d22</load_address>
         <run_address>0x3d22</run_address>
         <size>0x110</size>
         <input_file_ref idref="fl-6"/>
      </object_component>
      <object_component id="oc-87">
         <name>.debug_info</name>
         <load_address>0x3e32</load_address>
         <run_address>0x3e32</run_address>
         <size>0x1f0</size>
         <input_file_ref idref="fl-c1"/>
      </object_component>
      <object_component id="oc-4a">
         <name>.debug_info</name>
         <load_address>0x4022</load_address>
         <run_address>0x4022</run_address>
         <size>0x1bf</size>
         <input_file_ref idref="fl-c1"/>
      </object_component>
      <object_component id="oc-82">
         <name>.debug_info</name>
         <load_address>0x41e1</load_address>
         <run_address>0x41e1</run_address>
         <size>0x46</size>
         <input_file_ref idref="fl-c1"/>
      </object_component>
      <object_component id="oc-b9">
         <name>.debug_info</name>
         <load_address>0x4227</load_address>
         <run_address>0x4227</run_address>
         <size>0x2c</size>
         <input_file_ref idref="fl-c1"/>
      </object_component>
      <object_component id="oc-45">
         <name>.debug_info</name>
         <load_address>0x4253</load_address>
         <run_address>0x4253</run_address>
         <size>0x17a</size>
         <input_file_ref idref="fl-c2"/>
      </object_component>
      <object_component id="oc-1a">
         <name>.debug_info</name>
         <load_address>0x43cd</load_address>
         <run_address>0x43cd</run_address>
         <size>0x1ea</size>
         <input_file_ref idref="fl-c2"/>
      </object_component>
      <object_component id="oc-40">
         <name>.debug_info</name>
         <load_address>0x45b7</load_address>
         <run_address>0x45b7</run_address>
         <size>0x46</size>
         <input_file_ref idref="fl-c2"/>
      </object_component>
      <object_component id="oc-7a">
         <name>.debug_info</name>
         <load_address>0x45fd</load_address>
         <run_address>0x45fd</run_address>
         <size>0x2c</size>
         <input_file_ref idref="fl-c2"/>
      </object_component>
      <object_component id="oc-78">
         <name>.debug_info</name>
         <load_address>0x4629</load_address>
         <run_address>0x4629</run_address>
         <size>0x170</size>
         <input_file_ref idref="fl-c3"/>
      </object_component>
      <object_component id="oc-16">
         <name>.debug_info</name>
         <load_address>0x4799</load_address>
         <run_address>0x4799</run_address>
         <size>0x250</size>
         <input_file_ref idref="fl-c3"/>
      </object_component>
      <object_component id="oc-30">
         <name>.debug_info</name>
         <load_address>0x49e9</load_address>
         <run_address>0x49e9</run_address>
         <size>0x60</size>
         <input_file_ref idref="fl-c3"/>
      </object_component>
      <object_component id="oc-b2">
         <name>.debug_info</name>
         <load_address>0x4a49</load_address>
         <run_address>0x4a49</run_address>
         <size>0x46</size>
         <input_file_ref idref="fl-c3"/>
      </object_component>
      <object_component id="oc-73">
         <name>.debug_info</name>
         <load_address>0x4a8f</load_address>
         <run_address>0x4a8f</run_address>
         <size>0x39</size>
         <input_file_ref idref="fl-c3"/>
      </object_component>
      <object_component id="oc-21">
         <name>.debug_info</name>
         <load_address>0x4ac8</load_address>
         <run_address>0x4ac8</run_address>
         <size>0x10b</size>
         <input_file_ref idref="fl-c4"/>
      </object_component>
      <object_component id="oc-59">
         <name>.debug_info</name>
         <load_address>0x4bd3</load_address>
         <run_address>0x4bd3</run_address>
         <size>0x1af</size>
         <input_file_ref idref="fl-c4"/>
      </object_component>
      <object_component id="oc-fc">
         <name>.debug_info</name>
         <load_address>0x4d82</load_address>
         <run_address>0x4d82</run_address>
         <size>0x122</size>
         <input_file_ref idref="fl-c5"/>
      </object_component>
      <object_component id="oc-6e">
         <name>.debug_info</name>
         <load_address>0x4ea4</load_address>
         <run_address>0x4ea4</run_address>
         <size>0x298</size>
         <input_file_ref idref="fl-c6"/>
      </object_component>
      <object_component id="oc-24">
         <name>.debug_info</name>
         <load_address>0x513c</load_address>
         <run_address>0x513c</run_address>
         <size>0x10c</size>
         <input_file_ref idref="fl-c6"/>
      </object_component>
      <object_component id="oc-276">
         <name>.debug_info</name>
         <load_address>0x5248</load_address>
         <run_address>0x5248</run_address>
         <size>0x157</size>
         <input_file_ref idref="fl-c6"/>
      </object_component>
      <object_component id="oc-264">
         <name>.debug_info</name>
         <load_address>0x539f</load_address>
         <run_address>0x539f</run_address>
         <size>0x144</size>
         <input_file_ref idref="fl-c6"/>
      </object_component>
      <object_component id="oc-26a">
         <name>.debug_info</name>
         <load_address>0x54e3</load_address>
         <run_address>0x54e3</run_address>
         <size>0x17f</size>
         <input_file_ref idref="fl-c6"/>
      </object_component>
      <object_component id="oc-271">
         <name>.debug_info</name>
         <load_address>0x5662</load_address>
         <run_address>0x5662</run_address>
         <size>0x17d</size>
         <input_file_ref idref="fl-c6"/>
      </object_component>
      <object_component id="oc-169">
         <name>.debug_info</name>
         <load_address>0x57df</load_address>
         <run_address>0x57df</run_address>
         <size>0x1e6</size>
         <input_file_ref idref="fl-c6"/>
      </object_component>
      <object_component id="oc-176">
         <name>.debug_info</name>
         <load_address>0x59c5</load_address>
         <run_address>0x59c5</run_address>
         <size>0x1f1</size>
         <input_file_ref idref="fl-c6"/>
      </object_component>
      <object_component id="oc-170">
         <name>.debug_info</name>
         <load_address>0x5bb6</load_address>
         <run_address>0x5bb6</run_address>
         <size>0x289</size>
         <input_file_ref idref="fl-c6"/>
      </object_component>
      <object_component id="oc-a8">
         <name>.debug_info</name>
         <load_address>0x5e3f</load_address>
         <run_address>0x5e3f</run_address>
         <size>0x2c</size>
         <input_file_ref idref="fl-c6"/>
      </object_component>
      <object_component id="oc-ad">
         <name>.debug_info</name>
         <load_address>0x5e6b</load_address>
         <run_address>0x5e6b</run_address>
         <size>0x62</size>
         <input_file_ref idref="fl-c6"/>
      </object_component>
      <object_component id="oc-2c5">
         <name>.debug_info</name>
         <load_address>0x5ecd</load_address>
         <run_address>0x5ecd</run_address>
         <size>0x19b</size>
         <input_file_ref idref="fl-c7"/>
      </object_component>
      <object_component id="oc-215">
         <name>.debug_info</name>
         <load_address>0x6068</load_address>
         <run_address>0x6068</run_address>
         <size>0x11e</size>
         <input_file_ref idref="fl-c7"/>
      </object_component>
      <object_component id="oc-2bf">
         <name>.debug_info</name>
         <load_address>0x6186</load_address>
         <run_address>0x6186</run_address>
         <size>0x12e</size>
         <input_file_ref idref="fl-c7"/>
      </object_component>
      <object_component id="oc-262">
         <name>.debug_info</name>
         <load_address>0x62b4</load_address>
         <run_address>0x62b4</run_address>
         <size>0x177</size>
         <input_file_ref idref="fl-c9"/>
      </object_component>
      <object_component id="oc-165">
         <name>.debug_info</name>
         <load_address>0x642b</load_address>
         <run_address>0x642b</run_address>
         <size>0x1b6</size>
         <input_file_ref idref="fl-c9"/>
      </object_component>
      <object_component id="oc-260">
         <name>.debug_info</name>
         <load_address>0x65e1</load_address>
         <run_address>0x65e1</run_address>
         <size>0x161</size>
         <input_file_ref idref="fl-ca"/>
      </object_component>
      <object_component id="oc-15f">
         <name>.debug_info</name>
         <load_address>0x6742</load_address>
         <run_address>0x6742</run_address>
         <size>0x24b</size>
         <input_file_ref idref="fl-ca"/>
      </object_component>
      <object_component id="oc-252">
         <name>.debug_info</name>
         <load_address>0x698d</load_address>
         <run_address>0x698d</run_address>
         <size>0x212</size>
         <input_file_ref idref="fl-cb"/>
      </object_component>
      <object_component id="oc-14c">
         <name>.debug_info</name>
         <load_address>0x6b9f</load_address>
         <run_address>0x6b9f</run_address>
         <size>0x208</size>
         <input_file_ref idref="fl-cb"/>
      </object_component>
      <object_component id="oc-246">
         <name>.debug_info</name>
         <load_address>0x6da7</load_address>
         <run_address>0x6da7</run_address>
         <size>0x1c6</size>
         <input_file_ref idref="fl-cb"/>
      </object_component>
      <object_component id="oc-24c">
         <name>.debug_info</name>
         <load_address>0x6f6d</load_address>
         <run_address>0x6f6d</run_address>
         <size>0x179</size>
         <input_file_ref idref="fl-cb"/>
      </object_component>
      <object_component id="oc-253">
         <name>.debug_info</name>
         <load_address>0x70e6</load_address>
         <run_address>0x70e6</run_address>
         <size>0x2c</size>
         <input_file_ref idref="fl-cb"/>
      </object_component>
      <object_component id="oc-258">
         <name>.debug_info</name>
         <load_address>0x7112</load_address>
         <run_address>0x7112</run_address>
         <size>0x69</size>
         <input_file_ref idref="fl-cb"/>
      </object_component>
      <object_component id="oc-3b">
         <name>.debug_info</name>
         <load_address>0x717b</load_address>
         <run_address>0x717b</run_address>
         <size>0x11c</size>
         <input_file_ref idref="fl-cc"/>
      </object_component>
      <object_component id="oc-8a">
         <name>.debug_info</name>
         <load_address>0x7297</load_address>
         <run_address>0x7297</run_address>
         <size>0x14a</size>
         <input_file_ref idref="fl-cd"/>
      </object_component>
      <object_component id="oc-21b">
         <name>.debug_info</name>
         <load_address>0x73e1</load_address>
         <run_address>0x73e1</run_address>
         <size>0x424</size>
         <input_file_ref idref="fl-ce"/>
      </object_component>
      <object_component id="oc-109">
         <name>.debug_info</name>
         <load_address>0x7805</load_address>
         <run_address>0x7805</run_address>
         <size>0x1a6</size>
         <input_file_ref idref="fl-ce"/>
      </object_component>
      <object_component id="oc-2cb">
         <name>.debug_info</name>
         <load_address>0x79ab</load_address>
         <run_address>0x79ab</run_address>
         <size>0x39</size>
         <input_file_ref idref="fl-ce"/>
      </object_component>
      <object_component id="oc-34a">
         <name>.debug_info</name>
         <load_address>0x79e4</load_address>
         <run_address>0x79e4</run_address>
         <size>0x39</size>
         <input_file_ref idref="fl-ce"/>
      </object_component>
      <object_component id="oc-2d0">
         <name>.debug_info</name>
         <load_address>0x7a1d</load_address>
         <run_address>0x7a1d</run_address>
         <size>0x39</size>
         <input_file_ref idref="fl-ce"/>
      </object_component>
      <object_component id="oc-2d5">
         <name>.debug_info</name>
         <load_address>0x7a56</load_address>
         <run_address>0x7a56</run_address>
         <size>0xcd</size>
         <input_file_ref idref="fl-ce"/>
      </object_component>
      <object_component id="oc-8f">
         <name>.debug_info</name>
         <load_address>0x7b23</load_address>
         <run_address>0x7b23</run_address>
         <size>0x153</size>
         <input_file_ref idref="fl-cf"/>
      </object_component>
      <object_component id="oc-31a">
         <name>.debug_info</name>
         <load_address>0x7c76</load_address>
         <run_address>0x7c76</run_address>
         <size>0x783</size>
         <input_file_ref idref="fl-d1"/>
      </object_component>
      <object_component id="oc-2e5">
         <name>.debug_info</name>
         <load_address>0x83f9</load_address>
         <run_address>0x83f9</run_address>
         <size>0x21e</size>
         <input_file_ref idref="fl-d1"/>
      </object_component>
      <object_component id="oc-387">
         <name>.debug_info</name>
         <load_address>0x8617</load_address>
         <run_address>0x8617</run_address>
         <size>0x1b3</size>
         <input_file_ref idref="fl-d1"/>
      </object_component>
      <object_component id="oc-38d">
         <name>.debug_info</name>
         <load_address>0x87ca</load_address>
         <run_address>0x87ca</run_address>
         <size>0x21b</size>
         <input_file_ref idref="fl-d1"/>
      </object_component>
      <object_component id="oc-2f0">
         <name>.debug_info</name>
         <load_address>0x89e5</load_address>
         <run_address>0x89e5</run_address>
         <size>0x3ba</size>
         <input_file_ref idref="fl-d1"/>
      </object_component>
      <object_component id="oc-394">
         <name>.debug_info</name>
         <load_address>0x8d9f</load_address>
         <run_address>0x8d9f</run_address>
         <size>0x306</size>
         <input_file_ref idref="fl-d1"/>
      </object_component>
      <object_component id="oc-39a">
         <name>.debug_info</name>
         <load_address>0x90a5</load_address>
         <run_address>0x90a5</run_address>
         <size>0x215</size>
         <input_file_ref idref="fl-d1"/>
      </object_component>
      <object_component id="oc-2f6">
         <name>.debug_info</name>
         <load_address>0x92ba</load_address>
         <run_address>0x92ba</run_address>
         <size>0x228</size>
         <input_file_ref idref="fl-d1"/>
      </object_component>
      <object_component id="oc-2fc">
         <name>.debug_info</name>
         <load_address>0x94e2</load_address>
         <run_address>0x94e2</run_address>
         <size>0x303</size>
         <input_file_ref idref="fl-d1"/>
      </object_component>
      <object_component id="oc-302">
         <name>.debug_info</name>
         <load_address>0x97e5</load_address>
         <run_address>0x97e5</run_address>
         <size>0x4af</size>
         <input_file_ref idref="fl-d1"/>
      </object_component>
      <object_component id="oc-240">
         <name>.debug_info</name>
         <load_address>0x9c94</load_address>
         <run_address>0x9c94</run_address>
         <size>0x5d8</size>
         <input_file_ref idref="fl-d1"/>
      </object_component>
      <object_component id="oc-31b">
         <name>.debug_info</name>
         <load_address>0xa26c</load_address>
         <run_address>0xa26c</run_address>
         <size>0x86</size>
         <input_file_ref idref="fl-d1"/>
      </object_component>
      <object_component id="oc-3c4">
         <name>.debug_info</name>
         <load_address>0xa2f2</load_address>
         <run_address>0xa2f2</run_address>
         <size>0x39</size>
         <input_file_ref idref="fl-d1"/>
      </object_component>
      <object_component id="oc-405">
         <name>.debug_info</name>
         <load_address>0xa32b</load_address>
         <run_address>0xa32b</run_address>
         <size>0xb6</size>
         <input_file_ref idref="fl-d1"/>
      </object_component>
      <object_component id="oc-3c9">
         <name>.debug_info</name>
         <load_address>0xa3e1</load_address>
         <run_address>0xa3e1</run_address>
         <size>0x46</size>
         <input_file_ref idref="fl-d1"/>
      </object_component>
      <object_component id="oc-320">
         <name>.debug_info</name>
         <load_address>0xa427</load_address>
         <run_address>0xa427</run_address>
         <size>0x46</size>
         <input_file_ref idref="fl-d1"/>
      </object_component>
      <object_component id="oc-35a">
         <name>.debug_info</name>
         <load_address>0xa46d</load_address>
         <run_address>0xa46d</run_address>
         <size>0x18b</size>
         <input_file_ref idref="fl-d2"/>
      </object_component>
      <object_component id="oc-2e0">
         <name>.debug_info</name>
         <load_address>0xa5f8</load_address>
         <run_address>0xa5f8</run_address>
         <size>0x17c</size>
         <input_file_ref idref="fl-d2"/>
      </object_component>
      <object_component id="oc-3d2">
         <name>.debug_info</name>
         <load_address>0xa774</load_address>
         <run_address>0xa774</run_address>
         <size>0xf9</size>
         <input_file_ref idref="fl-d3"/>
      </object_component>
      <object_component id="oc-357">
         <name>.debug_info</name>
         <load_address>0xa86d</load_address>
         <run_address>0xa86d</run_address>
         <size>0x105</size>
         <input_file_ref idref="fl-d3"/>
      </object_component>
      <object_component id="oc-3e0">
         <name>.debug_info</name>
         <load_address>0xa972</load_address>
         <run_address>0xa972</run_address>
         <size>0x16d</size>
         <input_file_ref idref="fl-d4"/>
      </object_component>
      <object_component id="oc-377">
         <name>.debug_info</name>
         <load_address>0xaadf</load_address>
         <run_address>0xaadf</run_address>
         <size>0x1cd</size>
         <input_file_ref idref="fl-d4"/>
      </object_component>
      <object_component id="oc-3b5">
         <name>.debug_info</name>
         <load_address>0xacac</load_address>
         <run_address>0xacac</run_address>
         <size>0x168</size>
         <input_file_ref idref="fl-d5"/>
      </object_component>
      <object_component id="oc-308">
         <name>.debug_info</name>
         <load_address>0xae14</load_address>
         <run_address>0xae14</run_address>
         <size>0x1b6</size>
         <input_file_ref idref="fl-d5"/>
      </object_component>
      <object_component id="oc-3f7">
         <name>.debug_info</name>
         <load_address>0xafca</load_address>
         <run_address>0xafca</run_address>
         <size>0x16c</size>
         <input_file_ref idref="fl-d6"/>
      </object_component>
      <object_component id="oc-3af">
         <name>.debug_info</name>
         <load_address>0xb136</load_address>
         <run_address>0xb136</run_address>
         <size>0x268</size>
         <input_file_ref idref="fl-d6"/>
      </object_component>
      <object_component id="oc-3bc">
         <name>.debug_info</name>
         <load_address>0xb39e</load_address>
         <run_address>0xb39e</run_address>
         <size>0x161</size>
         <input_file_ref idref="fl-d7"/>
      </object_component>
      <object_component id="oc-30f">
         <name>.debug_info</name>
         <load_address>0xb4ff</load_address>
         <run_address>0xb4ff</run_address>
         <size>0x15a</size>
         <input_file_ref idref="fl-d7"/>
      </object_component>
      <object_component id="oc-3fa">
         <name>.debug_info</name>
         <load_address>0xb659</load_address>
         <run_address>0xb659</run_address>
         <size>0x46</size>
         <input_file_ref idref="fl-d7"/>
      </object_component>
      <object_component id="oc-3b7">
         <name>.debug_info</name>
         <load_address>0xb69f</load_address>
         <run_address>0xb69f</run_address>
         <size>0x39</size>
         <input_file_ref idref="fl-d7"/>
      </object_component>
      <object_component id="oc-3e8">
         <name>.debug_info</name>
         <load_address>0xb6d8</load_address>
         <run_address>0xb6d8</run_address>
         <size>0x167</size>
         <input_file_ref idref="fl-d8"/>
      </object_component>
      <object_component id="oc-3a2">
         <name>.debug_info</name>
         <load_address>0xb83f</load_address>
         <run_address>0xb83f</run_address>
         <size>0x194</size>
         <input_file_ref idref="fl-d8"/>
      </object_component>
      <object_component id="oc-411">
         <name>.debug_info</name>
         <load_address>0xb9d3</load_address>
         <run_address>0xb9d3</run_address>
         <size>0x39</size>
         <input_file_ref idref="fl-d8"/>
      </object_component>
      <object_component id="oc-3e9">
         <name>.debug_info</name>
         <load_address>0xba0c</load_address>
         <run_address>0xba0c</run_address>
         <size>0x2c</size>
         <input_file_ref idref="fl-d8"/>
      </object_component>
      <object_component id="oc-3f5">
         <name>.debug_info</name>
         <load_address>0xba38</load_address>
         <run_address>0xba38</run_address>
         <size>0x1ca</size>
         <input_file_ref idref="fl-d9"/>
      </object_component>
      <object_component id="oc-3a8">
         <name>.debug_info</name>
         <load_address>0xbc02</load_address>
         <run_address>0xbc02</run_address>
         <size>0x1fb</size>
         <input_file_ref idref="fl-d9"/>
      </object_component>
      <object_component id="oc-382">
         <name>.debug_info</name>
         <load_address>0xbdfd</load_address>
         <run_address>0xbdfd</run_address>
         <size>0x14f</size>
         <input_file_ref idref="fl-da"/>
      </object_component>
      <object_component id="oc-2eb">
         <name>.debug_info</name>
         <load_address>0xbf4c</load_address>
         <run_address>0xbf4c</run_address>
         <size>0x12b</size>
         <input_file_ref idref="fl-db"/>
      </object_component>
      <object_component id="oc-36e">
         <name>.debug_info</name>
         <load_address>0xc077</load_address>
         <run_address>0xc077</run_address>
         <size>0x12d</size>
         <input_file_ref idref="fl-db"/>
      </object_component>
      <object_component id="oc-368">
         <name>.debug_info</name>
         <load_address>0xc1a4</load_address>
         <run_address>0xc1a4</run_address>
         <size>0x13d</size>
         <input_file_ref idref="fl-dc"/>
      </object_component>
      <object_component id="oc-363">
         <name>.debug_info</name>
         <load_address>0xc2e1</load_address>
         <run_address>0xc2e1</run_address>
         <size>0x13d</size>
         <input_file_ref idref="fl-dd"/>
      </object_component>
      <object_component id="oc-373">
         <name>.debug_info</name>
         <load_address>0xc41e</load_address>
         <run_address>0xc41e</run_address>
         <size>0x131</size>
         <input_file_ref idref="fl-de"/>
      </object_component>
      <object_component id="oc-37f">
         <name>.debug_info</name>
         <load_address>0xc54f</load_address>
         <run_address>0xc54f</run_address>
         <size>0x12f</size>
         <input_file_ref idref="fl-df"/>
      </object_component>
      <object_component id="oc-35e">
         <name>.debug_info</name>
         <load_address>0xc67e</load_address>
         <run_address>0xc67e</run_address>
         <size>0x137</size>
         <input_file_ref idref="fl-e0"/>
      </object_component>
      <object_component id="oc-3c1">
         <name>.debug_info</name>
         <load_address>0xc7b5</load_address>
         <run_address>0xc7b5</run_address>
         <size>0x15b</size>
         <input_file_ref idref="fl-e1"/>
      </object_component>
      <object_component id="oc-3be">
         <name>.debug_info</name>
         <load_address>0xc910</load_address>
         <run_address>0xc910</run_address>
         <size>0x10e</size>
         <input_file_ref idref="fl-e1"/>
      </object_component>
      <object_component id="oc-314">
         <name>.debug_info</name>
         <load_address>0xca1e</load_address>
         <run_address>0xca1e</run_address>
         <size>0x14e</size>
         <input_file_ref idref="fl-e1"/>
      </object_component>
      <object_component id="oc-3ef">
         <name>.debug_info</name>
         <load_address>0xcb6c</load_address>
         <run_address>0xcb6c</run_address>
         <size>0x15f</size>
         <input_file_ref idref="fl-e2"/>
      </object_component>
      <object_component id="oc-3d6">
         <name>.debug_info</name>
         <load_address>0xcccb</load_address>
         <run_address>0xcccb</run_address>
         <size>0x118</size>
         <input_file_ref idref="fl-e3"/>
      </object_component>
      <object_component id="oc-296">
         <name>.debug_info</name>
         <load_address>0xcde3</load_address>
         <run_address>0xcde3</run_address>
         <size>0x17a</size>
         <input_file_ref idref="fl-e4"/>
      </object_component>
      <object_component id="oc-28b">
         <name>.debug_info</name>
         <load_address>0xcf5d</load_address>
         <run_address>0xcf5d</run_address>
         <size>0x1aa</size>
         <input_file_ref idref="fl-e4"/>
      </object_component>
      <object_component id="oc-1fe">
         <name>.debug_info</name>
         <load_address>0xd107</load_address>
         <run_address>0xd107</run_address>
         <size>0x1e9</size>
         <input_file_ref idref="fl-e4"/>
      </object_component>
      <object_component id="oc-18b">
         <name>.debug_info</name>
         <load_address>0xd2f0</load_address>
         <run_address>0xd2f0</run_address>
         <size>0x1f4</size>
         <input_file_ref idref="fl-e4"/>
      </object_component>
      <object_component id="oc-1a3">
         <name>.debug_info</name>
         <load_address>0xd4e4</load_address>
         <run_address>0xd4e4</run_address>
         <size>0x1cb</size>
         <input_file_ref idref="fl-e4"/>
      </object_component>
      <object_component id="oc-19d">
         <name>.debug_info</name>
         <load_address>0xd6af</load_address>
         <run_address>0xd6af</run_address>
         <size>0x1c9</size>
         <input_file_ref idref="fl-e4"/>
      </object_component>
      <object_component id="oc-197">
         <name>.debug_info</name>
         <load_address>0xd878</load_address>
         <run_address>0xd878</run_address>
         <size>0x214</size>
         <input_file_ref idref="fl-e4"/>
      </object_component>
      <object_component id="oc-d0">
         <name>.debug_info</name>
         <load_address>0xda8c</load_address>
         <run_address>0xda8c</run_address>
         <size>0x1bb</size>
         <input_file_ref idref="fl-e4"/>
      </object_component>
      <object_component id="oc-1aa">
         <name>.debug_info</name>
         <load_address>0xdc47</load_address>
         <run_address>0xdc47</run_address>
         <size>0x1e0</size>
         <input_file_ref idref="fl-e4"/>
      </object_component>
      <object_component id="oc-2a3">
         <name>.debug_info</name>
         <load_address>0xde27</load_address>
         <run_address>0xde27</run_address>
         <size>0x19b</size>
         <input_file_ref idref="fl-e5"/>
      </object_component>
      <object_component id="oc-1c8">
         <name>.debug_info</name>
         <load_address>0xdfc2</load_address>
         <run_address>0xdfc2</run_address>
         <size>0x19e</size>
         <input_file_ref idref="fl-e5"/>
      </object_component>
      <object_component id="oc-286">
         <name>.debug_info</name>
         <load_address>0xe160</load_address>
         <run_address>0xe160</run_address>
         <size>0xf0</size>
         <input_file_ref idref="fl-e5"/>
      </object_component>
      <object_component id="oc-dd">
         <name>.debug_info</name>
         <load_address>0xe250</load_address>
         <run_address>0xe250</run_address>
         <size>0x188</size>
         <input_file_ref idref="fl-e5"/>
      </object_component>
      <object_component id="oc-d7">
         <name>.debug_info</name>
         <load_address>0xe3d8</load_address>
         <run_address>0xe3d8</run_address>
         <size>0x1ba</size>
         <input_file_ref idref="fl-e5"/>
      </object_component>
      <object_component id="oc-291">
         <name>.debug_info</name>
         <load_address>0xe592</load_address>
         <run_address>0xe592</run_address>
         <size>0x204</size>
         <input_file_ref idref="fl-e5"/>
      </object_component>
      <object_component id="oc-191">
         <name>.debug_info</name>
         <load_address>0xe796</load_address>
         <run_address>0xe796</run_address>
         <size>0x206</size>
         <input_file_ref idref="fl-e5"/>
      </object_component>
      <object_component id="oc-e3">
         <name>.debug_info</name>
         <load_address>0xe99c</load_address>
         <run_address>0xe99c</run_address>
         <size>0x1ab</size>
         <input_file_ref idref="fl-e5"/>
      </object_component>
      <object_component id="oc-345">
         <name>.debug_info</name>
         <load_address>0xeb47</load_address>
         <run_address>0xeb47</run_address>
         <size>0xe8</size>
         <input_file_ref idref="fl-e6"/>
      </object_component>
      <object_component id="oc-2af">
         <name>.debug_info</name>
         <load_address>0xec2f</load_address>
         <run_address>0xec2f</run_address>
         <size>0xf6</size>
         <input_file_ref idref="fl-e6"/>
      </object_component>
      <object_component id="oc-1f1">
         <name>.debug_info</name>
         <load_address>0xed25</load_address>
         <run_address>0xed25</run_address>
         <size>0x1cb</size>
         <input_file_ref idref="fl-e6"/>
      </object_component>
      <object_component id="oc-2b3">
         <name>.debug_info</name>
         <load_address>0xeef0</load_address>
         <run_address>0xeef0</run_address>
         <size>0x219</size>
         <input_file_ref idref="fl-e6"/>
      </object_component>
      <object_component id="oc-203">
         <name>.debug_info</name>
         <load_address>0xf109</load_address>
         <run_address>0xf109</run_address>
         <size>0x1e0</size>
         <input_file_ref idref="fl-e6"/>
      </object_component>
      <object_component id="oc-1f7">
         <name>.debug_info</name>
         <load_address>0xf2e9</load_address>
         <run_address>0xf2e9</run_address>
         <size>0x22e</size>
         <input_file_ref idref="fl-e6"/>
      </object_component>
      <object_component id="oc-2ac">
         <name>.debug_info</name>
         <load_address>0xf517</load_address>
         <run_address>0xf517</run_address>
         <size>0x1f8</size>
         <input_file_ref idref="fl-e7"/>
      </object_component>
      <object_component id="oc-2a8">
         <name>.debug_info</name>
         <load_address>0xf70f</load_address>
         <run_address>0xf70f</run_address>
         <size>0xff</size>
         <input_file_ref idref="fl-e7"/>
      </object_component>
      <object_component id="oc-1cc">
         <name>.debug_info</name>
         <load_address>0xf80e</load_address>
         <run_address>0xf80e</run_address>
         <size>0x1b2</size>
         <input_file_ref idref="fl-e7"/>
      </object_component>
      <object_component id="oc-1de">
         <name>.debug_info</name>
         <load_address>0xf9c0</load_address>
         <run_address>0xf9c0</run_address>
         <size>0x1f7</size>
         <input_file_ref idref="fl-e7"/>
      </object_component>
      <object_component id="oc-1ea">
         <name>.debug_info</name>
         <load_address>0xfbb7</load_address>
         <run_address>0xfbb7</run_address>
         <size>0x1f9</size>
         <input_file_ref idref="fl-e7"/>
      </object_component>
      <object_component id="oc-139">
         <name>.debug_info</name>
         <load_address>0xfdb0</load_address>
         <run_address>0xfdb0</run_address>
         <size>0x222</size>
[...]
      </symbol>
      <symbol id="sm-94">
         <name>g_ucLED1Pin</name>
         <value>0x2001d83c</value>
      </symbol>
      <symbol id="sm-95">
         <name>g_ucLED2Pin</name>
         <value>0x2001d83d</value>
      </symbol>
      <symbol id="sm-96">
         <name>g_ucLED3Pin</name>
         <value>0x2001d83e</value>
      </symbol>
      <symbol id="sm-97">
         <name>g_uiLED3Port</name>
         <value>0x2001d828</value>
         <object_component_ref idref="oc-1ad"/>
      </symbol>
      <symbol id="sm-98">
         <name>GPIO_IF_Set</name>
         <value>0x20005155</value>
         <object_component_ref idref="oc-c8"/>
      </symbol>
      <symbol id="sm-99">
         <name>GPIO_IF_LedOn</name>
         <value>0x20004ec7</value>
         <object_component_ref idref="oc-c8"/>
      </symbol>
      <symbol id="sm-9a">
         <name>GPIO_IF_GetPortNPin</name>
         <value>0x200050c7</value>
         <object_component_ref idref="oc-c8"/>
      </symbol>
      <symbol id="sm-9b">
         <name>GPIO_IF_LedStatus</name>
         <value>0x2000502f</value>
         <object_component_ref idref="oc-c8"/>
      </symbol>
      <symbol id="sm-9c">
         <name>g_uiLED1Port</name>
         <value>0x2001d820</value>
         <object_component_ref idref="oc-1ad"/>
      </symbol>
      <symbol id="sm-9d">
         <name>GPIO_IF_LedConfigure</name>
         <value>0x20004e89</value>
         <object_component_ref idref="oc-c8"/>
      </symbol>
      <symbol id="sm-9e">
         <name>GPIO_IF_Get</name>
         <value>0x20005199</value>
         <object_component_ref idref="oc-c8"/>
      </symbol>
      <symbol id="sm-9f">
         <name>GPIO_IF_LedToggle</name>
         <value>0x20005099</value>
         <object_component_ref idref="oc-c8"/>
      </symbol>
      <symbol id="sm-a0">
         <name>GPIO_IF_ConfigureNIntEnable</name>
         <value>0x2000510d</value>
         <object_component_ref idref="oc-c8"/>
      </symbol>
      <symbol id="sm-a1">
         <name>GPIO_IF_LedOff</name>
         <value>0x20004f7b</value>
         <object_component_ref idref="oc-c8"/>
      </symbol>
      <symbol id="sm-a2">
         <name>g_uiLED2Port</name>
         <value>0x2001d824</value>
         <object_component_ref idref="oc-1ad"/>
      </symbol>
      <symbol id="sm-dc">
         <name>LEDBlinkyRoutine</name>
         <value>0x2000520b</value>
         <object_component_ref idref="oc-94"/>
      </symbol>
      <symbol id="sm-dd">
         <name>main</name>
         <value>0x20005317</value>
         <object_component_ref idref="oc-94"/>
      </symbol>
      <symbol id="sm-eb">
         <name>PinMuxConfig</name>
         <value>0x20005fd9</value>
         <object_component_ref idref="oc-ed"/>
      </symbol>
      <symbol id="sm-10a">
         <name>ResetISR</name>
         <value>0x2000770b</value>
         <object_component_ref idref="oc-26"/>
      </symbol>
      <symbol id="sm-10b">
         <name>g_pfnVectors</name>
         <value>0x20004000</value>
         <object_component_ref idref="oc-f"/>
      </symbol>
      <symbol id="sm-14d">
         <name>GetCmd</name>
         <value>0x2000553b</value>
         <object_component_ref idref="oc-c2"/>
      </symbol>
      <symbol id="sm-14e">
         <name>Message</name>
         <value>0x200054d7</value>
         <object_component_ref idref="oc-c2"/>
      </symbol>
      <symbol id="sm-14f">
         <name>Report</name>
         <value>0x20005679</value>
         <object_component_ref idref="oc-c2"/>
      </symbol>
      <symbol id="sm-150">
         <name>Error</name>
         <value>0x20005503</value>
         <object_component_ref idref="oc-c2"/>
      </symbol>
      <symbol id="sm-151">
         <name>InitTerm</name>
         <value>0x200054b9</value>
         <object_component_ref idref="oc-c2"/>
      </symbol>
      <symbol id="sm-152">
         <name>ClearTerm</name>
         <value>0x200054f9</value>
         <object_component_ref idref="oc-c2"/>
      </symbol>
      <symbol id="sm-153">
         <name>TrimSpace</name>
         <value>0x200055e1</value>
         <object_component_ref idref="oc-c2"/>
      </symbol>
      <symbol id="sm-16c">
         <name>__TI_zero_init_nomemset</name>
         <value>0x200076d9</value>
         <object_component_ref idref="oc-46"/>
      </symbol>
      <symbol id="sm-183">
         <name>__TI_decompress_none</name>
         <value>0x200076fd</value>
         <object_component_ref idref="oc-18"/>
      </symbol>
      <symbol id="sm-1a6">
         <name>__TI_decompress_lzss</name>
         <value>0x20006e31</value>
         <object_component_ref idref="oc-12"/>
      </symbol>
      <symbol id="sm-1b8">
         <name>__stack</name>
         <value>0x2003f800</value>
         <object_component_ref idref="oc-20"/>
      </symbol>
      <symbol id="sm-1b9">
         <name>_c_int00_noargs</name>
         <value>0x2000747d</value>
         <object_component_ref idref="oc-58"/>
      </symbol>
      <symbol id="sm-1c4">
         <name>C$$EXIT</name>
         <value>0x2000773f</value>
         <object_component_ref idref="oc-fa"/>
      </symbol>
      <symbol id="sm-1c5">
         <name>abort</name>
         <value>0x2000773f</value>
         <object_component_ref idref="oc-fa"/>
      </symbol>
      <symbol id="sm-25b">
         <name>_sys_memory</name>
         <value>0x2001d000</value>
         <object_component_ref idref="oc-23"/>
      </symbol>
      <symbol id="sm-25c">
         <name>free</name>
         <value>0x20006579</value>
         <object_component_ref idref="oc-174"/>
      </symbol>
      <symbol id="sm-25d">
         <name>realloc</name>
         <value>0x20006369</value>
         <object_component_ref idref="oc-16e"/>
      </symbol>
      <symbol id="sm-25e">
         <name>malloc</name>
         <value>0x20006cd5</value>
         <object_component_ref idref="oc-168"/>
      </symbol>
      <symbol id="sm-25f">
         <name>minit</name>
         <value>0x200072f9</value>
         <object_component_ref idref="oc-263"/>
      </symbol>
      <symbol id="sm-274">
         <name>_nop</name>
         <value>0x20004e4b</value>
         <object_component_ref idref="oc-2bd"/>
      </symbol>
      <symbol id="sm-275">
         <name>_lock</name>
         <value>0x2001d82c</value>
         <object_component_ref idref="oc-214"/>
      </symbol>
      <symbol id="sm-276">
         <name>_unlock</name>
         <value>0x2001d830</value>
         <object_component_ref idref="oc-214"/>
      </symbol>
      <symbol id="sm-287">
         <name>memmove</name>
         <value>0x200074f1</value>
         <object_component_ref idref="oc-162"/>
      </symbol>
      <symbol id="sm-295">
         <name>strlen</name>
         <value>0x200076c5</value>
         <object_component_ref idref="oc-15c"/>
      </symbol>
      <symbol id="sm-2c4">
         <name>vsnprintf</name>
         <value>0x20007201</value>
         <object_component_ref idref="oc-14a"/>
      </symbol>
      <symbol id="sm-2df">
         <name>memcpy</name>
         <value>0x2000687d</value>
         <object_component_ref idref="oc-3a"/>
      </symbol>
      <symbol id="sm-2e0">
         <name>__aeabi_memcpy</name>
         <value>0x2000687d</value>
         <object_component_ref idref="oc-3a"/>
      </symbol>
      <symbol id="sm-2e1">
         <name>__aeabi_memcpy8</name>
         <value>0x2000687d</value>
         <object_component_ref idref="oc-3a"/>
      </symbol>
      <symbol id="sm-2e2">
         <name>__aeabi_memcpy4</name>
         <value>0x2000687d</value>
         <object_component_ref idref="oc-3a"/>
      </symbol>
      <symbol id="sm-2f1">
         <name>__aeabi_memset</name>
         <value>0x20006c5d</value>
         <object_component_ref idref="oc-88"/>
      </symbol>
      <symbol id="sm-2f2">
         <name>memset</name>
         <value>0x20006c63</value>
         <object_component_ref idref="oc-88"/>
      </symbol>
      <symbol id="sm-2f3">
         <name>__aeabi_memset8</name>
         <value>0x20006c5d</value>
         <object_component_ref idref="oc-88"/>
      </symbol>
      <symbol id="sm-2f4">
         <name>__aeabi_memset4</name>
         <value>0x20006c5d</value>
         <object_component_ref idref="oc-88"/>
      </symbol>
      <symbol id="sm-2f5">
         <name>__aeabi_memclr8</name>
         <value>0x20006c5b</value>
         <object_component_ref idref="oc-88"/>
      </symbol>
      <symbol id="sm-2f6">
         <name>__aeabi_memclr4</name>
         <value>0x20006c5b</value>
         <object_component_ref idref="oc-88"/>
      </symbol>
      <symbol id="sm-2f7">
         <name>__aeabi_memclr</name>
         <value>0x20006c5b</value>
         <object_component_ref idref="oc-88"/>
      </symbol>
      <symbol id="sm-31f">
         <name>__TI_auto_init_nobinit_nopinit</name>
         <value>0x2000717d</value>
         <object_component_ref idref="oc-106"/>
      </symbol>
      <symbol id="sm-329">
         <name>_system_pre_init</name>
         <value>0x2000773b</value>
         <object_component_ref idref="oc-8e"/>
      </symbol>
      <symbol id="sm-48f">
         <name>__TI_printfi</name>
         <value>0x20004401</value>
         <object_component_ref idref="oc-23f"/>
      </symbol>
      <symbol id="sm-4a5">
         <name>atoi</name>
         <value>0x200070a1</value>
         <object_component_ref idref="oc-2de"/>
      </symbol>
      <symbol id="sm-4b0">
         <name>_ctypes_</name>
         <value>0x20007744</value>
         <object_component_ref idref="oc-356"/>
      </symbol>
      <symbol id="sm-4bf">
         <name>ltoa</name>
         <value>0x20006ff9</value>
         <object_component_ref idref="oc-376"/>
      </symbol>
      <symbol id="sm-4cf">
         <name>memccpy</name>
         <value>0x200075ad</value>
         <object_component_ref idref="oc-307"/>
      </symbol>
      <symbol id="sm-4df">
         <name>strchr</name>
         <value>0x20007671</value>
         <object_component_ref idref="oc-3ad"/>
      </symbol>
      <symbol id="sm-4f8">
         <name>wcslen</name>
         <value>0x200076eb</value>
         <object_component_ref idref="oc-30d"/>
      </symbol>
      <symbol id="sm-518">
         <name>frexpl</name>
         <value>0x20006e99</value>
         <object_component_ref idref="oc-3a1"/>
      </symbol>
      <symbol id="sm-519">
         <name>frexp</name>
         <value>0x20006e99</value>
         <object_component_ref idref="oc-3a1"/>
      </symbol>
      <symbol id="sm-537">
         <name>scalbn</name>
         <value>0x20006651</value>
         <object_component_ref idref="oc-3a7"/>
      </symbol>
      <symbol id="sm-538">
         <name>scalbnl</name>
         <value>0x20006651</value>
         <object_component_ref idref="oc-3a7"/>
      </symbol>
      <symbol id="sm-539">
         <name>ldexpl</name>
         <value>0x20006651</value>
         <object_component_ref idref="oc-3a7"/>
      </symbol>
      <symbol id="sm-53a">
         <name>ldexp</name>
         <value>0x20006651</value>
         <object_component_ref idref="oc-3a7"/>
      </symbol>
      <symbol id="sm-551">
         <name>__aeabi_dsub</name>
         <value>0x20005b6d</value>
         <object_component_ref idref="oc-381"/>
      </symbol>
      <symbol id="sm-552">
         <name>__aeabi_dadd</name>
         <value>0x20005b77</value>
         <object_component_ref idref="oc-381"/>
      </symbol>
      <symbol id="sm-574">
         <name>__aeabi_cdcmpeq</name>
         <value>0x20006acd</value>
         <object_component_ref idref="oc-2ea"/>
      </symbol>
      <symbol id="sm-575">
         <name>__aeabi_cdcmple</name>
         <value>0x20006acd</value>
         <object_component_ref idref="oc-2ea"/>
      </symbol>
      <symbol id="sm-576">
         <name>__aeabi_cdrcmple</name>
         <value>0x20006b53</value>
         <object_component_ref idref="oc-36c"/>
      </symbol>
      <symbol id="sm-58a">
         <name>__aeabi_ddiv</name>
         <value>0x20006111</value>
         <object_component_ref idref="oc-367"/>
      </symbol>
      <symbol id="sm-595">
         <name>__aeabi_dmul</name>
         <value>0x2000647d</value>
         <object_component_ref idref="oc-362"/>
      </symbol>
      <symbol id="sm-59f">
         <name>__aeabi_d2iz</name>
         <value>0x20007135</value>
         <object_component_ref idref="oc-371"/>
      </symbol>
      <symbol id="sm-5a9">
         <name>__aeabi_i2d</name>
         <value>0x200073f9</value>
         <object_component_ref idref="oc-37c"/>
      </symbol>
      <symbol id="sm-5b6">
         <name>__aeabi_uldivmod</name>
         <value>0x20006919</value>
         <object_component_ref idref="oc-35b"/>
      </symbol>
      <symbol id="sm-5cc">
         <name>__aeabi_errno_addr</name>
         <value>0x20007725</value>
         <object_component_ref idref="oc-313"/>
      </symbol>
      <symbol id="sm-5cd">
         <name>errno</name>
         <value>0x2001d834</value>
         <object_component_ref idref="oc-3bd"/>
      </symbol>
      <symbol id="sm-5d7">
         <name>copysign</name>
         <value>0x2000772d</value>
         <object_component_ref idref="oc-3ee"/>
      </symbol>
      <symbol id="sm-5d8">
         <name>copysignl</name>
         <value>0x2000772d</value>
         <object_component_ref idref="oc-3ee"/>
      </symbol>
      <symbol id="sm-5e2">
         <name>__aeabi_idiv0</name>
         <value>0x20005d23</value>
         <object_component_ref idref="oc-3d5"/>
      </symbol>
      <symbol id="sm-5e3">
         <name>__aeabi_ldiv0</name>
         <value>0x20005d23</value>
         <object_component_ref idref="oc-3d5"/>
      </symbol>
      <symbol id="sm-639">
         <name>GPIOIntRegister</name>
         <value>0x20007555</value>
         <object_component_ref idref="oc-195"/>
      </symbol>
      <symbol id="sm-63a">
         <name>GPIOIntEnable</name>
         <value>0x200075c9</value>
         <object_component_ref idref="oc-1a1"/>
      </symbol>
      <symbol id="sm-63b">
         <name>GPIOIntTypeSet</name>
         <value>0x20006bd9</value>
         <object_component_ref idref="oc-189"/>
      </symbol>
      <symbol id="sm-63c">
         <name>GPIOIntClear</name>
         <value>0x2000769b</value>
         <object_component_ref idref="oc-19b"/>
      </symbol>
      <symbol id="sm-63d">
         <name>GPIOPinRead</name>
         <value>0x200075fd</value>
         <object_component_ref idref="oc-ce"/>
      </symbol>
      <symbol id="sm-63e">
         <name>GPIODirModeSet</name>
         <value>0x20007331</value>
         <object_component_ref idref="oc-1fc"/>
      </symbol>
      <symbol id="sm-63f">
         <name>GPIOPinWrite</name>
         <value>0x20007515</value>
         <object_component_ref idref="oc-1a7"/>
      </symbol>
      <symbol id="sm-691">
         <name>IntPrioritySet</name>
         <value>0x20006fa5</value>
         <object_component_ref idref="oc-18f"/>
      </symbol>
      <symbol id="sm-692">
         <name>IntVTableBaseSet</name>
         <value>0x200076b1</value>
         <object_component_ref idref="oc-d5"/>
      </symbol>
      <symbol id="sm-693">
         <name>IntEnable</name>
         <value>0x200067d5</value>
         <object_component_ref idref="oc-e1"/>
      </symbol>
      <symbol id="sm-694">
         <name>IntRegister</name>
         <value>0x20007535</value>
         <object_component_ref idref="oc-28f"/>
      </symbol>
      <symbol id="sm-695">
         <name>IntMasterEnable</name>
         <value>0x20007719</value>
         <object_component_ref idref="oc-db"/>
      </symbol>
      <symbol id="sm-6cc">
         <name>PinTypeUART</name>
         <value>0x200075e3</value>
         <object_component_ref idref="oc-202"/>
      </symbol>
      <symbol id="sm-6cd">
         <name>PinTypeGPIO</name>
         <value>0x20007367</value>
         <object_component_ref idref="oc-1f6"/>
      </symbol>
      <symbol id="sm-6ce">
         <name>PinConfigSet</name>
         <value>0x20006a45</value>
         <object_component_ref idref="oc-2b2"/>
      </symbol>
      <symbol id="sm-6cf">
         <name>PinModeSet</name>
         <value>0x200071c1</value>
         <object_component_ref idref="oc-1f0"/>
      </symbol>
      <symbol id="sm-755">
         <name>PRCMPeripheralReset</name>
         <value>0x20006ef5</value>
         <object_component_ref idref="oc-1e3"/>
      </symbol>
      <symbol id="sm-756">
         <name>PRCMPeripheralClkEnable</name>
         <value>0x20007281</value>
         <object_component_ref idref="oc-1dd"/>
      </symbol>
      <symbol id="sm-757">
         <name>PRCMPeripheralClockGet</name>
         <value>0x200069b1</value>
         <object_component_ref idref="oc-138"/>
      </symbol>
      <symbol id="sm-758">
         <name>PRCMCC3200MCUInit</name>
         <value>0x20005d25</value>
         <object_component_ref idref="oc-e7"/>
      </symbol>
      <symbol id="sm-759">
         <name>PRCMHIBRegWrite</name>
         <value>0x2000765b</value>
         <object_component_ref idref="oc-1d7"/>
      </symbol>
      <symbol id="sm-75a">
         <name>PRCMSysResetCauseGet</name>
         <value>0x20007429</value>
         <object_component_ref idref="oc-1cb"/>
      </symbol>
      <symbol id="sm-75b">
         <name>PRCMPeripheralClkDisable</name>
         <value>0x20007455</value>
         <object_component_ref idref="oc-1e9"/>
      </symbol>
      <symbol id="sm-75c">
         <name>PRCMHIBRegRead</name>
         <value>0x20007645</value>
         <object_component_ref idref="oc-1d1"/>
      </symbol>
      <symbol id="sm-798">
         <name>UARTConfigSetExpClk</name>
         <value>0x20006d4d</value>
         <object_component_ref idref="oc-13e"/>
      </symbol>
      <symbol id="sm-799">
         <name>UARTDisable</name>
         <value>0x20007399</value>
         <object_component_ref idref="oc-231"/>
      </symbol>
      <symbol id="sm-79a">
         <name>UARTCharsAvail</name>
         <value>0x20007615</value>
         <object_component_ref idref="oc-150"/>
      </symbol>
      <symbol id="sm-79b">
         <name>UARTCharGetNonBlocking</name>
         <value>0x20007591</value>
         <object_component_ref idref="oc-156"/>
      </symbol>
      <symbol id="sm-79c">
         <name>UARTCharPut</name>
         <value>0x20007573</value>
         <object_component_ref idref="oc-144"/>
      </symbol>
      <symbol id="sm-79d">
         <name>UARTEnable</name>
         <value>0x200074cd</value>
         <object_component_ref idref="oc-237"/>
      </symbol>
      <symbol id="sm-7a1">
         <name>UtilsDelay</name>
         <value>0x20007735</value>
         <object_component_ref idref="oc-d4"/>
      </symbol>
      <symbol id="sm-7ab">
         <name>CPUcpsie</name>
         <value>0x20007687</value>
         <object_component_ref idref="oc-1bb"/>
      </symbol>
      <symbol id="sm-7ad">
         <name>__TI_static_base__</name>
         <value>0x20007b48</value>
      </symbol>
      <symbol id="sm-7b0">
         <name>__mpu_init</name>
         <value>0x0</value>
      </symbol>
      <symbol id="sm-7b1">
         <name>_system_post_cinit</name>
         <value>0x0</value>
      </symbol>
   </symbol_table>
   <title>Link successful</title>
</link_info>
