******************************************************************************
                  TI ARM Linker PC v18.1.4                     
******************************************************************************
>> Linked Tue Jan 15 18:21:22 2019

OUTPUT FILE NAME:   <Lab1.out>
ENTRY POINT SYMBOL: "_c_int00_noargs"  address: 2000747d


MEMORY CONFIGURATION

         name            origin    length      used     unused   attr    fill
----------------------  --------  ---------  --------  --------  ----  --------
  SRAM_CODE             20004000   00019000  00003b92  0001546e  RW X
  SRAM_DATA             2001d000   00023000  0000103f  00021fc1  RW X


SEGMENT ALLOCATION MAP

run origin  load origin   length   init length attrs members
----------  ----------- ---------- ----------- ----- -------
20004000    20004000    00003b98   00003b98    r-x
  20004000    20004000    00000400   00000400    r-- .intvecs
  20004400    20004400    00003342   00003342    r-x .text
  20007744    20007744    00000400   00000400    r-- .const
  20007b48    20007b48    00000050   00000050    r-- .cinit
2001d000    2001d000    0000083f   00000000    rw-
  2001d000    2001d000    00000800   00000000    rw- .sysmem
  2001d800    2001d800    00000038   00000000    rw- .data
  2001d838    2001d838    00000007   00000000    rw- .bss
2003f800    2003f800    00000800   00000000    rw-
  2003f800    2003f800    00000800   00000000    rw- .stack


SECTION ALLOCATION MAP

 output                                  attributes/
section   page    origin      length       input sections
--------  ----  ----------  ----------   ----------------
.intvecs   0    20004000    00000400     
                  20004000    00000400     startup_ccs.obj (.intvecs)

.init_array 
*          0    20004000    00000000     UNINITIALIZED

.text      0    20004400    00003342     
                  20004400    00000a4a     rtsv7M4_T_le_eabi.lib : _printfi.c.obj (.text:__TI_printfi)
                  20004e4a    00000002                           : _lock.c.obj (.text:_nop)
                  20004e4c    00000398     gpio_if.obj (.text)
                  200051e4    000002d4     main.obj (.text)
                  200054b8    00000280     uart_if.obj (.text)
                  20005738    00000268     rtsv7M4_T_le_eabi.lib : _printfi.c.obj (.text:_pconv_a)
                  200059a0    000001cc                           : _printfi.c.obj (.text:_pconv_g)
                  20005b6c    000001b6                           : fd_add_t2.asm.obj (.text)
                  20005d22    00000002                           : div0.asm.obj (.text)
                  20005d24    00000178     driverlib.a : prcm.obj (.text:PRCMCC3200MCUInit)
                  20005e9c    0000013c     rtsv7M4_T_le_eabi.lib : _printfi.c.obj (.text:_pconv_e)
                  20005fd8    00000138     pin_mux_config.obj (.text)
                  20006110    00000136     rtsv7M4_T_le_eabi.lib : fd_div_t2.asm.obj (.text)
                  20006246    00000002     --HOLE-- [fill = 0]
                  20006248    00000120                           : _printfi.c.obj (.text:fcvt)
                  20006368    00000114                           : memory.c.obj (.text:realloc)
                  2000647c    000000fc                           : fd_mul_t2.asm.obj (.text)
                  20006578    000000d8                           : memory.c.obj (.text:free)
                  20006650    000000d0                           : s_scalbn.c.obj (.text:scalbn)
                  20006720    000000b1                           : _printfi.c.obj (.text:_ltostr)
                  200067d1    00000003     --HOLE-- [fill = 0]
                  200067d4    000000a8     driverlib.a : interrupt.obj (.text:IntEnable)
                  2000687c    0000009c     rtsv7M4_T_le_eabi.lib : memcpy_t2.asm.obj (.text)
                  20006918    00000096                           : ull_div_t2.asm.obj (.text)
                  200069ae    00000002     --HOLE-- [fill = 0]
                  200069b0    00000094     driverlib.a : prcm.obj (.text:PRCMPeripheralClockGet)
                  20006a44    00000088                 : pin.obj (.text:PinConfigSet)
                  20006acc    00000086     rtsv7M4_T_le_eabi.lib : fd_cmp_t2.asm.obj (.text:__aeabi_cdcmple)
                  20006b52    00000086                           : fd_cmp_t2.asm.obj (.text:__aeabi_cdrcmple)
                  20006bd8    00000082     driverlib.a : gpio.obj (.text:GPIOIntTypeSet)
                  20006c5a    0000007a     rtsv7M4_T_le_eabi.lib : memset_t2.asm.obj (.text)
                  20006cd4    00000078                           : memory.c.obj (.text:malloc)
                  20006d4c    00000076     driverlib.a : uart.obj (.text:UARTConfigSetExpClk)
                  20006dc2    0000006e     rtsv7M4_T_le_eabi.lib : _printfi.c.obj (.text:_mcpy)
                  20006e30    00000068                           : copy_decompress_lzss.c.obj (.text:decompress:lzss:__TI_decompress_lzss)
                  20006e98    0000005c                           : s_frexp.c.obj (.text:frexp)
                  20006ef4    00000058     driverlib.a : prcm.obj (.text:PRCMPeripheralReset)
                  20006f4c    00000056     rtsv7M4_T_le_eabi.lib : _printfi.c.obj (.text:_pconv_f)
                  20006fa2    00000002     --HOLE-- [fill = 0]
                  20006fa4    00000054     driverlib.a : interrupt.obj (.text:IntPrioritySet)
                  20006ff8    00000054     rtsv7M4_T_le_eabi.lib : ltoa.c.obj (.text:ltoa)
                  2000704c    00000052                           : _printfi.c.obj (.text:_ecpy)
                  2000709e    00000002     --HOLE-- [fill = 0]
                  200070a0    0000004c                           : atoi.c.obj (.text:atoi)
                  200070ec    00000048     driverlib.a : gpio.obj (.text:GPIOGetIntNumber)
                  20007134    00000048     rtsv7M4_T_le_eabi.lib : fd_toi_t2.asm.obj (.text)
                  2000717c    00000044                           : autoinit.c.obj (.text:__TI_auto_init_nobinit_nopinit:__TI_auto_init_nobinit_nopinit)
                  200071c0    00000040     driverlib.a : pin.obj (.text:PinModeSet)
                  20007200    00000040     rtsv7M4_T_le_eabi.lib : vsnprintf.c.obj (.text:vsnprintf)
                  20007240    0000003e                           : _printfi.c.obj (.text:_fcpy)
                  2000727e    00000002     --HOLE-- [fill = 0]
                  20007280    0000003c     driverlib.a : prcm.obj (.text:PRCMPeripheralClkEnable)
                  200072bc    0000003c     rtsv7M4_T_le_eabi.lib : memory.c.obj (.text:minsert)
                  200072f8    00000038                           : memory.c.obj (.text:minit)
                  20007330    00000036     driverlib.a : gpio.obj (.text:GPIODirModeSet)
                  20007366    00000030                 : pin.obj (.text:PinTypeGPIO)
                  20007396    00000002     --HOLE-- [fill = 0]
                  20007398    00000030                 : uart.obj (.text:UARTDisable)
                  200073c8    00000030     rtsv7M4_T_le_eabi.lib : vsnprintf.c.obj (.text:_outs)
                  200073f8    0000002e                           : i_tofd_t2.asm.obj (.text)
                  20007426    00000002     --HOLE-- [fill = 0]
                  20007428    0000002c     driverlib.a : prcm.obj (.text:PRCMSysResetCauseGet)
                  20007454    00000028                 : prcm.obj (.text:PRCMPeripheralClkDisable)
                  2000747c    00000028     rtsv7M4_T_le_eabi.lib : boot_cortex_m.c.obj (.text:_c_int00_noargs:_c_int00_noargs)
                  200074a4    00000028                           : memory.c.obj (.text:mremove)
                  200074cc    00000024     driverlib.a : uart.obj (.text:UARTEnable)
                  200074f0    00000024     rtsv7M4_T_le_eabi.lib : memmov.c.obj (.text:memmove)
                  20007514    00000020     driverlib.a : gpio.obj (.text:GPIOPinWrite)
                  20007534    00000020                 : interrupt.obj (.text:IntRegister)
                  20007554    0000001e                 : gpio.obj (.text:GPIOIntRegister)
                  20007572    0000001e                 : uart.obj (.text:UARTCharPut)
                  20007590    0000001c                 : uart.obj (.text:UARTCharGetNonBlocking)
                  200075ac    0000001c     rtsv7M4_T_le_eabi.lib : memccpy.c.obj (.text:memccpy)
                  200075c8    0000001a     driverlib.a : gpio.obj (.text:GPIOIntEnable)
                  200075e2    0000001a                 : pin.obj (.text:PinTypeUART)
                  200075fc    00000018                 : gpio.obj (.text:GPIOPinRead)
                  20007614    00000018                 : uart.obj (.text:UARTCharsAvail)
                  2000762c    00000018     rtsv7M4_T_le_eabi.lib : vsnprintf.c.obj (.text:_outc)
                  20007644    00000016     driverlib.a : prcm.obj (.text:PRCMHIBRegRead)
                  2000765a    00000016                 : prcm.obj (.text:PRCMHIBRegWrite)
                  20007670    00000016     rtsv7M4_T_le_eabi.lib : strchr.c.obj (.text:strchr)
                  20007686    00000014     driverlib.a : cpu.obj (.text:CPUcpsie)
                  2000769a    00000014                 : gpio.obj (.text:GPIOIntClear)
                  200076ae    00000002     --HOLE-- [fill = 0]
                  200076b0    00000014                 : interrupt.obj (.text:IntVTableBaseSet)
                  200076c4    00000014     rtsv7M4_T_le_eabi.lib : strlen.c.obj (.text:strlen)
                  200076d8    00000012                           : copy_zero_init.c.obj (.text:decompress:ZI:__TI_zero_init_nomemset:__TI_zero_init_nomemset)
                  200076ea    00000012                           : wcslen.c.obj (.text:wcslen)
                  200076fc    0000000e                           : copy_decompress_none.c.obj (.text:decompress:none:__TI_decompress_none)
                  2000770a    0000000e     startup_ccs.obj (.text)
                  20007718    0000000a     driverlib.a : interrupt.obj (.text:IntMasterEnable)
                  20007722    00000002     --HOLE-- [fill = 0]
                  20007724    00000008     rtsv7M4_T_le_eabi.lib : errno.c.obj (.text:__aeabi_errno_addr)
                  2000772c    00000008                           : s_copysign.c.obj (.text:copysign)
                  20007734    00000006     driverlib.a : utils.obj (.text:UtilsDelay)
                  2000773a    00000004     rtsv7M4_T_le_eabi.lib : pre_init.c.obj (.text:_system_pre_init)
                  2000773e    00000004                           : exit.c.obj (.text:abort:abort)

.const     0    20007744    00000400     
                  20007744    00000101     rtsv7M4_T_le_eabi.lib : ctype.c.obj (.const:.string:_ctypes_)
                  20007845    00000003     --HOLE-- [fill = 0]
                  20007848    00000100     driverlib.a : pin.obj (.const:g_ulPinToPadMap)
                  20007948    000000d4                 : interrupt.obj (.const:g_pulRegs)
                  20007a1c    000000a8                 : prcm.obj (.const:PRCM_PeriphRegsList)
                  20007ac4    00000080                 : interrupt.obj (.const)

.cinit     0    20007b48    00000050     
                  20007b48    0000002b     (.cinit..data.load) [load image, compression = lzss]
                  20007b73    00000001     --HOLE-- [fill = 0]
                  20007b74    0000000c     (__TI_handler_table)
                  20007b80    00000008     (.cinit..bss.load) [load image, compression = zero_init]
                  20007b88    00000010     (__TI_cinit_table)

.sysmem    0    2001d000    00000800     UNINITIALIZED
                  2001d000    00000008     rtsv7M4_T_le_eabi.lib : memory.c.obj (.sysmem)
                  2001d008    000007f8     --HOLE--

.data      0    2001d800    00000038     UNINITIALIZED
                  2001d800    00000014     gpio_if.obj (.data:ulReg)
                  2001d814    0000000c     rtsv7M4_T_le_eabi.lib : memory.c.obj (.data:$O1$$)
                  2001d820    0000000c     gpio_if.obj (.data)
                  2001d82c    00000008     rtsv7M4_T_le_eabi.lib : _lock.c.obj (.data:$O1$$)
                  2001d834    00000004                           : errno.c.obj (.data)

.bss       0    2001d838    00000007     UNINITIALIZED
                  2001d838    00000004     uart_if.obj (.bss)
                  2001d83c    00000001     (.common:g_ucLED1Pin)
                  2001d83d    00000001     (.common:g_ucLED2Pin)
                  2001d83e    00000001     (.common:g_ucLED3Pin)

.stack     0    2003f800    00000800     UNINITIALIZED
                  2003f800    00000004     rtsv7M4_T_le_eabi.lib : boot_cortex_m.c.obj (.stack)
                  2003f804    000007fc     --HOLE--

MODULE SUMMARY

       Module                       code    ro data   rw data
       ------                       ----    -------   -------
    .\
       startup_ccs.obj              14      1024      0      
       gpio_if.obj                  920     0         35     
       main.obj                     724     0         0      
       uart_if.obj                  640     0         4      
       pin_mux_config.obj           312     0         0      
    +--+----------------------------+-------+---------+---------+
       Total:                       2610    1024      39     
                                                             
    C:/TI/CC3200SDK_1.3.0/cc3200-sdk/driverlib/ccs/Release/driverlib.a
       prcm.obj                     800     168       0      
       interrupt.obj                314     340       0      
       pin.obj                      274     256       0      
       gpio.obj                     388     0         0      
       uart.obj                     284     0         0      
       cpu.obj                      20      0         0      
       utils.obj                    6       0         0      
    +--+----------------------------+-------+---------+---------+
       Total:                       2086    764       0      
                                                             
    C:\ti\ccsv8\tools\compiler\ti-cgt-arm_18.1.4.LTS\lib\rtsv7M4_T_le_eabi.lib
       _printfi.c.obj               4831    0         0      
       memory.c.obj                 768     0         12     
       fd_add_t2.asm.obj            438     0         0      
       fd_div_t2.asm.obj            310     0         0      
       fd_cmp_t2.asm.obj            268     0         0      
       ctype.c.obj                  0       257       0      
       fd_mul_t2.asm.obj            252     0         0      
       s_scalbn.c.obj               208     0         0      
       memcpy_t2.asm.obj            156     0         0      
       ull_div_t2.asm.obj           150     0         0      
       vsnprintf.c.obj              136     0         0      
       memset_t2.asm.obj            122     0         0      
       copy_decompress_lzss.c.obj   104     0         0      
       s_frexp.c.obj                92      0         0      
       ltoa.c.obj                   84      0         0      
       atoi.c.obj                   76      0         0      
       fd_toi_t2.asm.obj            72      0         0      
       autoinit.c.obj               68      0         0      
       i_tofd_t2.asm.obj            46      0         0      
       boot_cortex_m.c.obj          40      0         0      
       memmov.c.obj                 36      0         0      
       memccpy.c.obj                28      0         0      
       strchr.c.obj                 22      0         0      
       strlen.c.obj                 20      0         0      
       copy_zero_init.c.obj         18      0         0      
       wcslen.c.obj                 18      0         0      
       copy_decompress_none.c.obj   14      0         0      
       errno.c.obj                  8       0         4      
       _lock.c.obj                  2       0         8      
       s_copysign.c.obj             8       0         0      
       exit.c.obj                   4       0         0      
       pre_init.c.obj               4       0         0      
       div0.asm.obj                 2       0         0      
    +--+----------------------------+-------+---------+---------+
       Total:                       8405    257       24     
                                                             
       Heap:                        0       0         2048   
       Stack:                       0       0         2048   
       Linker Generated:            0       79        0      
    +--+----------------------------+-------+---------+---------+
       Grand Total:                 13101   2124      4159   


LINKER GENERATED COPY TABLES

__TI_cinit_table @ 20007b88 records: 2, size/record: 8, table size: 16
	.data: load addr=20007b48, load size=0000002b bytes, run addr=2001d800, run size=00000038 bytes, compression=lzss
	.bss: load addr=20007b80, load size=00000008 bytes, run addr=2001d838, run size=00000007 bytes, compression=zero_init


LINKER GENERATED HANDLER TABLE

__TI_handler_table @ 20007b74 records: 3, size/record: 4, table size: 12
	index: 0, handler: __TI_decompress_lzss
	index: 1, handler: __TI_decompress_none
	index: 2, handler: __TI_zero_init


GLOBAL SYMBOLS: SORTED ALPHABETICALLY BY Name 

address   name                          
-------   ----                          
2000773f  C$$EXIT                       
20007687  CPUcpsie                      
200054f9  ClearTerm                     
20005503  Error                         
20007331  GPIODirModeSet                
2000769b  GPIOIntClear                  
200075c9  GPIOIntEnable                 
20007555  GPIOIntRegister               
20006bd9  GPIOIntTypeSet                
200075fd  GPIOPinRead                   
20007515  GPIOPinWrite                  
2000510d  GPIO_IF_ConfigureNIntEnable   
20005199  GPIO_IF_Get                   
200050c7  GPIO_IF_GetPortNPin           
20004e89  GPIO_IF_LedConfigure          
20004f7b  GPIO_IF_LedOff                
20004ec7  GPIO_IF_LedOn                 
2000502f  GPIO_IF_LedStatus             
20005099  GPIO_IF_LedToggle             
20005155  GPIO_IF_Set                   
2000553b  GetCmd                        
200054b9  InitTerm                      
200067d5  IntEnable                     
20007719  IntMasterEnable               
20006fa5  IntPrioritySet                
20007535  IntRegister                   
200076b1  IntVTableBaseSet              
2000520b  LEDBlinkyRoutine              
200054d7  Message                       
20005d25  PRCMCC3200MCUInit             
20007645  PRCMHIBRegRead                
2000765b  PRCMHIBRegWrite               
20007455  PRCMPeripheralClkDisable      
20007281  PRCMPeripheralClkEnable       
200069b1  PRCMPeripheralClockGet        
20006ef5  PRCMPeripheralReset           
20007429  PRCMSysResetCauseGet          
20006a45  PinConfigSet                  
200071c1  PinModeSet                    
20005fd9  PinMuxConfig                  
20007367  PinTypeGPIO                   
200075e3  PinTypeUART                   
20005679  Report                        
2000770b  ResetISR                      
200055e1  TrimSpace                     
20007591  UARTCharGetNonBlocking        
20007573  UARTCharPut                   
20007615  UARTCharsAvail                
20006d4d  UARTConfigSetExpClk           
20007399  UARTDisable                   
200074cd  UARTEnable                    
20007735  UtilsDelay                    
20040000  __STACK_END                   
00000800  __STACK_SIZE                  
00000800  __SYSMEM_SIZE                 
20007b88  __TI_CINIT_Base               
20007b98  __TI_CINIT_Limit              
20007b74  __TI_Handler_Table_Base       
20007b80  __TI_Handler_Table_Limit      
2000717d  __TI_auto_init_nobinit_nopinit
20006e31  __TI_decompress_lzss          
200076fd  __TI_decompress_none          
ffffffff  __TI_pprof_out_hndl           
20004401  __TI_printfi                  
ffffffff  __TI_prof_data_size           
ffffffff  __TI_prof_data_start          
20007b48  __TI_static_base__            
200076d9  __TI_zero_init_nomemset       
20006acd  __aeabi_cdcmpeq               
20006acd  __aeabi_cdcmple               
20006b53  __aeabi_cdrcmple              
20007135  __aeabi_d2iz                  
20005b77  __aeabi_dadd                  
20006111  __aeabi_ddiv                  
2000647d  __aeabi_dmul                  
20005b6d  __aeabi_dsub                  
20007725  __aeabi_errno_addr            
200073f9  __aeabi_i2d                   
20005d23  __aeabi_idiv0                 
20005d23  __aeabi_ldiv0                 
20006c5b  __aeabi_memclr                
20006c5b  __aeabi_memclr4               
20006c5b  __aeabi_memclr8               
2000687d  __aeabi_memcpy                
2000687d  __aeabi_memcpy4               
2000687d  __aeabi_memcpy8               
20006c5d  __aeabi_memset                
20006c5d  __aeabi_memset4               
20006c5d  __aeabi_memset8               
20006919  __aeabi_uldivmod              
ffffffff  __binit__                     
ffffffff  __c_args__                    
UNDEFED   __mpu_init                    
2003f800  __stack                       
2000747d  _c_int00_noargs               
20007744  _ctypes_                      
2001d82c  _lock                         
20004e4b  _nop                          
2001d000  _sys_memory                   
UNDEFED   _system_post_cinit            
2000773b  _system_pre_init              
2001d830  _unlock                       
2000773f  abort                         
200070a1  atoi                          
ffffffff  binit                         
2000772d  copysign                      
2000772d  copysignl                     
2001d834  errno                         
20006579  free                          
20006e99  frexp                         
20006e99  frexpl                        
20004000  g_pfnVectors                  
2001d83c  g_ucLED1Pin                   
2001d83d  g_ucLED2Pin                   
2001d83e  g_ucLED3Pin                   
2001d820  g_uiLED1Port                  
2001d824  g_uiLED2Port                  
2001d828  g_uiLED3Port                  
20006651  ldexp                         
20006651  ldexpl                        
20006ff9  ltoa                          
20005317  main                          
20006cd5  malloc                        
200075ad  memccpy                       
2000687d  memcpy                        
200074f1  memmove                       
20006c63  memset                        
200072f9  minit                         
20006369  realloc                       
20006651  scalbn                        
20006651  scalbnl                       
20007671  strchr                        
200076c5  strlen                        
20007201  vsnprintf                     
200076eb  wcslen                        


GLOBAL SYMBOLS: SORTED BY Symbol Address 

address   name                          
-------   ----                          
00000800  __STACK_SIZE                  
00000800  __SYSMEM_SIZE                 
20004000  g_pfnVectors                  
20004401  __TI_printfi                  
20004e4b  _nop                          
20004e89  GPIO_IF_LedConfigure          
20004ec7  GPIO_IF_LedOn                 
20004f7b  GPIO_IF_LedOff                
2000502f  GPIO_IF_LedStatus             
20005099  GPIO_IF_LedToggle             
200050c7  GPIO_IF_GetPortNPin           
2000510d  GPIO_IF_ConfigureNIntEnable   
20005155  GPIO_IF_Set                   
20005199  GPIO_IF_Get                   
2000520b  LEDBlinkyRoutine              
20005317  main                          
200054b9  InitTerm                      
200054d7  Message                       
200054f9  ClearTerm                     
20005503  Error                         
2000553b  GetCmd                        
200055e1  TrimSpace                     
20005679  Report                        
20005b6d  __aeabi_dsub                  
20005b77  __aeabi_dadd                  
20005d23  __aeabi_idiv0                 
20005d23  __aeabi_ldiv0                 
20005d25  PRCMCC3200MCUInit             
20005fd9  PinMuxConfig                  
20006111  __aeabi_ddiv                  
20006369  realloc                       
2000647d  __aeabi_dmul                  
20006579  free                          
20006651  ldexp                         
20006651  ldexpl                        
20006651  scalbn                        
20006651  scalbnl                       
200067d5  IntEnable                     
2000687d  __aeabi_memcpy                
2000687d  __aeabi_memcpy4               
2000687d  __aeabi_memcpy8               
2000687d  memcpy                        
20006919  __aeabi_uldivmod              
200069b1  PRCMPeripheralClockGet        
20006a45  PinConfigSet                  
20006acd  __aeabi_cdcmpeq               
20006acd  __aeabi_cdcmple               
20006b53  __aeabi_cdrcmple              
20006bd9  GPIOIntTypeSet                
20006c5b  __aeabi_memclr                
20006c5b  __aeabi_memclr4               
20006c5b  __aeabi_memclr8               
20006c5d  __aeabi_memset                
20006c5d  __aeabi_memset4               
20006c5d  __aeabi_memset8               
20006c63  memset                        
20006cd5  malloc                        
20006d4d  UARTConfigSetExpClk           
20006e31  __TI_decompress_lzss          
20006e99  frexp                         
20006e99  frexpl                        
20006ef5  PRCMPeripheralReset           
20006fa5  IntPrioritySet                
20006ff9  ltoa                          
200070a1  atoi                          
20007135  __aeabi_d2iz                  
2000717d  __TI_auto_init_nobinit_nopinit
200071c1  PinModeSet                    
20007201  vsnprintf                     
20007281  PRCMPeripheralClkEnable       
200072f9  minit                         
20007331  GPIODirModeSet                
20007367  PinTypeGPIO                   
20007399  UARTDisable                   
200073f9  __aeabi_i2d                   
20007429  PRCMSysResetCauseGet          
20007455  PRCMPeripheralClkDisable      
2000747d  _c_int00_noargs               
200074cd  UARTEnable                    
200074f1  memmove                       
20007515  GPIOPinWrite                  
20007535  IntRegister                   
20007555  GPIOIntRegister               
20007573  UARTCharPut                   
20007591  UARTCharGetNonBlocking        
200075ad  memccpy                       
200075c9  GPIOIntEnable                 
200075e3  PinTypeUART                   
200075fd  GPIOPinRead                   
20007615  UARTCharsAvail                
20007645  PRCMHIBRegRead                
2000765b  PRCMHIBRegWrite               
20007671  strchr                        
20007687  CPUcpsie                      
2000769b  GPIOIntClear                  
200076b1  IntVTableBaseSet              
200076c5  strlen                        
200076d9  __TI_zero_init_nomemset       
200076eb  wcslen                        
200076fd  __TI_decompress_none          
2000770b  ResetISR                      
20007719  IntMasterEnable               
20007725  __aeabi_errno_addr            
2000772d  copysign                      
2000772d  copysignl                     
20007735  UtilsDelay                    
2000773b  _system_pre_init              
2000773f  C$$EXIT                       
2000773f  abort                         
20007744  _ctypes_                      
20007b48  __TI_static_base__            
20007b74  __TI_Handler_Table_Base       
20007b80  __TI_Handler_Table_Limit      
20007b88  __TI_CINIT_Base               
20007b98  __TI_CINIT_Limit              
2001d000  _sys_memory                   
2001d820  g_uiLED1Port                  
2001d824  g_uiLED2Port                  
2001d828  g_uiLED3Port                  
2001d82c  _lock                         
2001d830  _unlock                       
2001d834  errno                         
2001d83c  g_ucLED1Pin                   
2001d83d  g_ucLED2Pin                   
2001d83e  g_ucLED3Pin                   
2003f800  __stack                       
20040000  __STACK_END                   
ffffffff  __TI_pprof_out_hndl           
ffffffff  __TI_prof_data_size           
ffffffff  __TI_prof_data_start          
ffffffff  __binit__                     
ffffffff  __c_args__                    
ffffffff  binit                         
UNDEFED   __mpu_init                    
UNDEFED   _system_post_cinit            

[135 symbols]
