<?xml version="1.0" encoding="ISO-8859-1" ?>
<link_info>
   <banner>TI ARM Linker PC v18.1.4.LTS</banner>
   <copyright>Copyright (c) 1996-2018 Texas Instruments Incorporated</copyright>
   <link_time>0x5c3e9478</link_time>
   <link_errors>0x0</link_errors>
   <output_file>uart_demo.out</output_file>
   <entry_point>
      <name>_c_int00_noargs</name>
      <address>0x20006e7d</address>
   </entry_point>
   <input_file_list>
      <input_file id="fl-2">
         <path>.\</path>
         <kind>object</kind>
         <file>main.obj</file>
         <name>main.obj</name>
      </input_file>
      <input_file id="fl-3">
         <path>.\</path>
         <kind>object</kind>
         <file>pinmux.obj</file>
         <name>pinmux.obj</name>
      </input_file>
      <input_file id="fl-4">
         <path>.\</path>
         <kind>object</kind>
         <file>startup_ccs.obj</file>
         <name>startup_ccs.obj</name>
      </input_file>
      <input_file id="fl-5">
         <path>.\</path>
         <kind>object</kind>
         <file>uart_if.obj</file>
         <name>uart_if.obj</name>
      </input_file>
      <input_file id="fl-a">
         <kind>object</kind>
         <file>&lt;internal&gt;</file>
         <name>&lt;internal&gt;</name>
      </input_file>
      <input_file id="fl-c0">
         <path>C:\ti\ccsv8\tools\compiler\ti-cgt-arm_18.1.4.LTS\lib\</path>
         <kind>archive</kind>
         <file>rtsv7M4_T_le_eabi.lib</file>
         <name>copy_zero_init.c.obj</name>
      </input_file>
      <input_file id="fl-c1">
         <path>C:\ti\ccsv8\tools\compiler\ti-cgt-arm_18.1.4.LTS\lib\</path>
         <kind>archive</kind>
         <file>rtsv7M4_T_le_eabi.lib</file>
         <name>copy_decompress_none.c.obj</name>
      </input_file>
      <input_file id="fl-c2">
         <path>C:\ti\ccsv8\tools\compiler\ti-cgt-arm_18.1.4.LTS\lib\</path>
         <kind>archive</kind>
         <file>rtsv7M4_T_le_eabi.lib</file>
         <name>copy_decompress_lzss.c.obj</name>
      </input_file>
      <input_file id="fl-c3">
         <path>C:\ti\ccsv8\tools\compiler\ti-cgt-arm_18.1.4.LTS\lib\</path>
         <kind>archive</kind>
         <file>rtsv7M4_T_le_eabi.lib</file>
         <name>boot_cortex_m.c.obj</name>
      </input_file>
      <input_file id="fl-c4">
         <path>C:\ti\ccsv8\tools\compiler\ti-cgt-arm_18.1.4.LTS\lib\</path>
         <kind>archive</kind>
         <file>rtsv7M4_T_le_eabi.lib</file>
         <name>exit.c.obj</name>
      </input_file>
      <input_file id="fl-c5">
         <path>C:\ti\ccsv8\tools\compiler\ti-cgt-arm_18.1.4.LTS\lib\</path>
         <kind>archive</kind>
         <file>rtsv7M4_T_le_eabi.lib</file>
         <name>memory.c.obj</name>
      </input_file>
      <input_file id="fl-c6">
         <path>C:\ti\ccsv8\tools\compiler\ti-cgt-arm_18.1.4.LTS\lib\</path>
         <kind>archive</kind>
         <file>rtsv7M4_T_le_eabi.lib</file>
         <name>_lock.c.obj</name>
      </input_file>
      <input_file id="fl-c7">
         <path>C:\ti\ccsv8\tools\compiler\ti-cgt-arm_18.1.4.LTS\lib\</path>
         <kind>archive</kind>
         <file>rtsv7M4_T_le_eabi.lib</file>
         <name>args_main.c.obj</name>
      </input_file>
      <input_file id="fl-c8">
         <path>C:\ti\ccsv8\tools\compiler\ti-cgt-arm_18.1.4.LTS\lib\</path>
         <kind>archive</kind>
         <file>rtsv7M4_T_le_eabi.lib</file>
         <name>memmov.c.obj</name>
      </input_file>
      <input_file id="fl-c9">
         <path>C:\ti\ccsv8\tools\compiler\ti-cgt-arm_18.1.4.LTS\lib\</path>
         <kind>archive</kind>
         <file>rtsv7M4_T_le_eabi.lib</file>
         <name>strlen.c.obj</name>
      </input_file>
      <input_file id="fl-ca">
         <path>C:\ti\ccsv8\tools\compiler\ti-cgt-arm_18.1.4.LTS\lib\</path>
         <kind>archive</kind>
         <file>rtsv7M4_T_le_eabi.lib</file>
         <name>vsnprintf.c.obj</name>
      </input_file>
      <input_file id="fl-cb">
         <path>C:\ti\ccsv8\tools\compiler\ti-cgt-arm_18.1.4.LTS\lib\</path>
         <kind>archive</kind>
         <file>rtsv7M4_T_le_eabi.lib</file>
         <name>memcpy_t2.asm.obj</name>
      </input_file>
      <input_file id="fl-cc">
         <path>C:\ti\ccsv8\tools\compiler\ti-cgt-arm_18.1.4.LTS\lib\</path>
         <kind>archive</kind>
         <file>rtsv7M4_T_le_eabi.lib</file>
         <name>memset_t2.asm.obj</name>
      </input_file>
      <input_file id="fl-cd">
         <path>C:\ti\ccsv8\tools\compiler\ti-cgt-arm_18.1.4.LTS\lib\</path>
         <kind>archive</kind>
         <file>rtsv7M4_T_le_eabi.lib</file>
         <name>autoinit.c.obj</name>
      </input_file>
      <input_file id="fl-ce">
         <path>C:\ti\ccsv8\tools\compiler\ti-cgt-arm_18.1.4.LTS\lib\</path>
         <kind>archive</kind>
         <file>rtsv7M4_T_le_eabi.lib</file>
         <name>pre_init.c.obj</name>
      </input_file>
      <input_file id="fl-cf">
         <path>C:\ti\ccsv8\tools\compiler\ti-cgt-arm_18.1.4.LTS\lib\</path>
         <kind>archive</kind>
         <file>rtsv7M4_T_le_eabi.lib</file>
         <name>cpy_tbl.c.obj</name>
      </input_file>
      <input_file id="fl-d0">
         <path>C:\ti\ccsv8\tools\compiler\ti-cgt-arm_18.1.4.LTS\lib\</path>
         <kind>archive</kind>
         <file>rtsv7M4_T_le_eabi.lib</file>
         <name>_printfi.c.obj</name>
      </input_file>
      <input_file id="fl-d1">
         <path>C:\ti\ccsv8\tools\compiler\ti-cgt-arm_18.1.4.LTS\lib\</path>
         <kind>archive</kind>
         <file>rtsv7M4_T_le_eabi.lib</file>
         <name>atoi.c.obj</name>
      </input_file>
      <input_file id="fl-d2">
         <path>C:\ti\ccsv8\tools\compiler\ti-cgt-arm_18.1.4.LTS\lib\</path>
         <kind>archive</kind>
         <file>rtsv7M4_T_le_eabi.lib</file>
         <name>ctype.c.obj</name>
      </input_file>
      <input_file id="fl-d3">
         <path>C:\ti\ccsv8\tools\compiler\ti-cgt-arm_18.1.4.LTS\lib\</path>
         <kind>archive</kind>
         <file>rtsv7M4_T_le_eabi.lib</file>
         <name>ltoa.c.obj</name>
      </input_file>
      <input_file id="fl-d4">
         <path>C:\ti\ccsv8\tools\compiler\ti-cgt-arm_18.1.4.LTS\lib\</path>
         <kind>archive</kind>
         <file>rtsv7M4_T_le_eabi.lib</file>
         <name>memccpy.c.obj</name>
      </input_file>
      <input_file id="fl-d5">
         <path>C:\ti\ccsv8\tools\compiler\ti-cgt-arm_18.1.4.LTS\lib\</path>
         <kind>archive</kind>
         <file>rtsv7M4_T_le_eabi.lib</file>
         <name>strchr.c.obj</name>
      </input_file>
      <input_file id="fl-d6">
         <path>C:\ti\ccsv8\tools\compiler\ti-cgt-arm_18.1.4.LTS\lib\</path>
         <kind>archive</kind>
         <file>rtsv7M4_T_le_eabi.lib</file>
         <name>wcslen.c.obj</name>
      </input_file>
      <input_file id="fl-d7">
         <path>C:\ti\ccsv8\tools\compiler\ti-cgt-arm_18.1.4.LTS\lib\</path>
         <kind>archive</kind>
         <file>rtsv7M4_T_le_eabi.lib</file>
         <name>s_frexp.c.obj</name>
      </input_file>
      <input_file id="fl-d8">
         <path>C:\ti\ccsv8\tools\compiler\ti-cgt-arm_18.1.4.LTS\lib\</path>
         <kind>archive</kind>
         <file>rtsv7M4_T_le_eabi.lib</file>
         <name>s_scalbn.c.obj</name>
      </input_file>
      <input_file id="fl-d9">
         <path>C:\ti\ccsv8\tools\compiler\ti-cgt-arm_18.1.4.LTS\lib\</path>
         <kind>archive</kind>
         <file>rtsv7M4_T_le_eabi.lib</file>
         <name>fd_add_t2.asm.obj</name>
      </input_file>
      <input_file id="fl-da">
         <path>C:\ti\ccsv8\tools\compiler\ti-cgt-arm_18.1.4.LTS\lib\</path>
         <kind>archive</kind>
         <file>rtsv7M4_T_le_eabi.lib</file>
         <name>fd_cmp_t2.asm.obj</name>
      </input_file>
      <input_file id="fl-db">
         <path>C:\ti\ccsv8\tools\compiler\ti-cgt-arm_18.1.4.LTS\lib\</path>
         <kind>archive</kind>
         <file>rtsv7M4_T_le_eabi.lib</file>
         <name>fd_div_t2.asm.obj</name>
      </input_file>
      <input_file id="fl-dc">
         <path>C:\ti\ccsv8\tools\compiler\ti-cgt-arm_18.1.4.LTS\lib\</path>
         <kind>archive</kind>
         <file>rtsv7M4_T_le_eabi.lib</file>
         <name>fd_mul_t2.asm.obj</name>
      </input_file>
      <input_file id="fl-dd">
         <path>C:\ti\ccsv8\tools\compiler\ti-cgt-arm_18.1.4.LTS\lib\</path>
         <kind>archive</kind>
         <file>rtsv7M4_T_le_eabi.lib</file>
         <name>fd_toi_t2.asm.obj</name>
      </input_file>
      <input_file id="fl-de">
         <path>C:\ti\ccsv8\tools\compiler\ti-cgt-arm_18.1.4.LTS\lib\</path>
         <kind>archive</kind>
         <file>rtsv7M4_T_le_eabi.lib</file>
         <name>i_tofd_t2.asm.obj</name>
      </input_file>
      <input_file id="fl-df">
         <path>C:\ti\ccsv8\tools\compiler\ti-cgt-arm_18.1.4.LTS\lib\</path>
         <kind>archive</kind>
         <file>rtsv7M4_T_le_eabi.lib</file>
         <name>ull_div_t2.asm.obj</name>
      </input_file>
      <input_file id="fl-e0">
         <path>C:\ti\ccsv8\tools\compiler\ti-cgt-arm_18.1.4.LTS\lib\</path>
         <kind>archive</kind>
         <file>rtsv7M4_T_le_eabi.lib</file>
         <name>errno.c.obj</name>
      </input_file>
      <input_file id="fl-e1">
         <path>C:\ti\ccsv8\tools\compiler\ti-cgt-arm_18.1.4.LTS\lib\</path>
         <kind>archive</kind>
         <file>rtsv7M4_T_le_eabi.lib</file>
         <name>s_copysign.c.obj</name>
      </input_file>
      <input_file id="fl-e2">
         <path>C:\ti\ccsv8\tools\compiler\ti-cgt-arm_18.1.4.LTS\lib\</path>
         <kind>archive</kind>
         <file>rtsv7M4_T_le_eabi.lib</file>
         <name>div0.asm.obj</name>
      </input_file>
      <input_file id="fl-e3">
         <path>C:\TI\CC3200SDK_1.3.0\cc3200-sdk\driverlib\ccs\Release\</path>
         <kind>archive</kind>
         <file>driverlib.a</file>
         <name>interrupt.obj</name>
      </input_file>
      <input_file id="fl-e4">
         <path>C:\TI\CC3200SDK_1.3.0\cc3200-sdk\driverlib\ccs\Release\</path>
         <kind>archive</kind>
         <file>driverlib.a</file>
         <name>pin.obj</name>
      </input_file>
      <input_file id="fl-e5">
         <path>C:\TI\CC3200SDK_1.3.0\cc3200-sdk\driverlib\ccs\Release\</path>
         <kind>archive</kind>
         <file>driverlib.a</file>
         <name>prcm.obj</name>
      </input_file>
      <input_file id="fl-e6">
         <path>C:\TI\CC3200SDK_1.3.0\cc3200-sdk\driverlib\ccs\Release\</path>
         <kind>archive</kind>
         <file>driverlib.a</file>
         <name>uart.obj</name>
      </input_file>
      <input_file id="fl-e7">
         <path>C:\TI\CC3200SDK_1.3.0\cc3200-sdk\driverlib\ccs\Release\</path>
         <kind>archive</kind>
         <file>driverlib.a</file>
         <name>utils.obj</name>
      </input_file>
      <input_file id="fl-e8">
         <path>C:\TI\CC3200SDK_1.3.0\cc3200-sdk\driverlib\ccs\Release\</path>
         <kind>archive</kind>
         <file>driverlib.a</file>
         <name>cpu.obj</name>
      </input_file>
      <input_file id="fl-e9">
         <path>C:\TI\CC3200SDK_1.3.0\cc3200-sdk\driverlib\ccs\Release\</path>
         <kind>archive</kind>
         <file>driverlib.a</file>
         <name>flash.obj</name>
      </input_file>
   </input_file_list>
   <object_component_list>
      <object_component id="oc-f">
         <name>.intvecs</name>
         <load_address>0x20004000</load_address>
         <run_address>0x20004000</run_address>
         <size>0x400</size>
         <input_file_ref idref="fl-4"/>
      </object_component>
      <object_component id="oc-1f1">
         <name>.text:__TI_printfi</name>
         <load_address>0x20004400</load_address>
         <run_address>0x20004400</run_address>
         <size>0xa4a</size>
         <input_file_ref idref="fl-d0"/>
      </object_component>
      <object_component id="oc-259">
         <name>.text:_nop</name>
         <load_address>0x20004e4a</load_address>
         <run_address>0x20004e4a</run_address>
         <size>0x2</size>
         <input_file_ref idref="fl-c6"/>
      </object_component>
      <object_component id="oc-94">
         <name>.text</name>
         <load_address>0x20004e4c</load_address>
         <run_address>0x20004e4c</run_address>
         <size>0x32c</size>
         <input_file_ref idref="fl-2"/>
      </object_component>
      <object_component id="oc-c2">
         <name>.text</name>
         <load_address>0x20005178</load_address>
         <run_address>0x20005178</run_address>
         <size>0x280</size>
         <input_file_ref idref="fl-5"/>
      </object_component>
      <object_component id="oc-29d">
         <name>.text:_pconv_a</name>
         <load_address>0x200053f8</load_address>
         <run_address>0x200053f8</run_address>
         <size>0x268</size>
         <input_file_ref idref="fl-d0"/>
      </object_component>
      <object_component id="oc-28b">
         <name>.text:_pconv_g</name>
         <load_address>0x20005660</load_address>
         <run_address>0x20005660</run_address>
         <size>0x1cc</size>
         <input_file_ref idref="fl-d0"/>
      </object_component>
      <object_component id="oc-318">
         <name>.text</name>
         <load_address>0x2000582c</load_address>
         <run_address>0x2000582c</run_address>
         <size>0x1b6</size>
         <input_file_ref idref="fl-d9"/>
      </object_component>
      <object_component id="oc-36d">
         <name>.text</name>
         <load_address>0x200059e2</load_address>
         <run_address>0x200059e2</run_address>
         <size>0x2</size>
         <input_file_ref idref="fl-e2"/>
      </object_component>
      <object_component id="oc-da">
         <name>.text:PRCMCC3200MCUInit</name>
         <load_address>0x200059e4</load_address>
         <run_address>0x200059e4</run_address>
         <size>0x178</size>
         <input_file_ref idref="fl-e5"/>
      </object_component>
      <object_component id="oc-297">
         <name>.text:_pconv_e</name>
         <load_address>0x20005b5c</load_address>
         <run_address>0x20005b5c</run_address>
         <size>0x13c</size>
         <input_file_ref idref="fl-d0"/>
      </object_component>
      <object_component id="oc-2fe">
         <name>.text</name>
         <load_address>0x20005c98</load_address>
         <run_address>0x20005c98</run_address>
         <size>0x136</size>
         <input_file_ref idref="fl-db"/>
      </object_component>
      <object_component id="oc-32a">
         <name>.text:fcvt</name>
         <load_address>0x20005dd0</load_address>
         <run_address>0x20005dd0</run_address>
         <size>0x120</size>
         <input_file_ref idref="fl-d0"/>
      </object_component>
      <object_component id="oc-165">
         <name>.text:realloc</name>
         <load_address>0x20005ef0</load_address>
         <run_address>0x20005ef0</run_address>
         <size>0x114</size>
         <input_file_ref idref="fl-c5"/>
      </object_component>
      <object_component id="oc-2f9">
         <name>.text</name>
         <load_address>0x20006004</load_address>
         <run_address>0x20006004</run_address>
         <size>0xfc</size>
         <input_file_ref idref="fl-dc"/>
      </object_component>
      <object_component id="oc-16b">
         <name>.text:free</name>
         <load_address>0x20006100</load_address>
         <run_address>0x20006100</run_address>
         <size>0xd8</size>
         <input_file_ref idref="fl-c5"/>
      </object_component>
      <object_component id="oc-33e">
         <name>.text:scalbn</name>
         <load_address>0x200061d8</load_address>
         <run_address>0x200061d8</run_address>
         <size>0xd0</size>
         <input_file_ref idref="fl-d8"/>
      </object_component>
      <object_component id="oc-280">
         <name>.text:_ltostr</name>
         <load_address>0x200062a8</load_address>
         <run_address>0x200062a8</run_address>
         <size>0xb1</size>
         <input_file_ref idref="fl-d0"/>
      </object_component>
      <object_component id="oc-d4">
         <name>.text:IntEnable</name>
         <load_address>0x2000635c</load_address>
         <run_address>0x2000635c</run_address>
         <size>0xa8</size>
         <input_file_ref idref="fl-e3"/>
      </object_component>
      <object_component id="oc-3a">
         <name>.text</name>
         <load_address>0x20006404</load_address>
         <run_address>0x20006404</run_address>
         <size>0x9c</size>
         <input_file_ref idref="fl-cb"/>
      </object_component>
      <object_component id="oc-2f2">
         <name>.text</name>
         <load_address>0x200064a0</load_address>
         <run_address>0x200064a0</run_address>
         <size>0x96</size>
         <input_file_ref idref="fl-df"/>
      </object_component>
      <object_component id="oc-135">
         <name>.text:PRCMPeripheralClockGet</name>
         <load_address>0x20006538</load_address>
         <run_address>0x20006538</run_address>
         <size>0x94</size>
         <input_file_ref idref="fl-e5"/>
      </object_component>
      <object_component id="oc-250">
         <name>.text:PinConfigSet</name>
         <load_address>0x200065cc</load_address>
         <run_address>0x200065cc</run_address>
         <size>0x88</size>
         <input_file_ref idref="fl-e4"/>
      </object_component>
      <object_component id="oc-286">
         <name>.text:__aeabi_cdcmple</name>
         <load_address>0x20006654</load_address>
         <run_address>0x20006654</run_address>
         <size>0x86</size>
         <input_file_ref idref="fl-da"/>
      </object_component>
      <object_component id="oc-303">
         <name>.text:__aeabi_cdrcmple</name>
         <load_address>0x200066da</load_address>
         <run_address>0x200066da</run_address>
         <size>0x86</size>
         <input_file_ref idref="fl-da"/>
      </object_component>
      <object_component id="oc-88">
         <name>.text</name>
         <load_address>0x20006760</load_address>
         <run_address>0x20006760</run_address>
         <size>0x7a</size>
         <input_file_ref idref="fl-cc"/>
      </object_component>
      <object_component id="oc-15f">
         <name>.text:malloc</name>
         <load_address>0x200067dc</load_address>
         <run_address>0x200067dc</run_address>
         <size>0x78</size>
         <input_file_ref idref="fl-c5"/>
      </object_component>
      <object_component id="oc-13b">
         <name>.text:UARTConfigSetExpClk</name>
         <load_address>0x20006854</load_address>
         <run_address>0x20006854</run_address>
         <size>0x76</size>
         <input_file_ref idref="fl-e6"/>
      </object_component>
      <object_component id="oc-323">
         <name>.text:_mcpy</name>
         <load_address>0x200068ca</load_address>
         <run_address>0x200068ca</run_address>
         <size>0x6e</size>
         <input_file_ref idref="fl-d0"/>
      </object_component>
      <object_component id="oc-12">
         <name>.text:decompress:lzss:__TI_decompress_lzss</name>
         <load_address>0x20006938</load_address>
         <run_address>0x20006938</run_address>
         <size>0x68</size>
         <input_file_ref idref="fl-c2"/>
      </object_component>
      <object_component id="oc-338">
         <name>.text:frexp</name>
         <load_address>0x200069a0</load_address>
         <run_address>0x200069a0</run_address>
         <size>0x5c</size>
         <input_file_ref idref="fl-d7"/>
      </object_component>
      <object_component id="oc-1a9">
         <name>.text:PRCMPeripheralReset</name>
         <load_address>0x200069fc</load_address>
         <run_address>0x200069fc</run_address>
         <size>0x58</size>
         <input_file_ref idref="fl-e5"/>
      </object_component>
      <object_component id="oc-291">
         <name>.text:_pconv_f</name>
         <load_address>0x20006a54</load_address>
         <run_address>0x20006a54</run_address>
         <size>0x56</size>
         <input_file_ref idref="fl-d0"/>
      </object_component>
      <object_component id="oc-30d">
         <name>.text:ltoa</name>
         <load_address>0x20006aaa</load_address>
         <run_address>0x20006aaa</run_address>
         <size>0x54</size>
         <input_file_ref idref="fl-d3"/>
      </object_component>
      <object_component id="oc-31d">
         <name>.text:_ecpy</name>
         <load_address>0x20006afe</load_address>
         <run_address>0x20006afe</run_address>
         <size>0x52</size>
         <input_file_ref idref="fl-d0"/>
      </object_component>
      <object_component id="oc-27a">
         <name>.text:atoi</name>
         <load_address>0x20006b50</load_address>
         <run_address>0x20006b50</run_address>
         <size>0x4c</size>
         <input_file_ref idref="fl-d1"/>
      </object_component>
      <object_component id="oc-308">
         <name>.text</name>
         <load_address>0x20006b9c</load_address>
         <run_address>0x20006b9c</run_address>
         <size>0x48</size>
         <input_file_ref idref="fl-dd"/>
      </object_component>
      <object_component id="oc-103">
         <name>.text:__TI_auto_init_nobinit_nopinit:__TI_auto_init_nobinit_nopinit</name>
         <load_address>0x20006be4</load_address>
         <run_address>0x20006be4</run_address>
         <size>0x44</size>
         <input_file_ref idref="fl-cd"/>
      </object_component>
      <object_component id="oc-24a">
         <name>.text:PinModeSet</name>
         <load_address>0x20006c28</load_address>
         <run_address>0x20006c28</run_address>
         <size>0x40</size>
         <input_file_ref idref="fl-e4"/>
      </object_component>
      <object_component id="oc-141">
         <name>.text:vsnprintf</name>
         <load_address>0x20006c68</load_address>
         <run_address>0x20006c68</run_address>
         <size>0x40</size>
         <input_file_ref idref="fl-ca"/>
      </object_component>
      <object_component id="oc-330">
         <name>.text:_fcpy</name>
         <load_address>0x20006ca8</load_address>
         <run_address>0x20006ca8</run_address>
         <size>0x3e</size>
         <input_file_ref idref="fl-d0"/>
      </object_component>
      <object_component id="oc-1a3">
         <name>.text:PRCMPeripheralClkEnable</name>
         <load_address>0x20006ce8</load_address>
         <run_address>0x20006ce8</run_address>
         <size>0x3c</size>
         <input_file_ref idref="fl-e5"/>
      </object_component>
      <object_component id="oc-221">
         <name>.text:minsert</name>
         <load_address>0x20006d24</load_address>
         <run_address>0x20006d24</run_address>
         <size>0x3c</size>
         <input_file_ref idref="fl-c5"/>
      </object_component>
      <object_component id="oc-215">
         <name>.text:minit</name>
         <load_address>0x20006d60</load_address>
         <run_address>0x20006d60</run_address>
         <size>0x38</size>
         <input_file_ref idref="fl-c5"/>
      </object_component>
      <object_component id="oc-1e4">
         <name>.text:UARTDisable</name>
         <load_address>0x20006d98</load_address>
         <run_address>0x20006d98</run_address>
         <size>0x30</size>
         <input_file_ref idref="fl-e6"/>
      </object_component>
      <object_component id="oc-1f7">
         <name>.text:_outs</name>
         <load_address>0x20006dc8</load_address>
         <run_address>0x20006dc8</run_address>
         <size>0x30</size>
         <input_file_ref idref="fl-ca"/>
      </object_component>
      <object_component id="oc-313">
         <name>.text</name>
         <load_address>0x20006df8</load_address>
         <run_address>0x20006df8</run_address>
         <size>0x2e</size>
         <input_file_ref idref="fl-de"/>
      </object_component>
      <object_component id="oc-191">
         <name>.text:PRCMSysResetCauseGet</name>
         <load_address>0x20006e28</load_address>
         <run_address>0x20006e28</run_address>
         <size>0x2c</size>
         <input_file_ref idref="fl-e5"/>
      </object_component>
      <object_component id="oc-1af">
         <name>.text:PRCMPeripheralClkDisable</name>
         <load_address>0x20006e54</load_address>
         <run_address>0x20006e54</run_address>
         <size>0x28</size>
         <input_file_ref idref="fl-e5"/>
      </object_component>
      <object_component id="oc-58">
         <name>.text:_c_int00_noargs:_c_int00_noargs</name>
         <load_address>0x20006e7c</load_address>
         <run_address>0x20006e7c</run_address>
         <size>0x28</size>
         <input_file_ref idref="fl-c3"/>
      </object_component>
      <object_component id="oc-21b">
         <name>.text:mremove</name>
         <load_address>0x20006ea4</load_address>
         <run_address>0x20006ea4</run_address>
         <size>0x28</size>
         <input_file_ref idref="fl-c5"/>
      </object_component>
      <object_component id="oc-1ea">
         <name>.text:UARTEnable</name>
         <load_address>0x20006ecc</load_address>
         <run_address>0x20006ecc</run_address>
         <size>0x24</size>
         <input_file_ref idref="fl-e6"/>
      </object_component>
      <object_component id="oc-159">
         <name>.text:memmove</name>
         <load_address>0x20006ef0</load_address>
         <run_address>0x20006ef0</run_address>
         <size>0x24</size>
         <input_file_ref idref="fl-c8"/>
      </object_component>
      <object_component id="oc-ec">
         <name>.text:UARTCharPut</name>
         <load_address>0x20006f14</load_address>
         <run_address>0x20006f14</run_address>
         <size>0x1e</size>
         <input_file_ref idref="fl-e6"/>
      </object_component>
      <object_component id="oc-14d">
         <name>.text:UARTCharGetNonBlocking</name>
         <load_address>0x20006f32</load_address>
         <run_address>0x20006f32</run_address>
         <size>0x1c</size>
         <input_file_ref idref="fl-e6"/>
      </object_component>
      <object_component id="oc-2a3">
         <name>.text:memccpy</name>
         <load_address>0x20006f4e</load_address>
         <run_address>0x20006f4e</run_address>
         <size>0x1c</size>
         <input_file_ref idref="fl-d4"/>
      </object_component>
      <object_component id="oc-e0">
         <name>.text</name>
         <load_address>0x20006f6a</load_address>
         <run_address>0x20006f6a</run_address>
         <size>0x1c</size>
         <input_file_ref idref="fl-3"/>
      </object_component>
      <object_component id="oc-1b6">
         <name>.text:PinTypeUART</name>
         <load_address>0x20006f86</load_address>
         <run_address>0x20006f86</run_address>
         <size>0x1a</size>
         <input_file_ref idref="fl-e4"/>
      </object_component>
      <object_component id="oc-147">
         <name>.text:UARTCharsAvail</name>
         <load_address>0x20006fa0</load_address>
         <run_address>0x20006fa0</run_address>
         <size>0x18</size>
         <input_file_ref idref="fl-e6"/>
      </object_component>
      <object_component id="oc-1fd">
         <name>.text:_outc</name>
         <load_address>0x20006fb8</load_address>
         <run_address>0x20006fb8</run_address>
         <size>0x18</size>
         <input_file_ref idref="fl-ca"/>
      </object_component>
      <object_component id="oc-197">
         <name>.text:PRCMHIBRegRead</name>
         <load_address>0x20006fd0</load_address>
         <run_address>0x20006fd0</run_address>
         <size>0x16</size>
         <input_file_ref idref="fl-e5"/>
      </object_component>
      <object_component id="oc-19d">
         <name>.text:PRCMHIBRegWrite</name>
         <load_address>0x20006fe6</load_address>
         <run_address>0x20006fe6</run_address>
         <size>0x16</size>
         <input_file_ref idref="fl-e5"/>
      </object_component>
      <object_component id="oc-e6">
         <name>.text:UARTCharGet</name>
         <load_address>0x20006ffc</load_address>
         <run_address>0x20006ffc</run_address>
         <size>0x16</size>
         <input_file_ref idref="fl-e6"/>
      </object_component>
      <object_component id="oc-344">
         <name>.text:strchr</name>
         <load_address>0x20007012</load_address>
         <run_address>0x20007012</run_address>
         <size>0x16</size>
         <input_file_ref idref="fl-d5"/>
      </object_component>
      <object_component id="oc-181">
         <name>.text:CPUcpsie</name>
         <load_address>0x20007028</load_address>
         <run_address>0x20007028</run_address>
         <size>0x14</size>
         <input_file_ref idref="fl-e8"/>
      </object_component>
      <object_component id="oc-c8">
         <name>.text:IntVTableBaseSet</name>
         <load_address>0x2000703c</load_address>
         <run_address>0x2000703c</run_address>
         <size>0x14</size>
         <input_file_ref idref="fl-e3"/>
      </object_component>
      <object_component id="oc-153">
         <name>.text:strlen</name>
         <load_address>0x20007050</load_address>
         <run_address>0x20007050</run_address>
         <size>0x14</size>
         <input_file_ref idref="fl-c9"/>
      </object_component>
      <object_component id="oc-46">
         <name>.text:decompress:ZI:__TI_zero_init_nomemset:__TI_zero_init_nomemset</name>
         <load_address>0x20007064</load_address>
         <run_address>0x20007064</run_address>
         <size>0x12</size>
         <input_file_ref idref="fl-c0"/>
      </object_component>
      <object_component id="oc-2a9">
         <name>.text:wcslen</name>
         <load_address>0x20007076</load_address>
         <run_address>0x20007076</run_address>
         <size>0x12</size>
         <input_file_ref idref="fl-d6"/>
      </object_component>
      <object_component id="oc-18">
         <name>.text:decompress:none:__TI_decompress_none</name>
         <load_address>0x20007088</load_address>
         <run_address>0x20007088</run_address>
         <size>0xe</size>
         <input_file_ref idref="fl-c1"/>
      </object_component>
      <object_component id="oc-26">
         <name>.text</name>
         <load_address>0x20007096</load_address>
         <run_address>0x20007096</run_address>
         <size>0xe</size>
         <input_file_ref idref="fl-4"/>
      </object_component>
      <object_component id="oc-ce">
         <name>.text:IntMasterEnable</name>
         <load_address>0x200070a4</load_address>
         <run_address>0x200070a4</run_address>
         <size>0xa</size>
         <input_file_ref idref="fl-e3"/>
      </object_component>
      <object_component id="oc-2af">
         <name>.text:__aeabi_errno_addr</name>
         <load_address>0x200070b0</load_address>
         <run_address>0x200070b0</run_address>
         <size>0x8</size>
         <input_file_ref idref="fl-e0"/>
      </object_component>
      <object_component id="oc-386">
         <name>.text:copysign</name>
         <load_address>0x200070b8</load_address>
         <run_address>0x200070b8</run_address>
         <size>0x8</size>
         <input_file_ref idref="fl-e1"/>
      </object_component>
      <object_component id="oc-240">
         <name>.text:UtilsDelay</name>
         <load_address>0x200070c0</load_address>
         <run_address>0x200070c0</run_address>
         <size>0x6</size>
         <input_file_ref idref="fl-e7"/>
      </object_component>
      <object_component id="oc-8e">
         <name>.text:_system_pre_init</name>
         <load_address>0x200070c6</load_address>
         <run_address>0x200070c6</run_address>
         <size>0x4</size>
         <input_file_ref idref="fl-ce"/>
      </object_component>
      <object_component id="oc-f7">
         <name>.text:abort:abort</name>
         <load_address>0x200070ca</load_address>
         <run_address>0x200070ca</run_address>
         <size>0x4</size>
         <input_file_ref idref="fl-c4"/>
      </object_component>
      <object_component id="oc-2ed">
         <name>.const:.string:_ctypes_</name>
         <load_address>0x200070d0</load_address>
         <run_address>0x200070d0</run_address>
         <size>0x101</size>
         <input_file_ref idref="fl-d2"/>
      </object_component>
      <object_component id="oc-2d9">
         <name>.const:g_ulPinToPadMap</name>
         <load_address>0x200071d4</load_address>
         <run_address>0x200071d4</run_address>
         <size>0x100</size>
         <input_file_ref idref="fl-e4"/>
      </object_component>
      <object_component id="oc-243">
         <name>.const:PRCM_PeriphRegsList</name>
         <load_address>0x200072d4</load_address>
         <run_address>0x200072d4</run_address>
         <size>0xa8</size>
         <input_file_ref idref="fl-e5"/>
      </object_component>
      <object_component id="oc-18d">
         <name>.const</name>
         <load_address>0x2000737c</load_address>
         <run_address>0x2000737c</run_address>
         <size>0x80</size>
         <input_file_ref idref="fl-e3"/>
      </object_component>
      <object_component id="oc-3de">
         <name>.cinit..data.load</name>
         <load_address>0x20007400</load_address>
         <run_address>0x20007400</run_address>
         <size>0x1b</size>
      </object_component>
      <object_component id="oc-3dc">
         <name>__TI_handler_table</name>
         <load_address>0x2000741c</load_address>
         <run_address>0x2000741c</run_address>
         <size>0xc</size>
      </object_component>
      <object_component id="oc-3df">
         <name>.cinit..bss.load</name>
         <load_address>0x20007428</load_address>
         <run_address>0x20007428</run_address>
         <size>0x8</size>
      </object_component>
      <object_component id="oc-3dd">
         <name>__TI_cinit_table</name>
         <load_address>0x20007430</load_address>
         <run_address>0x20007430</run_address>
         <size>0x10</size>
      </object_component>
      <object_component id="oc-f2">
         <name>.data</name>
         <load_address>0x20017814</load_address>
         <run_address>0x20017814</run_address>
         <size>0x4</size>
         <input_file_ref idref="fl-2"/>
      </object_component>
      <object_component id="oc-227">
         <name>.data:$O1$$</name>
         <load_address>0x20017800</load_address>
         <run_address>0x20017800</run_address>
         <size>0xc</size>
         <input_file_ref idref="fl-c5"/>
      </object_component>
      <object_component id="oc-1c7">
         <name>.data:$O1$$</name>
         <load_address>0x2001780c</load_address>
         <run_address>0x2001780c</run_address>
         <size>0x8</size>
         <input_file_ref idref="fl-c6"/>
      </object_component>
      <object_component id="oc-354">
         <name>.data</name>
         <load_address>0x20017818</load_address>
         <run_address>0x20017818</run_address>
         <size>0x4</size>
         <input_file_ref idref="fl-e0"/>
      </object_component>
      <object_component id="oc-171">
         <name>.bss</name>
         <uninitialized>true</uninitialized>
         <run_address>0x2001781c</run_address>
         <size>0x4</size>
         <input_file_ref idref="fl-5"/>
      </object_component>
      <object_component id="oc-23">
         <name>.sysmem</name>
         <uninitialized>true</uninitialized>
         <run_address>0x20017000</run_address>
         <size>0x8</size>
         <input_file_ref idref="fl-c5"/>
      </object_component>
      <object_component id="oc-3e1">
         <name>.sysmem</name>
         <uninitialized>true</uninitialized>
         <run_address>0x20017000</run_address>
         <size>0x0</size>
      </object_component>
      <object_component id="oc-20">
         <name>.stack</name>
         <uninitialized>true</uninitialized>
         <run_address>0x2002ff00</run_address>
         <size>0x4</size>
         <input_file_ref idref="fl-c3"/>
      </object_component>
      <object_component id="oc-3e0">
         <name>.stack</name>
         <uninitialized>true</uninitialized>
         <run_address>0x2002ff00</run_address>
         <size>0x0</size>
      </object_component>
      <object_component id="oc-f6">
         <name>.debug_info</name>
         <load_address>0x0</load_address>
         <run_address>0x0</run_address>
         <size>0x334</size>
         <input_file_ref idref="fl-2"/>
      </object_component>
      <object_component id="oc-f3">
         <name>.debug_info</name>
         <load_address>0x334</load_address>
         <run_address>0x334</run_address>
         <size>0xf4</size>
         <input_file_ref idref="fl-2"/>
      </object_component>
      <object_component id="oc-95">
         <name>.debug_info</name>
         <load_address>0x428</load_address>
         <run_address>0x428</run_address>
         <size>0x3d3</size>
         <input_file_ref idref="fl-2"/>
      </object_component>
      <object_component id="oc-2d4">
         <name>.debug_info</name>
         <load_address>0x7fb</load_address>
         <run_address>0x7fb</run_address>
         <size>0x62</size>
         <input_file_ref idref="fl-2"/>
      </object_component>
      <object_component id="oc-35">
         <name>.debug_info</name>
         <load_address>0x85d</load_address>
         <run_address>0x85d</run_address>
         <size>0x84</size>
         <input_file_ref idref="fl-2"/>
      </object_component>
      <object_component id="oc-188">
         <name>.debug_info</name>
         <load_address>0x8e1</load_address>
         <run_address>0x8e1</run_address>
         <size>0x2c</size>
         <input_file_ref idref="fl-2"/>
      </object_component>
      <object_component id="oc-e1">
         <name>.debug_info</name>
         <load_address>0x90d</load_address>
         <run_address>0x90d</run_address>
         <size>0x16a</size>
         <input_file_ref idref="fl-3"/>
      </object_component>
      <object_component id="oc-2e">
         <name>.debug_info</name>
         <load_address>0xa77</load_address>
         <run_address>0xa77</run_address>
         <size>0x1ad</size>
         <input_file_ref idref="fl-4"/>
      </object_component>
      <object_component id="oc-10">
         <name>.debug_info</name>
         <load_address>0xc24</load_address>
         <run_address>0xc24</run_address>
         <size>0x12c</size>
         <input_file_ref idref="fl-4"/>
      </object_component>
      <object_component id="oc-27">
         <name>.debug_info</name>
         <load_address>0xd50</load_address>
         <run_address>0xd50</run_address>
         <size>0x44d</size>
         <input_file_ref idref="fl-4"/>
      </object_component>
      <object_component id="oc-175">
         <name>.debug_info</name>
         <load_address>0x119d</load_address>
         <run_address>0x119d</run_address>
         <size>0x3f2</size>
         <input_file_ref idref="fl-5"/>
      </object_component>
      <object_component id="oc-172">
         <name>.debug_info</name>
         <load_address>0x158f</load_address>
         <run_address>0x158f</run_address>
         <size>0x123</size>
         <input_file_ref idref="fl-5"/>
      </object_component>
      <object_component id="oc-c5">
         <name>.debug_info</name>
         <load_address>0x16b2</load_address>
         <run_address>0x16b2</run_address>
         <size>0x8ff</size>
         <input_file_ref idref="fl-5"/>
      </object_component>
      <object_component id="oc-231">
         <name>.debug_info</name>
         <load_address>0x1fb1</load_address>
         <run_address>0x1fb1</run_address>
         <size>0x26b</size>
         <input_file_ref idref="fl-5"/>
      </object_component>
      <object_component id="oc-17b">
         <name>.debug_info</name>
         <load_address>0x221c</load_address>
         <run_address>0x221c</run_address>
         <size>0x110</size>
         <input_file_ref idref="fl-5"/>
      </object_component>
      <object_component id="oc-236">
         <name>.debug_info</name>
         <load_address>0x232c</load_address>
         <run_address>0x232c</run_address>
         <size>0x297</size>
         <input_file_ref idref="fl-5"/>
      </object_component>
      <object_component id="oc-176">
         <name>.debug_info</name>
         <load_address>0x25c3</load_address>
         <run_address>0x25c3</run_address>
         <size>0x2c</size>
         <input_file_ref idref="fl-5"/>
      </object_component>
      <object_component id="oc-87">
         <name>.debug_info</name>
         <load_address>0x25ef</load_address>
         <run_address>0x25ef</run_address>
         <size>0x1f0</size>
         <input_file_ref idref="fl-c0"/>
      </object_component>
      <object_component id="oc-48">
         <name>.debug_info</name>
         <load_address>0x27df</load_address>
         <run_address>0x27df</run_address>
         <size>0x1bf</size>
         <input_file_ref idref="fl-c0"/>
      </object_component>
      <object_component id="oc-82">
         <name>.debug_info</name>
         <load_address>0x299e</load_address>
         <run_address>0x299e</run_address>
         <size>0x46</size>
         <input_file_ref idref="fl-c0"/>
      </object_component>
      <object_component id="oc-b9">
         <name>.debug_info</name>
         <load_address>0x29e4</load_address>
         <run_address>0x29e4</run_address>
         <size>0x2c</size>
         <input_file_ref idref="fl-c0"/>
      </object_component>
      <object_component id="oc-45">
         <name>.debug_info</name>
         <load_address>0x2a10</load_address>
         <run_address>0x2a10</run_address>
         <size>0x17a</size>
         <input_file_ref idref="fl-c1"/>
      </object_component>
      <object_component id="oc-1b">
         <name>.debug_info</name>
         <load_address>0x2b8a</load_address>
         <run_address>0x2b8a</run_address>
         <size>0x1ea</size>
         <input_file_ref idref="fl-c1"/>
      </object_component>
      <object_component id="oc-40">
         <name>.debug_info</name>
         <load_address>0x2d74</load_address>
         <run_address>0x2d74</run_address>
         <size>0x46</size>
         <input_file_ref idref="fl-c1"/>
      </object_component>
      <object_component id="oc-7a">
         <name>.debug_info</name>
         <load_address>0x2dba</load_address>
         <run_address>0x2dba</run_address>
         <size>0x2c</size>
         <input_file_ref idref="fl-c1"/>
      </object_component>
      <object_component id="oc-78">
         <name>.debug_info</name>
         <load_address>0x2de6</load_address>
         <run_address>0x2de6</run_address>
         <size>0x170</size>
         <input_file_ref idref="fl-c2"/>
      </object_component>
      <object_component id="oc-16">
         <name>.debug_info</name>
         <load_address>0x2f56</load_address>
         <run_address>0x2f56</run_address>
         <size>0x250</size>
         <input_file_ref idref="fl-c2"/>
      </object_component>
      <object_component id="oc-30">
         <name>.debug_info</name>
         <load_address>0x31a6</load_address>
         <run_address>0x31a6</run_address>
         <size>0x60</size>
         <input_file_ref idref="fl-c2"/>
      </object_component>
      <object_component id="oc-b2">
         <name>.debug_info</name>
         <load_address>0x3206</load_address>
         <run_address>0x3206</run_address>
         <size>0x46</size>
         <input_file_ref idref="fl-c2"/>
      </object_component>
      <object_component id="oc-73">
         <name>.debug_info</name>
         <load_address>0x324c</load_address>
         <run_address>0x324c</run_address>
         <size>0x39</size>
         <input_file_ref idref="fl-c2"/>
      </object_component>
      <object_component id="oc-21">
         <name>.debug_info</name>
         <load_address>0x3285</load_address>
         <run_address>0x3285</run_address>
         <size>0x10b</size>
         <input_file_ref idref="fl-c3"/>
      </object_component>
      <object_component id="oc-5a">
         <name>.debug_info</name>
         <load_address>0x3390</load_address>
         <run_address>0x3390</run_address>
         <size>0x1af</size>
         <input_file_ref idref="fl-c3"/>
      </object_component>
      <object_component id="oc-fa">
         <name>.debug_info</name>
         <load_address>0x353f</load_address>
         <run_address>0x353f</run_address>
         <size>0x122</size>
         <input_file_ref idref="fl-c4"/>
      </object_component>
      <object_component id="oc-6e">
         <name>.debug_info</name>
         <load_address>0x3661</load_address>
         <run_address>0x3661</run_address>
         <size>0x298</size>
         <input_file_ref idref="fl-c5"/>
      </object_component>
      <object_component id="oc-24">
         <name>.debug_info</name>
         <load_address>0x38f9</load_address>
         <run_address>0x38f9</run_address>
         <size>0x10c</size>
         <input_file_ref idref="fl-c5"/>
      </object_component>
      <object_component id="oc-228">
         <name>.debug_info</name>
         <load_address>0x3a05</load_address>
         <run_address>0x3a05</run_address>
         <size>0x157</size>
         <input_file_ref idref="fl-c5"/>
      </object_component>
      <object_component id="oc-216">
         <name>.debug_info</name>
         <load_address>0x3b5c</load_address>
         <run_address>0x3b5c</run_address>
         <size>0x144</size>
         <input_file_ref idref="fl-c5"/>
      </object_component>
      <object_component id="oc-21c">
         <name>.debug_info</name>
         <load_address>0x3ca0</load_address>
         <run_address>0x3ca0</run_address>
         <size>0x17f</size>
         <input_file_ref idref="fl-c5"/>
      </object_component>
      <object_component id="oc-222">
         <name>.debug_info</name>
         <load_address>0x3e1f</load_address>
         <run_address>0x3e1f</run_address>
         <size>0x17d</size>
         <input_file_ref idref="fl-c5"/>
      </object_component>
      <object_component id="oc-160">
         <name>.debug_info</name>
         <load_address>0x3f9c</load_address>
         <run_address>0x3f9c</run_address>
         <size>0x1e6</size>
         <input_file_ref idref="fl-c5"/>
      </object_component>
      <object_component id="oc-16c">
         <name>.debug_info</name>
         <load_address>0x4182</load_address>
         <run_address>0x4182</run_address>
         <size>0x1f1</size>
         <input_file_ref idref="fl-c5"/>
      </object_component>
      <object_component id="oc-166">
         <name>.debug_info</name>
         <load_address>0x4373</load_address>
         <run_address>0x4373</run_address>
         <size>0x289</size>
         <input_file_ref idref="fl-c5"/>
      </object_component>
      <object_component id="oc-a8">
         <name>.debug_info</name>
         <load_address>0x45fc</load_address>
         <run_address>0x45fc</run_address>
         <size>0x2c</size>
         <input_file_ref idref="fl-c5"/>
      </object_component>
      <object_component id="oc-ad">
         <name>.debug_info</name>
         <load_address>0x4628</load_address>
         <run_address>0x4628</run_address>
         <size>0x62</size>
         <input_file_ref idref="fl-c5"/>
      </object_component>
      <object_component id="oc-261">
         <name>.debug_info</name>
         <load_address>0x468a</load_address>
         <run_address>0x468a</run_address>
         <size>0x19b</size>
         <input_file_ref idref="fl-c6"/>
      </object_component>
      <object_component id="oc-1c8">
         <name>.debug_info</name>
         <load_address>0x4825</load_address>
         <run_address>0x4825</run_address>
         <size>0x11e</size>
         <input_file_ref idref="fl-c6"/>
      </object_component>
      <object_component id="oc-25a">
         <name>.debug_info</name>
         <load_address>0x4943</load_address>
         <run_address>0x4943</run_address>
         <size>0x12e</size>
         <input_file_ref idref="fl-c6"/>
      </object_component>
      <object_component id="oc-214">
         <name>.debug_info</name>
         <load_address>0x4a71</load_address>
         <run_address>0x4a71</run_address>
         <size>0x177</size>
         <input_file_ref idref="fl-c8"/>
      </object_component>
      <object_component id="oc-15d">
         <name>.debug_info</name>
         <load_address>0x4be8</load_address>
         <run_address>0x4be8</run_address>
         <size>0x1b6</size>
         <input_file_ref idref="fl-c8"/>
      </object_component>
      <object_component id="oc-212">
         <name>.debug_info</name>
         <load_address>0x4d9e</load_address>
         <run_address>0x4d9e</run_address>
         <size>0x161</size>
         <input_file_ref idref="fl-c9"/>
      </object_component>
      <object_component id="oc-154">
         <name>.debug_info</name>
         <load_address>0x4eff</load_address>
         <run_address>0x4eff</run_address>
         <size>0x24b</size>
         <input_file_ref idref="fl-c9"/>
      </object_component>
      <object_component id="oc-204">
         <name>.debug_info</name>
         <load_address>0x514a</load_address>
         <run_address>0x514a</run_address>
         <size>0x212</size>
         <input_file_ref idref="fl-ca"/>
      </object_component>
      <object_component id="oc-144">
         <name>.debug_info</name>
         <load_address>0x535c</load_address>
         <run_address>0x535c</run_address>
         <size>0x208</size>
         <input_file_ref idref="fl-ca"/>
      </object_component>
      <object_component id="oc-1fb">
         <name>.debug_info</name>
         <load_address>0x5564</load_address>
         <run_address>0x5564</run_address>
         <size>0x1c6</size>
         <input_file_ref idref="fl-ca"/>
      </object_component>
      <object_component id="oc-200">
         <name>.debug_info</name>
         <load_address>0x572a</load_address>
         <run_address>0x572a</run_address>
         <size>0x179</size>
         <input_file_ref idref="fl-ca"/>
      </object_component>
      <object_component id="oc-205">
         <name>.debug_info</name>
         <load_address>0x58a3</load_address>
         <run_address>0x58a3</run_address>
         <size>0x2c</size>
         <input_file_ref idref="fl-ca"/>
      </object_component>
      <object_component id="oc-20a">
         <name>.debug_info</name>
         <load_address>0x58cf</load_address>
         <run_address>0x58cf</run_address>
         <size>0x69</size>
         <input_file_ref idref="fl-ca"/>
      </object_component>
      <object_component id="oc-3c">
         <name>.debug_info</name>
         <load_address>0x5938</load_address>
         <run_address>0x5938</run_address>
         <size>0x11c</size>
         <input_file_ref idref="fl-cb"/>
      </object_component>
      <object_component id="oc-89">
         <name>.debug_info</name>
         <load_address>0x5a54</load_address>
         <run_address>0x5a54</run_address>
         <size>0x14a</size>
         <input_file_ref idref="fl-cc"/>
      </object_component>
      <object_component id="oc-1ce">
         <name>.debug_info</name>
         <load_address>0x5b9e</load_address>
         <run_address>0x5b9e</run_address>
         <size>0x424</size>
         <input_file_ref idref="fl-cd"/>
      </object_component>
      <object_component id="oc-106">
         <name>.debug_info</name>
         <load_address>0x5fc2</load_address>
         <run_address>0x5fc2</run_address>
         <size>0x1a6</size>
         <input_file_ref idref="fl-cd"/>
      </object_component>
      <object_component id="oc-267">
         <name>.debug_info</name>
         <load_address>0x6168</load_address>
         <run_address>0x6168</run_address>
         <size>0x39</size>
         <input_file_ref idref="fl-cd"/>
      </object_component>
      <object_component id="oc-2e1">
         <name>.debug_info</name>
         <load_address>0x61a1</load_address>
         <run_address>0x61a1</run_address>
         <size>0x39</size>
         <input_file_ref idref="fl-cd"/>
      </object_component>
      <object_component id="oc-26c">
         <name>.debug_info</name>
         <load_address>0x61da</load_address>
         <run_address>0x61da</run_address>
         <size>0x39</size>
         <input_file_ref idref="fl-cd"/>
      </object_component>
      <object_component id="oc-271">
         <name>.debug_info</name>
         <load_address>0x6213</load_address>
         <run_address>0x6213</run_address>
         <size>0xcd</size>
         <input_file_ref idref="fl-cd"/>
      </object_component>
      <object_component id="oc-91">
         <name>.debug_info</name>
         <load_address>0x62e0</load_address>
         <run_address>0x62e0</run_address>
         <size>0x153</size>
         <input_file_ref idref="fl-ce"/>
      </object_component>
      <object_component id="oc-2b6">
         <name>.debug_info</name>
         <load_address>0x6433</load_address>
         <run_address>0x6433</run_address>
         <size>0x783</size>
         <input_file_ref idref="fl-d0"/>
      </object_component>
      <object_component id="oc-282">
         <name>.debug_info</name>
         <load_address>0x6bb6</load_address>
         <run_address>0x6bb6</run_address>
         <size>0x21e</size>
         <input_file_ref idref="fl-d0"/>
      </object_component>
      <object_component id="oc-31f">
         <name>.debug_info</name>
         <load_address>0x6dd4</load_address>
         <run_address>0x6dd4</run_address>
         <size>0x1b3</size>
         <input_file_ref idref="fl-d0"/>
      </object_component>
      <object_component id="oc-325">
         <name>.debug_info</name>
         <load_address>0x6f87</load_address>
         <run_address>0x6f87</run_address>
         <size>0x21b</size>
         <input_file_ref idref="fl-d0"/>
      </object_component>
      <object_component id="oc-28d">
         <name>.debug_info</name>
         <load_address>0x71a2</load_address>
         <run_address>0x71a2</run_address>
         <size>0x3ba</size>
         <input_file_ref idref="fl-d0"/>
      </object_component>
      <object_component id="oc-32c">
         <name>.debug_info</name>
         <load_address>0x755c</load_address>
         <run_address>0x755c</run_address>
         <size>0x306</size>
         <input_file_ref idref="fl-d0"/>
      </object_component>
      <object_component id="oc-332">
         <name>.debug_info</name>
         <load_address>0x7862</load_address>
         <run_address>0x7862</run_address>
         <size>0x215</size>
         <input_file_ref idref="fl-d0"/>
      </object_component>
      <object_component id="oc-293">
         <name>.debug_info</name>
         <load_address>0x7a77</load_address>
         <run_address>0x7a77</run_address>
         <size>0x228</size>
         <input_file_ref idref="fl-d0"/>
      </object_component>
      <object_component id="oc-299">
         <name>.debug_info</name>
         <load_address>0x7c9f</load_address>
         <run_address>0x7c9f</run_address>
         <size>0x303</size>
         <input_file_ref idref="fl-d0"/>
      </object_component>
      <object_component id="oc-29f">
         <name>.debug_info</name>
         <load_address>0x7fa2</load_address>
         <run_address>0x7fa2</run_address>
         <size>0x4af</size>
         <input_file_ref idref="fl-d0"/>
      </object_component>
      <object_component id="oc-1f4">
         <name>.debug_info</name>
         <load_address>0x8451</load_address>
         <run_address>0x8451</run_address>
         <size>0x5d8</size>
         <input_file_ref idref="fl-d0"/>
      </object_component>
      <object_component id="oc-2b7">
         <name>.debug_info</name>
         <load_address>0x8a29</load_address>
         <run_address>0x8a29</run_address>
         <size>0x86</size>
         <input_file_ref idref="fl-d0"/>
      </object_component>
      <object_component id="oc-35b">
         <name>.debug_info</name>
         <load_address>0x8aaf</load_address>
         <run_address>0x8aaf</run_address>
         <size>0x39</size>
         <input_file_ref idref="fl-d0"/>
      </object_component>
      <object_component id="oc-39d">
         <name>.debug_info</name>
         <load_address>0x8ae8</load_address>
         <run_address>0x8ae8</run_address>
         <size>0xb6</size>
         <input_file_ref idref="fl-d0"/>
      </object_component>
      <object_component id="oc-360">
         <name>.debug_info</name>
         <load_address>0x8b9e</load_address>
         <run_address>0x8b9e</run_address>
         <size>0x46</size>
         <input_file_ref idref="fl-d0"/>
      </object_component>
      <object_component id="oc-2bc">
         <name>.debug_info</name>
         <load_address>0x8be4</load_address>
         <run_address>0x8be4</run_address>
         <size>0x46</size>
         <input_file_ref idref="fl-d0"/>
      </object_component>
      <object_component id="oc-2f1">
         <name>.debug_info</name>
         <load_address>0x8c2a</load_address>
         <run_address>0x8c2a</run_address>
         <size>0x18b</size>
         <input_file_ref idref="fl-d1"/>
      </object_component>
      <object_component id="oc-27c">
         <name>.debug_info</name>
         <load_address>0x8db5</load_address>
         <run_address>0x8db5</run_address>
         <size>0x17c</size>
         <input_file_ref idref="fl-d1"/>
      </object_component>
      <object_component id="oc-36a">
         <name>.debug_info</name>
         <load_address>0x8f31</load_address>
         <run_address>0x8f31</run_address>
         <size>0xf9</size>
         <input_file_ref idref="fl-d2"/>
      </object_component>
      <object_component id="oc-2ee">
         <name>.debug_info</name>
         <load_address>0x902a</load_address>
         <run_address>0x902a</run_address>
         <size>0x105</size>
         <input_file_ref idref="fl-d2"/>
      </object_component>
      <object_component id="oc-378">
         <name>.debug_info</name>
         <load_address>0x912f</load_address>
         <run_address>0x912f</run_address>
         <size>0x16d</size>
         <input_file_ref idref="fl-d3"/>
      </object_component>
      <object_component id="oc-311">
         <name>.debug_info</name>
         <load_address>0x929c</load_address>
         <run_address>0x929c</run_address>
         <size>0x1cd</size>
         <input_file_ref idref="fl-d3"/>
      </object_component>
      <object_component id="oc-34c">
         <name>.debug_info</name>
         <load_address>0x9469</load_address>
         <run_address>0x9469</run_address>
         <size>0x168</size>
         <input_file_ref idref="fl-d4"/>
      </object_component>
      <object_component id="oc-2a4">
         <name>.debug_info</name>
         <load_address>0x95d1</load_address>
         <run_address>0x95d1</run_address>
         <size>0x1b6</size>
         <input_file_ref idref="fl-d4"/>
      </object_component>
      <object_component id="oc-38f">
         <name>.debug_info</name>
         <load_address>0x9787</load_address>
         <run_address>0x9787</run_address>
         <size>0x16c</size>
         <input_file_ref idref="fl-d5"/>
      </object_component>
      <object_component id="oc-347">
         <name>.debug_info</name>
         <load_address>0x98f3</load_address>
         <run_address>0x98f3</run_address>
         <size>0x268</size>
         <input_file_ref idref="fl-d5"/>
      </object_component>
      <object_component id="oc-353">
         <name>.debug_info</name>
         <load_address>0x9b5b</load_address>
         <run_address>0x9b5b</run_address>
         <size>0x161</size>
         <input_file_ref idref="fl-d6"/>
      </object_component>
      <object_component id="oc-2aa">
         <name>.debug_info</name>
         <load_address>0x9cbc</load_address>
         <run_address>0x9cbc</run_address>
         <size>0x15a</size>
         <input_file_ref idref="fl-d6"/>
      </object_component>
      <object_component id="oc-392">
         <name>.debug_info</name>
         <load_address>0x9e16</load_address>
         <run_address>0x9e16</run_address>
         <size>0x46</size>
         <input_file_ref idref="fl-d6"/>
      </object_component>
      <object_component id="oc-34e">
         <name>.debug_info</name>
         <load_address>0x9e5c</load_address>
         <run_address>0x9e5c</run_address>
         <size>0x39</size>
         <input_file_ref idref="fl-d6"/>
      </object_component>
      <object_component id="oc-380">
         <name>.debug_info</name>
         <load_address>0x9e95</load_address>
         <run_address>0x9e95</run_address>
         <size>0x167</size>
         <input_file_ref idref="fl-d7"/>
      </object_component>
      <object_component id="oc-33a">
         <name>.debug_info</name>
         <load_address>0x9ffc</load_address>
         <run_address>0x9ffc</run_address>
         <size>0x194</size>
         <input_file_ref idref="fl-d7"/>
      </object_component>
      <object_component id="oc-3ab">
         <name>.debug_info</name>
         <load_address>0xa190</load_address>
         <run_address>0xa190</run_address>
         <size>0x39</size>
         <input_file_ref idref="fl-d7"/>
      </object_component>
      <object_component id="oc-381">
         <name>.debug_info</name>
         <load_address>0xa1c9</load_address>
         <run_address>0xa1c9</run_address>
         <size>0x2c</size>
         <input_file_ref idref="fl-d7"/>
      </object_component>
      <object_component id="oc-38d">
         <name>.debug_info</name>
         <load_address>0xa1f5</load_address>
         <run_address>0xa1f5</run_address>
         <size>0x1ca</size>
         <input_file_ref idref="fl-d8"/>
      </object_component>
      <object_component id="oc-33f">
         <name>.debug_info</name>
         <load_address>0xa3bf</load_address>
         <run_address>0xa3bf</run_address>
         <size>0x1fb</size>
         <input_file_ref idref="fl-d8"/>
      </object_component>
      <object_component id="oc-31a">
         <name>.debug_info</name>
         <load_address>0xa5ba</load_address>
         <run_address>0xa5ba</run_address>
         <size>0x14f</size>
         <input_file_ref idref="fl-d9"/>
      </object_component>
      <object_component id="oc-287">
         <name>.debug_info</name>
         <load_address>0xa709</load_address>
         <run_address>0xa709</run_address>
         <size>0x12b</size>
         <input_file_ref idref="fl-da"/>
      </object_component>
      <object_component id="oc-304">
         <name>.debug_info</name>
         <load_address>0xa834</load_address>
         <run_address>0xa834</run_address>
         <size>0x12d</size>
         <input_file_ref idref="fl-da"/>
      </object_component>
      <object_component id="oc-301">
         <name>.debug_info</name>
         <load_address>0xa961</load_address>
         <run_address>0xa961</run_address>
         <size>0x13d</size>
         <input_file_ref idref="fl-db"/>
      </object_component>
      <object_component id="oc-2fa">
         <name>.debug_info</name>
         <load_address>0xaa9e</load_address>
         <run_address>0xaa9e</run_address>
         <size>0x13d</size>
         <input_file_ref idref="fl-dc"/>
      </object_component>
      <object_component id="oc-30a">
         <name>.debug_info</name>
         <load_address>0xabdb</load_address>
         <run_address>0xabdb</run_address>
         <size>0x131</size>
         <input_file_ref idref="fl-dd"/>
      </object_component>
      <object_component id="oc-314">
         <name>.debug_info</name>
         <load_address>0xad0c</load_address>
         <run_address>0xad0c</run_address>
         <size>0x12f</size>
         <input_file_ref idref="fl-de"/>
      </object_component>
      <object_component id="oc-2f3">
         <name>.debug_info</name>
         <load_address>0xae3b</load_address>
         <run_address>0xae3b</run_address>
         <size>0x137</size>
         <input_file_ref idref="fl-df"/>
      </object_component>
      <object_component id="oc-358">
         <name>.debug_info</name>
         <load_address>0xaf72</load_address>
         <run_address>0xaf72</run_address>
         <size>0x15b</size>
         <input_file_ref idref="fl-e0"/>
      </object_component>
      <object_component id="oc-355">
         <name>.debug_info</name>
         <load_address>0xb0cd</load_address>
         <run_address>0xb0cd</run_address>
         <size>0x10e</size>
         <input_file_ref idref="fl-e0"/>
      </object_component>
      <object_component id="oc-2b0">
         <name>.debug_info</name>
         <load_address>0xb1db</load_address>
         <run_address>0xb1db</run_address>
         <size>0x14e</size>
         <input_file_ref idref="fl-e0"/>
      </object_component>
      <object_component id="oc-388">
         <name>.debug_info</name>
         <load_address>0xb329</load_address>
         <run_address>0xb329</run_address>
         <size>0x15f</size>
         <input_file_ref idref="fl-e1"/>
      </object_component>
      <object_component id="oc-36e">
         <name>.debug_info</name>
         <load_address>0xb488</load_address>
         <run_address>0xb488</run_address>
         <size>0x118</size>
         <input_file_ref idref="fl-e2"/>
      </object_component>
      <object_component id="oc-23e">
         <name>.debug_info</name>
         <load_address>0xb5a0</load_address>
         <run_address>0xb5a0</run_address>
         <size>0x19b</size>
         <input_file_ref idref="fl-e3"/>
      </object_component>
      <object_component id="oc-18e">
         <name>.debug_info</name>
         <load_address>0xb73b</load_address>
         <run_address>0xb73b</run_address>
         <size>0x19e</size>
         <input_file_ref idref="fl-e3"/>
      </object_component>
      <object_component id="oc-cf">
         <name>.debug_info</name>
         <load_address>0xb8d9</load_address>
         <run_address>0xb8d9</run_address>
         <size>0x188</size>
         <input_file_ref idref="fl-e3"/>
      </object_component>
      <object_component id="oc-ca">
         <name>.debug_info</name>
         <load_address>0xba61</load_address>
         <run_address>0xba61</run_address>
         <size>0x1ba</size>
         <input_file_ref idref="fl-e3"/>
      </object_component>
      <object_component id="oc-d5">
         <name>.debug_info</name>
         <load_address>0xbc1b</load_address>
         <run_address>0xbc1b</run_address>
         <size>0x1ab</size>
         <input_file_ref idref="fl-e3"/>
      </object_component>
      <object_component id="oc-367">
         <name>.debug_info</name>
         <load_address>0xbdc6</load_address>
         <run_address>0xbdc6</run_address>
         <size>0xe8</size>
         <input_file_ref idref="fl-e4"/>
      </object_component>
      <object_component id="oc-2da">
         <name>.debug_info</name>
         <load_address>0xbeae</load_address>
         <run_address>0xbeae</run_address>
         <size>0xf6</size>
         <input_file_ref idref="fl-e4"/>
      </object_component>
      <object_component id="oc-24c">
         <name>.debug_info</name>
         <load_address>0xbfa4</load_address>
         <run_address>0xbfa4</run_address>
         <size>0x1cb</size>
         <input_file_ref idref="fl-e4"/>
      </object_component>
      <object_component id="oc-253">
         <name>.debug_info</name>
         <load_address>0xc16f</load_address>
         <run_address>0xc16f</run_address>
         <size>0x219</size>
         <input_file_ref idref="fl-e4"/>
      </object_component>
      <object_component id="oc-1b9">
         <name>.debug_info</name>
         <load_address>0xc388</load_address>
         <run_address>0xc388</run_address>
         <size>0x1e0</size>
         <input_file_ref idref="fl-e4"/>
      </object_component>
      <object_component id="oc-248">
         <name>.debug_info</name>
         <load_address>0xc568</load_address>
         <run_address>0xc568</run_address>
         <size>0x1f8</size>
         <input_file_ref idref="fl-e5"/>
      </object_component>
      <object_component id="oc-244">
         <name>.debug_info</name>
         <load_address>0xc760</load_address>
         <run_address>0xc760</run_address>
         <size>0xff</size>
         <input_file_ref idref="fl-e5"/>
      </object_component>
      <object_component id="oc-192">
         <name>.debug_info</name>
         <load_address>0xc85f</load_address>
         <run_address>0xc85f</run_address>
         <size>0x1b2</size>
         <input_file_ref idref="fl-e5"/>
      </object_component>
      <object_component id="oc-1a4">
         <name>.debug_info</name>
         <load_address>0xca11</load_address>
         <run_address>0xca11</run_address>
         <size>0x1f7</size>
         <input_file_ref idref="fl-e5"/>
      </object_component>
      <object_component id="oc-1b1">
         <name>.debug_info</name>
         <load_address>0xcc08</load_address>
         <run_address>0xcc08</run_address>
         <size>0x1f9</size>
         <input_file_ref idref="fl-e5"/>
      </object_component>
      <object_component id="oc-137">
         <name>.debug_info</name>
         <load_address>0xce01</load_address>
         <run_address>0xce01</run_address>
         <size>0x222</size>
         <input_file_ref idref="fl-e5"/>
      </object_component>
      <object_component id="oc-1ab">
         <name>.debug_info</name>
         <load_address>0xd023</load_address>
         <run_address>0xd023</run_address>
         <size>0x1cc</size>
         <input_file_ref idref="fl-e5"/>
      </object_component>
      <object_component id="oc-dc">
         <name>.debug_info</name>
         <load_address>0xd1ef</load_address>
         <run_address>0xd1ef</run_address>
         <size>0x28f</size>
         <input_file_ref idref="fl-e5"/>
      </object_component>
      <object_component id="oc-199">
         <name>.debug_info</name>
         <load_address>0xd47e</load_address>
         <run_address>0xd47e</run_address>
         <size>0x1cb</size>
         <input_file_ref idref="fl-e5"/>
      </object_component>
      <object_component id="oc-19f">
         <name>.debug_info</name>
         <load_address>0xd649</load_address>
         <run_address>0xd649</run_address>
         <size>0x1e0</size>
         <input_file_ref idref="fl-e5"/>
      </object_component>
      <object_component id="oc-13d">
         <name>.debug_info</name>
         <load_address>0xd829</load_address>
         <run_address>0xd829</run_address>
         <size>0x268</size>
         <input_file_ref idref="fl-e6"/>
      </object_component>
      <object_component id="oc-1eb">
         <name>.debug_info</name>
         <load_address>0xda91</load_address>
         <run_address>0xda91</run_address>
         <size>0x18a</size>
         <input_file_ref idref="fl-e6"/>
      </object_component>
      <object_component id="oc-1e5">
         <name>.debug_info</name>
         <load_address>0xdc1b</load_address>
         <run_address>0xdc1b</run_address>
         <size>0x18c</size>
         <input_file_ref idref="fl-e6"/>
      </object_component>
      <object_component id="oc-148">
         <name>.debug_info</name>
         <load_address>0xdda7</load_address>
         <run_address>0xdda7</run_address>
         <size>0x196</size>
         <input_file_ref idref="fl-e6"/>
      </object_component>
      <object_component id="oc-14e">
         <name>.debug_info</name>
         <load_address>0xdf3d</load_address>
         <run_address>0xdf3d</run_address>
         <size>0x1a6</size>
         <input_file_ref idref="fl-e6"/>
      </object_component>
      <object_component id="oc-e7">
         <name>.debug_info</name>
         <load_address>0xe0e3</load_address>
         <run_address>0xe0e3</run_address>
         <size>0x190</size>
         <input_file_ref idref="fl-e6"/>
      </object_component>
      <object_component id="oc-ed">
         <name>.debug_info</name>
         <load_address>0xe273</load_address>
         <run_address>0xe273</run_address>
         <size>0x1b7</size>
         <input_file_ref idref="fl-e6"/>
      </object_component>
      <object_component id="oc-182">
         <name>.debug_info</name>
         <load_address>0xe42a</load_address>
         <run_address>0xe42a</run_address>
         <size>0x15a</size>
         <input_file_ref idref="fl-e8"/>
      </object_component>
      <object_component id="oc-3e2">
         <name>.debug_info</name>
         <load_address>0xe584</load_address>
         <run_address>0xe584</run_address>
         <size>0xc2</size>
      </object_component>
      <object_component id="oc-1c2">
         <name>.debug_line</name>
         <load_address>0x0</load_address>
         <run_address>0x0</run_address>
         <size>0x11d</size>
         <input_file_ref idref="fl-2"/>
      </object_component>
      <object_component id="oc-1c0">
         <name>.debug_line</name>
         <load_address>0x11d</load_address>
         <run_address>0x11d</run_address>
         <size>0x2d</size>
         <input_file_ref idref="fl-2"/>
      </object_component>
      <object_component id="oc-98">
         <name>.debug_line</name>
         <load_address>0x14a</load_address>
         <run_address>0x14a</run_address>
         <size>0xb3</size>
         <input_file_ref idref="fl-2"/>
      </object_component>
      <object_component id="oc-2d7">
         <name>.debug_line</name>
         <load_address>0x1fd</load_address>
         <run_address>0x1fd</run_address>
         <size>0x55</size>
         <input_file_ref idref="fl-2"/>
      </object_component>
      <object_component id="oc-38">
         <name>.debug_line</name>
         <load_address>0x252</load_address>
         <run_address>0x252</run_address>
         <size>0x20</size>
         <input_file_ref idref="fl-2"/>
      </object_component>
      <object_component id="oc-18b">
         <name>.debug_line</name>
         <load_address>0x272</load_address>
         <run_address>0x272</run_address>
         <size>0x53</size>
         <input_file_ref idref="fl-2"/>
      </object_component>
      <object_component id="oc-e4">
         <name>.debug_line</name>
         <load_address>0x2c5</load_address>
         <run_address>0x2c5</run_address>
         <size>0x48</size>
         <input_file_ref idref="fl-3"/>
      </object_component>
      <object_component id="oc-72">
         <name>.debug_line</name>
         <load_address>0x30d</load_address>
         <run_address>0x30d</run_address>
         <size>0x61</size>
         <input_file_ref idref="fl-4"/>
      </object_component>
      <object_component id="oc-2d">
         <name>.debug_line</name>
         <load_address>0x36e</load_address>
         <run_address>0x36e</run_address>
         <size>0x61</size>
         <input_file_ref idref="fl-4"/>
      </object_component>
      <object_component id="oc-2a">
         <name>.debug_line</name>
         <load_address>0x3cf</load_address>
         <run_address>0x3cf</run_address>
         <size>0xd9</size>
         <input_file_ref idref="fl-4"/>
      </object_component>
      <object_component id="oc-230">
         <name>.debug_line</name>
         <load_address>0x4a8</load_address>
         <run_address>0x4a8</run_address>
         <size>0x158</size>
         <input_file_ref idref="fl-5"/>
      </object_component>
      <object_component id="oc-22e">
         <name>.debug_line</name>
         <load_address>0x600</load_address>
         <run_address>0x600</run_address>
         <size>0x5d</size>
         <input_file_ref idref="fl-5"/>
      </object_component>
      <object_component id="oc-c4">
         <name>.debug_line</name>
         <load_address>0x65d</load_address>
         <run_address>0x65d</run_address>
         <size>0x1d7</size>
         <input_file_ref idref="fl-5"/>
      </object_component>
      <object_component id="oc-234">
         <name>.debug_line</name>
         <load_address>0x834</load_address>
         <run_address>0x834</run_address>
         <size>0x69</size>
         <input_file_ref idref="fl-5"/>
      </object_component>
      <object_component id="oc-17e">
         <name>.debug_line</name>
         <load_address>0x89d</load_address>
         <run_address>0x89d</run_address>
         <size>0x65</size>
         <input_file_ref idref="fl-5"/>
      </object_component>
      <object_component id="oc-239">
         <name>.debug_line</name>
         <load_address>0x902</load_address>
         <run_address>0x902</run_address>
         <size>0x6d</size>
         <input_file_ref idref="fl-5"/>
      </object_component>
      <object_component id="oc-179">
         <name>.debug_line</name>
         <load_address>0x96f</load_address>
         <run_address>0x96f</run_address>
         <size>0x65</size>
         <input_file_ref idref="fl-5"/>
      </object_component>
      <object_component id="oc-bf">
         <name>.debug_line</name>
         <load_address>0x9d4</load_address>
         <run_address>0x9d4</run_address>
         <size>0xa9</size>
         <input_file_ref idref="fl-c0"/>
      </object_component>
      <object_component id="oc-47">
         <name>.debug_line</name>
         <load_address>0xa7d</load_address>
         <run_address>0xa7d</run_address>
         <size>0x4f</size>
         <input_file_ref idref="fl-c0"/>
      </object_component>
      <object_component id="oc-85">
         <name>.debug_line</name>
         <load_address>0xacc</load_address>
         <run_address>0xacc</run_address>
         <size>0x34</size>
         <input_file_ref idref="fl-c0"/>
      </object_component>
      <object_component id="oc-bc">
         <name>.debug_line</name>
         <load_address>0xb00</load_address>
         <run_address>0xb00</run_address>
         <size>0x95</size>
         <input_file_ref idref="fl-c0"/>
      </object_component>
      <object_component id="oc-80">
         <name>.debug_line</name>
         <load_address>0xb95</load_address>
         <run_address>0xb95</run_address>
         <size>0x20</size>
         <input_file_ref idref="fl-c1"/>
      </object_component>
      <object_component id="oc-1d">
         <name>.debug_line</name>
[...]
         <length>0x19000</length>
         <used_space>0x920</used_space>
         <unused_space>0x186e0</unused_space>
         <attributes>RWX</attributes>
         <usage_details>
            <allocated_space>
               <start_address>0x20017000</start_address>
               <size>0x800</size>
               <logical_group_ref idref="lg-c"/>
            </allocated_space>
            <allocated_space>
               <start_address>0x20017800</start_address>
               <size>0x1c</size>
               <logical_group_ref idref="lg-a"/>
            </allocated_space>
            <allocated_space>
               <start_address>0x2001781c</start_address>
               <size>0x4</size>
               <logical_group_ref idref="lg-b"/>
            </allocated_space>
            <available_space>
               <start_address>0x20017820</start_address>
               <size>0x186e0</size>
            </available_space>
            <allocated_space>
               <start_address>0x2002ff00</start_address>
               <size>0x100</size>
               <logical_group_ref idref="lg-d"/>
            </allocated_space>
         </usage_details>
      </memory_area>
   </placement_map>
   <cptbl_list>
      <cptbl>
         <name>__TI_cinit_table</name>
         <cprec>
            <name>.data</name>
            <load_address>0x20007400</load_address>
            <load_size>0x1b</load_size>
            <run_address>0x20017800</run_address>
            <run_size>0x1c</run_size>
            <compression>lzss</compression>
         </cprec>
         <cprec>
            <name>.bss</name>
            <load_address>0x20007428</load_address>
            <load_size>0x8</load_size>
            <run_address>0x2001781c</run_address>
            <run_size>0x4</run_size>
            <compression>zero_init</compression>
         </cprec>
      </cptbl>
   </cptbl_list>
   <handler_table>
      <handler_table_name>__TI_handler_table</handler_table_name>
      <handler>
         <index>0x0</index>
         <name>__TI_decompress_lzss</name>
      </handler>
      <handler>
         <index>0x1</index>
         <name>__TI_decompress_none</name>
      </handler>
      <handler>
         <index>0x2</index>
         <name>__TI_zero_init</name>
      </handler>
   </handler_table>
   <symbol_table>
      <symbol id="sm-1">
         <name>__TI_CINIT_Base</name>
         <value>0x20007430</value>
      </symbol>
      <symbol id="sm-2">
         <name>__TI_CINIT_Limit</name>
         <value>0x20007440</value>
      </symbol>
      <symbol id="sm-3">
         <name>__TI_Handler_Table_Base</name>
         <value>0x2000741c</value>
      </symbol>
      <symbol id="sm-4">
         <name>__TI_Handler_Table_Limit</name>
         <value>0x20007428</value>
      </symbol>
      <symbol id="sm-5">
         <name>binit</name>
         <value>0xffffffff</value>
      </symbol>
      <symbol id="sm-6">
         <name>__binit__</name>
         <value>0xffffffff</value>
      </symbol>
      <symbol id="sm-7">
         <name>__STACK_SIZE</name>
         <value>0x100</value>
      </symbol>
      <symbol id="sm-8">
         <name>__STACK_END</name>
         <value>0x20030000</value>
      </symbol>
      <symbol id="sm-9">
         <name>__SYSMEM_SIZE</name>
         <value>0x800</value>
      </symbol>
      <symbol id="sm-a">
         <name>__c_args__</name>
         <value>0xffffffff</value>
      </symbol>
      <symbol id="sm-b">
         <name>__TI_pprof_out_hndl</name>
         <value>0xffffffff</value>
      </symbol>
      <symbol id="sm-c">
         <name>__TI_prof_data_start</name>
         <value>0xffffffff</value>
      </symbol>
      <symbol id="sm-d">
         <name>__TI_prof_data_size</name>
         <value>0xffffffff</value>
      </symbol>
      <symbol id="sm-5e">
         <name>main</name>
         <value>0x20004e8b</value>
         <object_component_ref idref="oc-94"/>
      </symbol>
      <symbol id="sm-5f">
         <name>g_iCounter</name>
         <value>0x20017814</value>
         <object_component_ref idref="oc-f2"/>
      </symbol>
      <symbol id="sm-69">
         <name>PinMuxConfig</name>
         <value>0x20006f6b</value>
         <object_component_ref idref="oc-e0"/>
      </symbol>
      <symbol id="sm-88">
         <name>ResetISR</name>
         <value>0x20007097</value>
         <object_component_ref idref="oc-26"/>
      </symbol>
      <symbol id="sm-89">
         <name>g_pfnVectors</name>
         <value>0x20004000</value>
         <object_component_ref idref="oc-f"/>
      </symbol>
      <symbol id="sm-da">
         <name>GetCmd</name>
         <value>0x200051fb</value>
         <object_component_ref idref="oc-c2"/>
      </symbol>
      <symbol id="sm-db">
         <name>Message</name>
         <value>0x20005197</value>
         <object_component_ref idref="oc-c2"/>
      </symbol>
      <symbol id="sm-dc">
         <name>Report</name>
         <value>0x20005339</value>
         <object_component_ref idref="oc-c2"/>
      </symbol>
      <symbol id="sm-dd">
         <name>Error</name>
         <value>0x200051c3</value>
         <object_component_ref idref="oc-c2"/>
      </symbol>
      <symbol id="sm-de">
         <name>InitTerm</name>
         <value>0x20005179</value>
         <object_component_ref idref="oc-c2"/>
      </symbol>
      <symbol id="sm-df">
         <name>ClearTerm</name>
         <value>0x200051b9</value>
         <object_component_ref idref="oc-c2"/>
      </symbol>
      <symbol id="sm-e0">
         <name>TrimSpace</name>
         <value>0x200052a1</value>
         <object_component_ref idref="oc-c2"/>
      </symbol>
      <symbol id="sm-f9">
         <name>__TI_zero_init_nomemset</name>
         <value>0x20007065</value>
         <object_component_ref idref="oc-46"/>
      </symbol>
      <symbol id="sm-110">
         <name>__TI_decompress_none</name>
         <value>0x20007089</value>
         <object_component_ref idref="oc-18"/>
      </symbol>
      <symbol id="sm-133">
         <name>__TI_decompress_lzss</name>
         <value>0x20006939</value>
         <object_component_ref idref="oc-12"/>
      </symbol>
      <symbol id="sm-145">
         <name>__stack</name>
         <value>0x2002ff00</value>
         <object_component_ref idref="oc-20"/>
      </symbol>
      <symbol id="sm-146">
         <name>_c_int00_noargs</name>
         <value>0x20006e7d</value>
         <object_component_ref idref="oc-58"/>
      </symbol>
      <symbol id="sm-151">
         <name>C$$EXIT</name>
         <value>0x200070cb</value>
         <object_component_ref idref="oc-f7"/>
      </symbol>
      <symbol id="sm-152">
         <name>abort</name>
         <value>0x200070cb</value>
         <object_component_ref idref="oc-f7"/>
      </symbol>
      <symbol id="sm-1e8">
         <name>_sys_memory</name>
         <value>0x20017000</value>
         <object_component_ref idref="oc-23"/>
      </symbol>
      <symbol id="sm-1e9">
         <name>free</name>
         <value>0x20006101</value>
         <object_component_ref idref="oc-16b"/>
      </symbol>
      <symbol id="sm-1ea">
         <name>realloc</name>
         <value>0x20005ef1</value>
         <object_component_ref idref="oc-165"/>
      </symbol>
      <symbol id="sm-1eb">
         <name>malloc</name>
         <value>0x200067dd</value>
         <object_component_ref idref="oc-15f"/>
      </symbol>
      <symbol id="sm-1ec">
         <name>minit</name>
         <value>0x20006d61</value>
         <object_component_ref idref="oc-215"/>
      </symbol>
      <symbol id="sm-201">
         <name>_nop</name>
         <value>0x20004e4b</value>
         <object_component_ref idref="oc-259"/>
      </symbol>
      <symbol id="sm-202">
         <name>_lock</name>
         <value>0x2001780c</value>
         <object_component_ref idref="oc-1c7"/>
      </symbol>
      <symbol id="sm-203">
         <name>_unlock</name>
         <value>0x20017810</value>
         <object_component_ref idref="oc-1c7"/>
      </symbol>
      <symbol id="sm-214">
         <name>memmove</name>
         <value>0x20006ef1</value>
         <object_component_ref idref="oc-159"/>
      </symbol>
      <symbol id="sm-222">
         <name>strlen</name>
         <value>0x20007051</value>
         <object_component_ref idref="oc-153"/>
      </symbol>
      <symbol id="sm-251">
         <name>vsnprintf</name>
         <value>0x20006c69</value>
         <object_component_ref idref="oc-141"/>
      </symbol>
      <symbol id="sm-26c">
         <name>memcpy</name>
         <value>0x20006405</value>
         <object_component_ref idref="oc-3a"/>
      </symbol>
      <symbol id="sm-26d">
         <name>__aeabi_memcpy</name>
         <value>0x20006405</value>
         <object_component_ref idref="oc-3a"/>
      </symbol>
      <symbol id="sm-26e">
         <name>__aeabi_memcpy8</name>
         <value>0x20006405</value>
         <object_component_ref idref="oc-3a"/>
      </symbol>
      <symbol id="sm-26f">
         <name>__aeabi_memcpy4</name>
         <value>0x20006405</value>
         <object_component_ref idref="oc-3a"/>
      </symbol>
      <symbol id="sm-27e">
         <name>__aeabi_memset</name>
         <value>0x20006763</value>
         <object_component_ref idref="oc-88"/>
      </symbol>
      <symbol id="sm-27f">
         <name>memset</name>
         <value>0x20006769</value>
         <object_component_ref idref="oc-88"/>
      </symbol>
      <symbol id="sm-280">
         <name>__aeabi_memset8</name>
         <value>0x20006763</value>
         <object_component_ref idref="oc-88"/>
      </symbol>
      <symbol id="sm-281">
         <name>__aeabi_memset4</name>
         <value>0x20006763</value>
         <object_component_ref idref="oc-88"/>
      </symbol>
      <symbol id="sm-282">
         <name>__aeabi_memclr8</name>
         <value>0x20006761</value>
         <object_component_ref idref="oc-88"/>
      </symbol>
      <symbol id="sm-283">
         <name>__aeabi_memclr4</name>
         <value>0x20006761</value>
         <object_component_ref idref="oc-88"/>
      </symbol>
      <symbol id="sm-284">
         <name>__aeabi_memclr</name>
         <value>0x20006761</value>
         <object_component_ref idref="oc-88"/>
      </symbol>
      <symbol id="sm-2ac">
         <name>__TI_auto_init_nobinit_nopinit</name>
         <value>0x20006be5</value>
         <object_component_ref idref="oc-103"/>
      </symbol>
      <symbol id="sm-2b6">
         <name>_system_pre_init</name>
         <value>0x200070c7</value>
         <object_component_ref idref="oc-8e"/>
      </symbol>
      <symbol id="sm-41c">
         <name>__TI_printfi</name>
         <value>0x20004401</value>
         <object_component_ref idref="oc-1f1"/>
      </symbol>
      <symbol id="sm-432">
         <name>atoi</name>
         <value>0x20006b51</value>
         <object_component_ref idref="oc-27a"/>
      </symbol>
      <symbol id="sm-43d">
         <name>_ctypes_</name>
         <value>0x200070d0</value>
         <object_component_ref idref="oc-2ed"/>
      </symbol>
      <symbol id="sm-44c">
         <name>ltoa</name>
         <value>0x20006aab</value>
         <object_component_ref idref="oc-30d"/>
      </symbol>
      <symbol id="sm-45c">
         <name>memccpy</name>
         <value>0x20006f4f</value>
         <object_component_ref idref="oc-2a3"/>
      </symbol>
      <symbol id="sm-46c">
         <name>strchr</name>
         <value>0x20007013</value>
         <object_component_ref idref="oc-344"/>
      </symbol>
      <symbol id="sm-485">
         <name>wcslen</name>
         <value>0x20007077</value>
         <object_component_ref idref="oc-2a9"/>
      </symbol>
      <symbol id="sm-4a5">
         <name>frexpl</name>
         <value>0x200069a1</value>
         <object_component_ref idref="oc-338"/>
      </symbol>
      <symbol id="sm-4a6">
         <name>frexp</name>
         <value>0x200069a1</value>
         <object_component_ref idref="oc-338"/>
      </symbol>
      <symbol id="sm-4c4">
         <name>scalbn</name>
         <value>0x200061d9</value>
         <object_component_ref idref="oc-33e"/>
      </symbol>
      <symbol id="sm-4c5">
         <name>scalbnl</name>
         <value>0x200061d9</value>
         <object_component_ref idref="oc-33e"/>
      </symbol>
      <symbol id="sm-4c6">
         <name>ldexpl</name>
         <value>0x200061d9</value>
         <object_component_ref idref="oc-33e"/>
      </symbol>
      <symbol id="sm-4c7">
         <name>ldexp</name>
         <value>0x200061d9</value>
         <object_component_ref idref="oc-33e"/>
      </symbol>
      <symbol id="sm-4de">
         <name>__aeabi_dsub</name>
         <value>0x2000582d</value>
         <object_component_ref idref="oc-318"/>
      </symbol>
      <symbol id="sm-4df">
         <name>__aeabi_dadd</name>
         <value>0x20005837</value>
         <object_component_ref idref="oc-318"/>
      </symbol>
      <symbol id="sm-501">
         <name>__aeabi_cdcmpeq</name>
         <value>0x20006655</value>
         <object_component_ref idref="oc-286"/>
      </symbol>
      <symbol id="sm-502">
         <name>__aeabi_cdcmple</name>
         <value>0x20006655</value>
         <object_component_ref idref="oc-286"/>
      </symbol>
      <symbol id="sm-503">
         <name>__aeabi_cdrcmple</name>
         <value>0x200066db</value>
         <object_component_ref idref="oc-303"/>
      </symbol>
      <symbol id="sm-517">
         <name>__aeabi_ddiv</name>
         <value>0x20005c99</value>
         <object_component_ref idref="oc-2fe"/>
      </symbol>
      <symbol id="sm-522">
         <name>__aeabi_dmul</name>
         <value>0x20006005</value>
         <object_component_ref idref="oc-2f9"/>
      </symbol>
      <symbol id="sm-52c">
         <name>__aeabi_d2iz</name>
         <value>0x20006b9d</value>
         <object_component_ref idref="oc-308"/>
      </symbol>
      <symbol id="sm-536">
         <name>__aeabi_i2d</name>
         <value>0x20006df9</value>
         <object_component_ref idref="oc-313"/>
      </symbol>
      <symbol id="sm-543">
         <name>__aeabi_uldivmod</name>
         <value>0x200064a1</value>
         <object_component_ref idref="oc-2f2"/>
      </symbol>
      <symbol id="sm-559">
         <name>__aeabi_errno_addr</name>
         <value>0x200070b1</value>
         <object_component_ref idref="oc-2af"/>
      </symbol>
      <symbol id="sm-55a">
         <name>errno</name>
         <value>0x20017818</value>
         <object_component_ref idref="oc-354"/>
      </symbol>
      <symbol id="sm-564">
         <name>copysign</name>
         <value>0x200070b9</value>
         <object_component_ref idref="oc-386"/>
      </symbol>
      <symbol id="sm-565">
         <name>copysignl</name>
         <value>0x200070b9</value>
         <object_component_ref idref="oc-386"/>
      </symbol>
      <symbol id="sm-56f">
         <name>__aeabi_idiv0</name>
         <value>0x200059e3</value>
         <object_component_ref idref="oc-36d"/>
      </symbol>
      <symbol id="sm-570">
         <name>__aeabi_ldiv0</name>
         <value>0x200059e3</value>
         <object_component_ref idref="oc-36d"/>
      </symbol>
      <symbol id="sm-5a7">
         <name>IntVTableBaseSet</name>
         <value>0x2000703d</value>
         <object_component_ref idref="oc-c8"/>
      </symbol>
      <symbol id="sm-5a8">
         <name>IntEnable</name>
         <value>0x2000635d</value>
         <object_component_ref idref="oc-d4"/>
      </symbol>
      <symbol id="sm-5a9">
         <name>IntMasterEnable</name>
         <value>0x200070a5</value>
         <object_component_ref idref="oc-ce"/>
      </symbol>
      <symbol id="sm-5d6">
         <name>PinTypeUART</name>
         <value>0x20006f87</value>
         <object_component_ref idref="oc-1b6"/>
      </symbol>
      <symbol id="sm-5d7">
         <name>PinConfigSet</name>
         <value>0x200065cd</value>
         <object_component_ref idref="oc-250"/>
      </symbol>
      <symbol id="sm-5d8">
         <name>PinModeSet</name>
         <value>0x20006c29</value>
         <object_component_ref idref="oc-24a"/>
      </symbol>
      <symbol id="sm-65e">
         <name>PRCMPeripheralReset</name>
         <value>0x200069fd</value>
         <object_component_ref idref="oc-1a9"/>
      </symbol>
      <symbol id="sm-65f">
         <name>PRCMPeripheralClkEnable</name>
         <value>0x20006ce9</value>
         <object_component_ref idref="oc-1a3"/>
      </symbol>
      <symbol id="sm-660">
         <name>PRCMPeripheralClockGet</name>
         <value>0x20006539</value>
         <object_component_ref idref="oc-135"/>
      </symbol>
      <symbol id="sm-661">
         <name>PRCMCC3200MCUInit</name>
         <value>0x200059e5</value>
         <object_component_ref idref="oc-da"/>
      </symbol>
      <symbol id="sm-662">
         <name>PRCMHIBRegWrite</name>
         <value>0x20006fe7</value>
         <object_component_ref idref="oc-19d"/>
      </symbol>
      <symbol id="sm-663">
         <name>PRCMSysResetCauseGet</name>
         <value>0x20006e29</value>
         <object_component_ref idref="oc-191"/>
      </symbol>
      <symbol id="sm-664">
         <name>PRCMPeripheralClkDisable</name>
         <value>0x20006e55</value>
         <object_component_ref idref="oc-1af"/>
      </symbol>
      <symbol id="sm-665">
         <name>PRCMHIBRegRead</name>
         <value>0x20006fd1</value>
         <object_component_ref idref="oc-197"/>
      </symbol>
      <symbol id="sm-6aa">
         <name>UARTConfigSetExpClk</name>
         <value>0x20006855</value>
         <object_component_ref idref="oc-13b"/>
      </symbol>
      <symbol id="sm-6ab">
         <name>UARTDisable</name>
         <value>0x20006d99</value>
         <object_component_ref idref="oc-1e4"/>
      </symbol>
      <symbol id="sm-6ac">
         <name>UARTCharsAvail</name>
         <value>0x20006fa1</value>
         <object_component_ref idref="oc-147"/>
      </symbol>
      <symbol id="sm-6ad">
         <name>UARTCharGetNonBlocking</name>
         <value>0x20006f33</value>
         <object_component_ref idref="oc-14d"/>
      </symbol>
      <symbol id="sm-6ae">
         <name>UARTCharPut</name>
         <value>0x20006f15</value>
         <object_component_ref idref="oc-ec"/>
      </symbol>
      <symbol id="sm-6af">
         <name>UARTEnable</name>
         <value>0x20006ecd</value>
         <object_component_ref idref="oc-1ea"/>
      </symbol>
      <symbol id="sm-6b0">
         <name>UARTCharGet</name>
         <value>0x20006ffd</value>
         <object_component_ref idref="oc-e6"/>
      </symbol>
      <symbol id="sm-6b4">
         <name>UtilsDelay</name>
         <value>0x200070c1</value>
         <object_component_ref idref="oc-240"/>
      </symbol>
      <symbol id="sm-6be">
         <name>CPUcpsie</name>
         <value>0x20007029</value>
         <object_component_ref idref="oc-181"/>
      </symbol>
      <symbol id="sm-6c0">
         <name>__TI_static_base__</name>
         <value>0x20007400</value>
      </symbol>
      <symbol id="sm-6c3">
         <name>__mpu_init</name>
         <value>0x0</value>
      </symbol>
      <symbol id="sm-6c4">
         <name>_system_post_cinit</name>
         <value>0x0</value>
      </symbol>
   </symbol_table>
   <title>Link successful</title>
</link_info>
